9.5389 	DEBUG 	Fullscreen settings ignored as running in pilot mode.
9.5462 	INFO 	Loaded monitor calibration from ['2025_10_18 11:37']
9.8329 	EXP 	Created window1 = Window(allowGUI=False, allowStencil=False, autoLog=True, backendConf=UNKNOWN, backgroundFit=<method-wrapper '__getattribute__' of attributeSetter object at 0x7fec72d7bd60>, backgroundImage=<method-wrapper '__getattribute__' of attributeSetter object at 0x7fec72d7bc70>, bitsMode=UNKNOWN, blendMode='avg', bpc=(8, 8, 8), color=array([0, 0, 0]), colorSpace='rgb', depthBits=8, fullscr=False, gamma=None, gammaErrorPolicy='raise', infoMsg=UNKNOWN, lms=UNKNOWN, monitor=<psychopy.monitors.calibTools.Monitor object at 0x7fec524867c0>, multiSample=False, name='window1', numSamples=2, pos=[112.0, 20.0], screen=0, size=array([1600, 1200]), stencilBits=0, stereo=False, title='PsychoPy', units='height', useFBO=True, useRetina=True, viewOri=0.0, viewPos=None, viewScale=None, waitBlanking=True, winType='pyglet')
9.8330 	EXP 	window1: backgroundImage = ''
9.8330 	EXP 	window1: backgroundFit = 'none'
9.8488 	DEBUG 	TextBox2 loaded 1 chars with 0 blanks and 1 valid
9.8498 	DEBUG 	TextBox2 loaded 1 chars with 0 blanks and 1 valid
9.8505 	DEBUG 	TextBox2 loaded 1 chars with 0 blanks and 1 valid
9.8514 	DEBUG 	TextBox2 loaded 1 chars with 0 blanks and 1 valid
9.8523 	DEBUG 	TextBox2 loaded 1 chars with 0 blanks and 1 valid
9.8528 	DEBUG 	TextBox2 loaded 1 chars with 0 blanks and 1 valid
9.8534 	DEBUG 	TextBox2 loaded 1 chars with 0 blanks and 1 valid
9.8544 	DEBUG 	TextBox2 loaded 1 chars with 0 blanks and 1 valid
9.8548 	DEBUG 	TextBox2 loaded 1 chars with 0 blanks and 1 valid
9.8551 	DEBUG 	TextBox2 loaded 1 chars with 0 blanks and 1 valid
9.8557 	DEBUG 	TextBox2 loaded 1 chars with 0 blanks and 1 valid
9.8564 	DEBUG 	TextBox2 loaded 1 chars with 0 blanks and 1 valid
9.8571 	DEBUG 	TextBox2 loaded 1 chars with 0 blanks and 1 valid
9.8578 	DEBUG 	TextBox2 loaded 1 chars with 0 blanks and 1 valid
9.8583 	DEBUG 	TextBox2 loaded 1 chars with 0 blanks and 1 valid
9.8590 	DEBUG 	TextBox2 loaded 1 chars with 0 blanks and 1 valid
9.8597 	DEBUG 	TextBox2 loaded 1 chars with 0 blanks and 1 valid
9.8600 	DEBUG 	TextBox2 loaded 1 chars with 0 blanks and 1 valid
9.8604 	DEBUG 	TextBox2 loaded 1 chars with 0 blanks and 1 valid
9.8614 	DEBUG 	TextBox2 loaded 1 chars with 0 blanks and 1 valid
9.8618 	DEBUG 	TextBox2 loaded 1 chars with 0 blanks and 1 valid
9.8620 	DEBUG 	Uploading Texture Font fontname to graphics card
9.8661 	DEBUG 	Upload of Texture Font fontname complete
9.8720 	DEBUG 	TextBox2 loaded 1 chars with 0 blanks and 1 valid
9.8730 	DEBUG 	TextBox2 loaded 1 chars with 0 blanks and 1 valid
9.8739 	DEBUG 	TextBox2 loaded 1 chars with 0 blanks and 1 valid
9.8741 	DEBUG 	Uploading Texture Font fontname to graphics card
9.8762 	DEBUG 	Upload of Texture Font fontname complete
9.8780 	EXP 	window1: Attempting to measure frame rate of screen (0) ...
9.8780 	EXP 	window1: recordFrameIntervals = False
10.1260 	EXP 	window1: recordFrameIntervals = True
10.5874 	WARNING 	t of last frame was 25.19ms (=1/39)
10.9644 	WARNING 	Couldn't measure a consistent frame rate!
  - Is your graphics card set to sync to vertical blank?
  - Are you running other processes on your computer?

10.9753 	DEBUG 	TextBox2 loaded 1 chars with 0 blanks and 1 valid
10.9765 	DEBUG 	TextBox2 loaded 1 chars with 0 blanks and 1 valid
10.9784 	DEBUG 	TextBox2 loaded 1 chars with 0 blanks and 1 valid
10.9806 	DEBUG 	TextBox2 loaded 1 chars with 0 blanks and 1 valid
10.9825 	DEBUG 	TextBox2 loaded 1 chars with 0 blanks and 1 valid
10.9845 	DEBUG 	TextBox2 loaded 1 chars with 0 blanks and 1 valid
10.9856 	DEBUG 	TextBox2 loaded 1 chars with 0 blanks and 1 valid
10.9874 	DEBUG 	TextBox2 loaded 1 chars with 0 blanks and 1 valid
10.9893 	DEBUG 	TextBox2 loaded 1 chars with 0 blanks and 1 valid
10.9912 	DEBUG 	TextBox2 loaded 1 chars with 0 blanks and 1 valid
10.9917 	DEBUG 	Uploading Texture Font fontname to graphics card
10.9961 	DEBUG 	Upload of Texture Font fontname complete
11.0230 	WARNING 	launchHubServer: If using the iohub mouse or eyetracker devices, fullScr should be True.
14.9064 	INFO 	keyboard.Keyboard is using iohub backend.
14.9064 	INFO 	keyboard.Keyboard is using iohub backend.
14.9064 	INFO 	keyboard.Keyboard is using iohub backend.
14.9065 	INFO 	keyboard.Keyboard is using iohub backend.
14.9065 	INFO 	keyboard.Keyboard is using iohub backend.
14.9065 	INFO 	keyboard.Keyboard is using iohub backend.
14.9065 	INFO 	keyboard.Keyboard is using iohub backend.
14.9065 	INFO 	keyboard.Keyboard is using iohub backend.
14.9065 	INFO 	keyboard.Keyboard is using iohub backend.
14.9066 	INFO 	keyboard.Keyboard is using iohub backend.
14.9066 	INFO 	keyboard.Keyboard is using iohub backend.
14.9066 	EXP 	tilt_mocs: status = STARTED
14.9588 	EXP 	Created text_5 = TextStim(__class__=<class 'psychopy.visual.text.TextStim'>, alignHoriz=method-wrapper(...), alignText='center', alignVert=method-wrapper(...), anchorHoriz='center', anchorVert='center', antialias=True, autoDraw=False, autoLog=True, bold=False, color=array([1., 1., 1.]), colorSpace='rgb', contrast=1.0, depth=-1.0, draggable=False, flipHoriz=False, flipVert=False, font='Arial', fontFiles=[], height=0.05, italic=False, languageStyle='LTR', name='text_5', opacity=1, ori=0.0, pos=array([0., 0.]), rgb=UNKNOWN, text=str(...), units='height', win=Window(...), wrapWidth=1)
14.9610 	EXP 	Created surround_practice_example = GratingStim(__class__=<class 'psychopy.visual.grating.GratingStim'>, anchor='center', autoDraw=False, autoLog=True, blendmode='avg', color=array([0.2, 0.2, 0.2]), colorSpace='rgb', contrast=0.2, depth=-1.0, draggable=False, interpolate=True, mask='circle', maskParams=None, name='surround_practice_example', opacity=1, ori=1.0, phase=array([1., 1.]), pos=array([0., 0.]), rgbPedestal=array([0., 0., 0.]), sf=array([1., 1.]), size=array([1., 1.]), tex='sin', texRes=128.0, units='cm', win=Window(...))
14.9624 	EXP 	Created center_practice_example = GratingStim(__class__=<class 'psychopy.visual.grating.GratingStim'>, anchor='center', autoDraw=False, autoLog=True, blendmode='avg', color=array([1., 1., 1.]), colorSpace='rgb', contrast=1.0, depth=-2.0, draggable=False, interpolate=True, mask='circle', maskParams=None, name='center_practice_example', opacity=1, ori=1.0, phase=array([1., 1.]), pos=array([0., 0.]), rgbPedestal=array([0., 0., 0.]), sf=array([1., 1.]), size=array([1., 1.]), tex='sin', texRes=128.0, units='cm', win=Window(...))
14.9658 	EXP 	Created text_15 = TextStim(__class__=<class 'psychopy.visual.text.TextStim'>, alignHoriz=method-wrapper(...), alignText='center', alignVert=method-wrapper(...), anchorHoriz='center', anchorVert='center', antialias=True, autoDraw=False, autoLog=True, bold=False, color=array([1., 1., 1.]), colorSpace='rgb', contrast=1.0, depth=-3.0, draggable=False, flipHoriz=False, flipVert=False, font='Arial', fontFiles=[], height=0.05, italic=False, languageStyle='LTR', name='text_15', opacity=1, ori=0.0, pos=array([ 0. , -0.4]), rgb=UNKNOWN, text=str(...), units='height', win=Window(...), wrapWidth=1)
14.9719 	EXP 	Created text_6 = TextStim(__class__=<class 'psychopy.visual.text.TextStim'>, alignHoriz=method-wrapper(...), alignText='center', alignVert=method-wrapper(...), anchorHoriz='center', anchorVert='center', antialias=True, autoDraw=False, autoLog=True, bold=False, color=array([1., 1., 1.]), colorSpace='rgb', contrast=1.0, depth=0.0, draggable=False, flipHoriz=False, flipVert=False, font='Arial', fontFiles=[], height=0.05, italic=False, languageStyle='LTR', name='text_6', opacity=1, ori=0.0, pos=array([0., 0.]), rgb=UNKNOWN, text=str(...), units='height', win=Window(...), wrapWidth=1)
14.9736 	EXP 	Created surround_practice = GratingStim(__class__=<class 'psychopy.visual.grating.GratingStim'>, anchor='center', autoDraw=False, autoLog=True, blendmode='avg', color=array([0.2, 0.2, 0.2]), colorSpace='rgb', contrast=0.2, depth=-1.0, draggable=False, interpolate=True, mask='circle', maskParams=None, name='surround_practice', opacity=1, ori=1.0, phase=array([1., 1.]), pos=array([0., 0.]), rgbPedestal=array([0., 0., 0.]), sf=array([1., 1.]), size=array([1., 1.]), tex='sin', texRes=128.0, units='cm', win=Window(...))
14.9750 	EXP 	Created center_practice = GratingStim(__class__=<class 'psychopy.visual.grating.GratingStim'>, anchor='center', autoDraw=False, autoLog=True, blendmode='avg', color=array([1., 1., 1.]), colorSpace='rgb', contrast=1.0, depth=-2.0, draggable=False, interpolate=True, mask='circle', maskParams=None, name='center_practice', opacity=1, ori=1.0, phase=array([1., 1.]), pos=array([0., 0.]), rgbPedestal=array([0., 0., 0.]), sf=array([1., 1.]), size=array([1., 1.]), tex='sin', texRes=128.0, units='cm', win=Window(...))
14.9785 	EXP 	Created text_11 = TextStim(__class__=<class 'psychopy.visual.text.TextStim'>, alignHoriz=method-wrapper(...), alignText='center', alignVert=method-wrapper(...), anchorHoriz='center', anchorVert='center', antialias=True, autoDraw=False, autoLog=True, bold=False, color=array([1., 1., 1.]), colorSpace='rgb', contrast=1.0, depth=-4.0, draggable=False, flipHoriz=False, flipVert=False, font='Arial', fontFiles=[], height=0.05, italic=False, languageStyle='LTR', name='text_11', opacity=1, ori=0.0, pos=array([0., 0.]), rgb=UNKNOWN, text=str(...), units='height', win=Window(...), wrapWidth=1)
14.9790 	EXP 	Created text_7 = TextStim(__class__=<class 'psychopy.visual.text.TextStim'>, alignHoriz=method-wrapper(...), alignText='center', alignVert=method-wrapper(...), anchorHoriz='center', anchorVert='center', antialias=True, autoDraw=False, autoLog=True, bold=False, color=array([1., 1., 1.]), colorSpace='rgb', contrast=1.0, depth=-1.0, draggable=False, flipHoriz=False, flipVert=False, font='Arial', fontFiles=[], height=0.05, italic=False, languageStyle='LTR', name='text_7', opacity=1, ori=0.0, pos=array([0., 0.]), rgb=UNKNOWN, text='', units='height', win=Window(...), wrapWidth=1)
14.9854 	EXP 	Created text_8 = TextStim(__class__=<class 'psychopy.visual.text.TextStim'>, alignHoriz=method-wrapper(...), alignText='center', alignVert=method-wrapper(...), anchorHoriz='center', anchorVert='center', antialias=True, autoDraw=False, autoLog=True, bold=False, color=array([1., 1., 1.]), colorSpace='rgb', contrast=1.0, depth=0.0, draggable=False, flipHoriz=False, flipVert=False, font='Arial', fontFiles=[], height=0.05, italic=False, languageStyle='LTR', name='text_8', opacity=1, ori=0.0, pos=array([0., 0.]), rgb=UNKNOWN, text=str(...), units='height', win=Window(...), wrapWidth=1)
14.9868 	EXP 	Created surround_practice_2 = GratingStim(__class__=<class 'psychopy.visual.grating.GratingStim'>, anchor='center', autoDraw=False, autoLog=True, blendmode='avg', color=array([0.2, 0.2, 0.2]), colorSpace='rgb', contrast=0.2, depth=0.0, draggable=False, interpolate=True, mask='circle', maskParams=None, name='surround_practice_2', opacity=1.0, ori=1.0, phase=array([0., 0.]), pos=array([0., 0.]), rgbPedestal=array([0., 0., 0.]), sf=array([1., 1.]), size=array([1., 1.]), tex='sin', texRes=128.0, units='cm', win=Window(...))
14.9882 	EXP 	Created center_practice_2 = GratingStim(__class__=<class 'psychopy.visual.grating.GratingStim'>, anchor='center', autoDraw=False, autoLog=True, blendmode='avg', color=array([0.2, 0.2, 0.2]), colorSpace='rgb', contrast=0.2, depth=-1.0, draggable=False, interpolate=True, mask='circle', maskParams=None, name='center_practice_2', opacity=1, ori=1.0, phase=array([0., 0.]), pos=array([0., 0.]), rgbPedestal=array([0., 0., 0.]), sf=array([1., 1.]), size=array([2., 2.]), tex='sin', texRes=128.0, units='cm', win=Window(...))
14.9906 	EXP 	Created text_12 = TextStim(__class__=<class 'psychopy.visual.text.TextStim'>, alignHoriz=method-wrapper(...), alignText='center', alignVert=method-wrapper(...), anchorHoriz='center', anchorVert='center', antialias=True, autoDraw=False, autoLog=True, bold=False, color=array([1., 1., 1.]), colorSpace='rgb', contrast=1.0, depth=-3.0, draggable=False, flipHoriz=False, flipVert=False, font='Arial', fontFiles=[], height=0.05, italic=False, languageStyle='LTR', name='text_12', opacity=1, ori=0.0, pos=array([0., 0.]), rgb=UNKNOWN, text=str(...), units='height', win=Window(...), wrapWidth=1)
14.9911 	EXP 	Created text_7 = TextStim(__class__=<class 'psychopy.visual.text.TextStim'>, alignHoriz=method-wrapper(...), alignText='center', alignVert=method-wrapper(...), anchorHoriz='center', anchorVert='center', antialias=True, autoDraw=False, autoLog=True, bold=False, color=array([1., 1., 1.]), colorSpace='rgb', contrast=1.0, depth=-1.0, draggable=False, flipHoriz=False, flipVert=False, font='Arial', fontFiles=[], height=0.05, italic=False, languageStyle='LTR', name='text_7', opacity=1, ori=0.0, pos=array([0., 0.]), rgb=UNKNOWN, text='', units='height', win=Window(...), wrapWidth=1)
15.0029 	EXP 	Created text_13 = TextStim(__class__=<class 'psychopy.visual.text.TextStim'>, alignHoriz=method-wrapper(...), alignText='center', alignVert=method-wrapper(...), anchorHoriz='center', anchorVert='center', antialias=True, autoDraw=False, autoLog=True, bold=False, color=array([1., 1., 1.]), colorSpace='rgb', contrast=1.0, depth=0.0, draggable=False, flipHoriz=False, flipVert=False, font='Arial', fontFiles=[], height=0.05, italic=False, languageStyle='LTR', name='text_13', opacity=1, ori=0.0, pos=array([0., 0.]), rgb=UNKNOWN, text=str(...), units='height', win=Window(...), wrapWidth=1)
15.0044 	EXP 	Created surround_grating = GratingStim(__class__=<class 'psychopy.visual.grating.GratingStim'>, anchor='center', autoDraw=False, autoLog=True, blendmode='avg', color=array([0.2, 0.2, 0.2]), colorSpace='rgb', contrast=0.2, depth=-1.0, draggable=False, interpolate=True, mask='circle', maskParams=None, name='surround_grating', opacity=1.0, ori=1.0, phase=array([1., 1.]), pos=array([0., 0.]), rgbPedestal=array([0., 0., 0.]), sf=array([1., 1.]), size=array([1., 1.]), tex='sin', texRes=128.0, units='cm', win=Window(...))
15.0057 	EXP 	Created center_grating = GratingStim(__class__=<class 'psychopy.visual.grating.GratingStim'>, anchor='center', autoDraw=False, autoLog=True, blendmode='avg', color=array([0.2, 0.2, 0.2]), colorSpace='rgb', contrast=0.2, depth=-2.0, draggable=False, interpolate=True, mask='circle', maskParams=None, name='center_grating', opacity=1, ori=1.0, phase=array([1., 1.]), pos=array([0., 0.]), rgbPedestal=array([0., 0., 0.]), sf=array([1., 1.]), size=array([1., 1.]), tex='sin', texRes=128.0, units='cm', win=Window(...))
15.0105 	EXP 	Created text_2 = TextStim(__class__=<class 'psychopy.visual.text.TextStim'>, alignHoriz=method-wrapper(...), alignText='center', alignVert=method-wrapper(...), anchorHoriz='center', anchorVert='center', antialias=True, autoDraw=False, autoLog=True, bold=False, color=array([1., 1., 1.]), colorSpace='rgb', contrast=1.0, depth=0.0, draggable=False, flipHoriz=False, flipVert=False, font='Arial', fontFiles=[], height=0.05, italic=False, languageStyle='LTR', name='text_2', opacity=1, ori=0.0, pos=array([0., 0.]), rgb=UNKNOWN, text=str(...), units='height', win=Window(...), wrapWidth=1)
15.0128 	EXP 	Created text_14 = TextStim(__class__=<class 'psychopy.visual.text.TextStim'>, alignHoriz=method-wrapper(...), alignText='center', alignVert=method-wrapper(...), anchorHoriz='center', anchorVert='center', antialias=True, autoDraw=False, autoLog=True, bold=False, color=array([1., 1., 1.]), colorSpace='rgb', contrast=1.0, depth=0.0, draggable=False, flipHoriz=False, flipVert=False, font='Arial', fontFiles=[], height=0.05, italic=False, languageStyle='LTR', name='text_14', opacity=1, ori=0.0, pos=array([0., 0.]), rgb=UNKNOWN, text='done!\n\nthank you and have a pleasant day ', units='height', win=Window(...), wrapWidth=1)
0.0321 	INFO 	Keyboard events cleared
0.0318 	EXP 	text_5: autoDraw = True
0.5406 	WARNING 	t of last frame was 22.33ms (=1/44)
1.7544 	DATA 	Keypress: space
1.7582 	INFO 	Keyboard events cleared
1.7577 	WARNING 	t of last frame was 56.07ms (=1/17)
1.7577 	EXP 	text_5: autoDraw = False
1.7577 	EXP 	surround_practice_example: ori = -30.0
1.7577 	EXP 	surround_practice_example: sf = array([2.5, 2.5])
1.7577 	EXP 	surround_practice_example: phase = array([0., 0.])
1.7577 	EXP 	center_practice_example: ori = 15.0
1.7577 	EXP 	center_practice_example: sf = array([2.5, 2.5])
1.7577 	EXP 	center_practice_example: phase = array([0., 0.])
1.7577 	EXP 	surround_practice_example: autoDraw = True
1.7577 	EXP 	center_practice_example: autoDraw = True
1.7577 	EXP 	text_15: autoDraw = True
1.7577 	EXP 	surround_practice_example: tex = 'sin'
1.7577 	EXP 	center_practice_example: tex = 'sin'
4.0407 	DATA 	Keypress: period
4.0470 	INFO 	Keyboard events cleared
4.0467 	EXP 	surround_practice_example: autoDraw = False
4.0467 	EXP 	center_practice_example: autoDraw = False
4.0467 	EXP 	text_15: autoDraw = False
4.0467 	EXP 	text_6: autoDraw = True
5.8619 	DEBUG 	Read csv file with pandas: tilt_practice_1.csv
5.8633 	DEBUG 	Clearing unnamed columns from tilt_practice_1.csv
5.8638 	EXP 	Imported tilt_practice_1.csv as conditions, 4 conditions, 3 params
5.8642 	EXP 	New trial (rep=0, index=0): <Trial 0 (0 in rep 0) data={'center': 30, 'surround': 0, 'correct': 'period', 'thisN': 0, 'thisTrialN': 0, 'thisRepN': 0}>
5.8669 	DATA 	Keypress: space
5.8698 	INFO 	Keyboard events cleared
5.8694 	EXP 	text_6: autoDraw = False
5.8694 	EXP 	surround_practice: ori = 0.0
5.8694 	EXP 	surround_practice: sf = array([2.5, 2.5])
5.8694 	EXP 	surround_practice: phase = array([0.53307157, 0.53307157])
5.8694 	EXP 	center_practice: ori = 30.0
5.8694 	EXP 	center_practice: sf = array([2.5, 2.5])
5.8694 	EXP 	center_practice: phase = array([0.75157254, 0.75157254])
6.3557 	EXP 	surround_practice: autoDraw = True
6.3557 	EXP 	center_practice: autoDraw = True
6.3557 	EXP 	surround_practice: tex = 'sin'
6.3557 	EXP 	center_practice: tex = 'sin'
6.8457 	DATA 	Keypress: period
6.8500 	EXP 	surround_practice: autoDraw = False
6.8500 	EXP 	center_practice: autoDraw = False
6.8500 	EXP 	text_11: autoDraw = False
6.8500 	EXP 	text_7: height = 0.05
6.8500 	EXP 	text_7: height = 0.05
6.8500 	EXP 	text_7: height = 0.05
6.8500 	EXP 	text_7: text = 'Incorrect'
6.8500 	EXP 	text_7: autoDraw = True
8.3370 	EXP 	New trial (rep=0, index=1): <Trial 1 (1 in rep 0) data={'center': -30, 'surround': 0, 'correct': 'z', 'thisN': 1, 'thisTrialN': 1, 'thisRepN': 0}>
8.3470 	INFO 	Keyboard events cleared
8.3467 	EXP 	text_7: autoDraw = False
8.3467 	EXP 	text_7: autoDraw = False
8.3467 	EXP 	surround_practice: ori = 0.0
8.3467 	EXP 	surround_practice: sf = array([2.5, 2.5])
8.3467 	EXP 	surround_practice: phase = array([0.81082205, 0.81082205])
8.3467 	EXP 	center_practice: ori = -30.0
8.3467 	EXP 	center_practice: sf = array([2.5, 2.5])
8.3467 	EXP 	center_practice: phase = array([0.64131574, 0.64131574])
8.8367 	EXP 	surround_practice: autoDraw = True
8.8367 	EXP 	center_practice: autoDraw = True
9.8308 	EXP 	surround_practice: autoDraw = False
9.8308 	EXP 	center_practice: autoDraw = False
9.8378 	EXP 	text_11: autoDraw = True
10.7023 	DATA 	Keypress: z
10.7049 	EXP 	surround_practice: autoDraw = False
10.7049 	EXP 	center_practice: autoDraw = False
10.7049 	EXP 	text_11: autoDraw = False
10.7049 	EXP 	text_7: text = 'Incorrect'
10.7049 	EXP 	text_7: autoDraw = True
12.2003 	EXP 	New trial (rep=0, index=2): <Trial 2 (2 in rep 0) data={'center': 30, 'surround': 60, 'correct': 'period', 'thisN': 2, 'thisTrialN': 2, 'thisRepN': 0}>
12.2054 	INFO 	Keyboard events cleared
12.2051 	EXP 	text_7: autoDraw = False
12.2051 	EXP 	text_7: autoDraw = False
12.2051 	EXP 	surround_practice: ori = 60.0
12.2051 	EXP 	surround_practice: sf = array([2.5, 2.5])
12.2051 	EXP 	surround_practice: phase = array([0.33080155, 0.33080155])
12.2051 	EXP 	center_practice: ori = 30.0
12.2051 	EXP 	center_practice: sf = array([2.5, 2.5])
12.2051 	EXP 	center_practice: phase = array([0.42771333, 0.42771333])
12.6971 	EXP 	surround_practice: autoDraw = True
12.6971 	EXP 	center_practice: autoDraw = True
13.6868 	EXP 	surround_practice: autoDraw = False
13.6868 	EXP 	center_practice: autoDraw = False
13.6976 	EXP 	text_11: autoDraw = True
13.7671 	DATA 	Keypress: z
13.7696 	EXP 	surround_practice: autoDraw = False
13.7696 	EXP 	center_practice: autoDraw = False
13.7696 	EXP 	text_11: autoDraw = False
13.7696 	EXP 	text_7: text = 'Incorrect'
13.7696 	EXP 	text_7: autoDraw = True
15.2545 	EXP 	New trial (rep=0, index=3): <Trial 3 (3 in rep 0) data={'center': -30, 'surround': -60, 'correct': 'z', 'thisN': 3, 'thisTrialN': 3, 'thisRepN': 0}>
15.2643 	INFO 	Keyboard events cleared
15.2639 	EXP 	text_7: autoDraw = False
15.2639 	EXP 	surround_practice: ori = -60.0
15.2639 	EXP 	surround_practice: sf = array([2.5, 2.5])
15.2639 	EXP 	surround_practice: phase = array([0.83679591, 0.83679591])
15.2639 	EXP 	center_practice: ori = -30.0
15.2639 	EXP 	center_practice: sf = array([2.5, 2.5])
15.2639 	EXP 	center_practice: phase = array([0.41667171, 0.41667171])
15.7523 	EXP 	surround_practice: autoDraw = True
15.7523 	EXP 	center_practice: autoDraw = True
16.7476 	EXP 	surround_practice: autoDraw = False
16.7476 	EXP 	center_practice: autoDraw = False
16.7476 	EXP 	text_11: autoDraw = True
17.3701 	DATA 	Keypress: z
17.3735 	EXP 	surround_practice: autoDraw = False
17.3735 	EXP 	center_practice: autoDraw = False
17.3735 	EXP 	text_11: autoDraw = False
17.3735 	EXP 	text_7: text = 'Incorrect'
17.3735 	EXP 	text_7: autoDraw = True
18.8719 	INFO 	Keyboard events cleared
18.8716 	EXP 	text_7: autoDraw = False
18.8716 	EXP 	text_7: autoDraw = False
18.8716 	EXP 	text_8: autoDraw = True
19.7402 	WARNING 	t of last frame was 26.59ms (=1/37)
19.7700 	WARNING 	Multiple dropped frames have occurred - I'll stop bothering you about them!
20.4237 	DEBUG 	Read csv file with pandas: tilt_practice_2.csv
20.4244 	DEBUG 	Clearing unnamed columns from tilt_practice_2.csv
20.4248 	EXP 	Imported tilt_practice_2.csv as conditions, 6 conditions, 4 params
20.4250 	EXP 	New trial (rep=0, index=0): <Trial 0 (0 in rep 0) data={'center': -30, 'surround': -60, 'correct': 'z', 'opacity': 100, 'thisN': 0, 'thisTrialN': 0, 'thisRepN': 0}>
20.4272 	DATA 	Keypress: space
20.4304 	INFO 	Keyboard events cleared
20.4300 	EXP 	text_8: autoDraw = False
20.4300 	EXP 	surround_practice_2: ori = -60.0
20.4300 	EXP 	surround_practice_2: sf = array([2.5, 2.5])
20.4300 	EXP 	center_practice_2: ori = -30.0
20.4300 	EXP 	center_practice_2: sf = array([2.5, 2.5])
20.9207 	EXP 	surround_practice_2: autoDraw = True
20.9207 	EXP 	center_practice_2: autoDraw = True
20.9207 	EXP 	surround_practice_2: tex = 'sin'
20.9207 	EXP 	center_practice_2: tex = 'sin'
20.9967 	EXP 	surround_practice_2: autoDraw = False
20.9967 	EXP 	center_practice_2: autoDraw = False
20.9967 	EXP 	text_12: autoDraw = True
22.0202 	DATA 	Keypress: z
22.0220 	EXP 	surround_practice_2: autoDraw = False
22.0220 	EXP 	center_practice_2: autoDraw = False
22.0220 	EXP 	text_12: autoDraw = False
22.0220 	EXP 	text_7: height = 0.05
22.0220 	EXP 	text_7: height = 0.05
22.0220 	EXP 	text_7: height = 0.05
22.0220 	EXP 	text_7: text = 'Correct'
22.0220 	EXP 	text_7: autoDraw = True
23.5165 	EXP 	New trial (rep=0, index=1): <Trial 1 (1 in rep 0) data={'center': -30, 'surround': 0, 'correct': 'z', 'opacity': 100, 'thisN': 1, 'thisTrialN': 1, 'thisRepN': 0}>
23.5211 	INFO 	Keyboard events cleared
23.5207 	EXP 	text_7: autoDraw = False
23.5207 	EXP 	surround_practice_2: ori = 0.0
23.5207 	EXP 	surround_practice_2: sf = array([2.5, 2.5])
23.5207 	EXP 	center_practice_2: ori = -30.0
23.5207 	EXP 	center_practice_2: sf = array([2.5, 2.5])
24.0139 	EXP 	surround_practice_2: autoDraw = True
24.0139 	EXP 	center_practice_2: autoDraw = True
24.0870 	EXP 	surround_practice_2: autoDraw = False
24.0870 	EXP 	center_practice_2: autoDraw = False
24.0870 	EXP 	text_12: autoDraw = True
24.6574 	DATA 	Keypress: z
24.6634 	EXP 	surround_practice_2: autoDraw = False
24.6634 	EXP 	center_practice_2: autoDraw = False
24.6634 	EXP 	text_12: autoDraw = False
24.6634 	EXP 	text_7: text = 'Correct'
24.6634 	EXP 	text_7: autoDraw = True
26.1502 	EXP 	New trial (rep=0, index=2): <Trial 2 (2 in rep 0) data={'center': 30, 'surround': 60, 'correct': '.', 'opacity': 100, 'thisN': 2, 'thisTrialN': 2, 'thisRepN': 0}>
26.1549 	INFO 	Keyboard events cleared
26.1545 	EXP 	text_7: autoDraw = False
26.1545 	EXP 	text_7: autoDraw = False
26.1545 	EXP 	surround_practice_2: ori = 60.0
26.1545 	EXP 	surround_practice_2: sf = array([2.5, 2.5])
26.1545 	EXP 	center_practice_2: ori = 30.0
26.1545 	EXP 	center_practice_2: sf = array([2.5, 2.5])
26.6545 	EXP 	surround_practice_2: autoDraw = True
26.6545 	EXP 	center_practice_2: autoDraw = True
26.7309 	EXP 	surround_practice_2: autoDraw = False
26.7309 	EXP 	center_practice_2: autoDraw = False
26.7309 	EXP 	text_12: autoDraw = True
27.5880 	DATA 	Keypress: z
27.5907 	EXP 	surround_practice_2: autoDraw = False
27.5907 	EXP 	center_practice_2: autoDraw = False
27.5907 	EXP 	text_12: autoDraw = False
27.5907 	EXP 	text_7: height = 0.05
27.5907 	EXP 	text_7: height = 0.05
27.5907 	EXP 	text_7: height = 0.05
27.5907 	EXP 	text_7: text = 'Incorrect'
27.5907 	EXP 	text_7: autoDraw = True
29.0835 	EXP 	New trial (rep=0, index=3): <Trial 3 (3 in rep 0) data={'center': 30, 'surround': 0, 'correct': '.', 'opacity': 100, 'thisN': 3, 'thisTrialN': 3, 'thisRepN': 0}>
29.0880 	INFO 	Keyboard events cleared
29.0876 	EXP 	text_7: autoDraw = False
29.0876 	EXP 	text_7: autoDraw = False
29.0876 	EXP 	surround_practice_2: ori = 0.0
29.0876 	EXP 	surround_practice_2: sf = array([2.5, 2.5])
29.0876 	EXP 	center_practice_2: ori = 30.0
29.0876 	EXP 	center_practice_2: sf = array([2.5, 2.5])
29.5808 	EXP 	surround_practice_2: autoDraw = True
29.5808 	EXP 	center_practice_2: autoDraw = True
29.6534 	EXP 	surround_practice_2: autoDraw = False
29.6534 	EXP 	center_practice_2: autoDraw = False
29.6534 	EXP 	text_12: autoDraw = True
31.1853 	DATA 	Keypress: period
31.1879 	EXP 	surround_practice_2: autoDraw = False
31.1879 	EXP 	center_practice_2: autoDraw = False
31.1879 	EXP 	text_12: autoDraw = False
31.1879 	EXP 	text_7: text = 'Incorrect'
31.1879 	EXP 	text_7: autoDraw = True
32.6837 	EXP 	New trial (rep=0, index=4): <Trial 4 (4 in rep 0) data={'center': -30, 'surround': 69, 'correct': 'z', 'opacity': 0, 'thisN': 4, 'thisTrialN': 4, 'thisRepN': 0}>
32.6882 	INFO 	Keyboard events cleared
32.6879 	EXP 	text_7: autoDraw = False
32.6879 	EXP 	text_7: autoDraw = False
32.6879 	EXP 	surround_practice_2: ori = 69.0
32.6879 	EXP 	surround_practice_2: sf = array([2.5, 2.5])
32.6879 	EXP 	center_practice_2: ori = -30.0
32.6879 	EXP 	center_practice_2: sf = array([2.5, 2.5])
33.1809 	EXP 	surround_practice_2: autoDraw = True
33.1809 	EXP 	center_practice_2: autoDraw = True
33.2527 	EXP 	surround_practice_2: autoDraw = False
33.2527 	EXP 	center_practice_2: autoDraw = False
33.2527 	EXP 	text_12: autoDraw = True
34.3227 	DATA 	Keypress: z
34.3265 	EXP 	surround_practice_2: autoDraw = False
34.3265 	EXP 	center_practice_2: autoDraw = False
34.3265 	EXP 	text_12: autoDraw = False
34.3265 	EXP 	text_7: height = 0.05
34.3265 	EXP 	text_7: height = 0.05
34.3265 	EXP 	text_7: height = 0.05
34.3265 	EXP 	text_7: text = 'Correct'
34.3265 	EXP 	text_7: autoDraw = True
35.8166 	EXP 	New trial (rep=0, index=5): <Trial 5 (5 in rep 0) data={'center': 30, 'surround': 69, 'correct': '.', 'opacity': 0, 'thisN': 5, 'thisTrialN': 5, 'thisRepN': 0}>
35.8211 	INFO 	Keyboard events cleared
35.8208 	EXP 	text_7: autoDraw = False
35.8208 	EXP 	text_7: autoDraw = False
35.8208 	EXP 	surround_practice_2: ori = 69.0
35.8208 	EXP 	surround_practice_2: sf = array([2.5, 2.5])
35.8208 	EXP 	center_practice_2: ori = 30.0
35.8208 	EXP 	center_practice_2: sf = array([2.5, 2.5])
36.3141 	EXP 	surround_practice_2: autoDraw = True
36.3141 	EXP 	center_practice_2: autoDraw = True
36.3865 	EXP 	surround_practice_2: autoDraw = False
36.3865 	EXP 	center_practice_2: autoDraw = False
36.3974 	EXP 	text_12: autoDraw = True
36.8550 	DATA 	Keypress: period
36.8575 	EXP 	surround_practice_2: autoDraw = False
36.8575 	EXP 	center_practice_2: autoDraw = False
36.8575 	EXP 	text_12: autoDraw = False
36.8575 	EXP 	text_7: height = 0.05
36.8575 	EXP 	text_7: height = 0.05
36.8575 	EXP 	text_7: height = 0.05
36.8575 	EXP 	text_7: text = 'Incorrect'
36.8575 	EXP 	text_7: autoDraw = True
38.3545 	INFO 	Keyboard events cleared
38.3542 	EXP 	text_7: autoDraw = False
38.3542 	EXP 	text_7: autoDraw = False
38.3542 	EXP 	text_13: autoDraw = True
40.9746 	DATA 	Keypress: escape
41.0491 	EXP 	tilt_mocs: status = STOPPED
41.0514 	EXP 	text_13: autoDraw = False
41.0528 	EXP 	tilt_mocs: status = STOPPED
41.0600 	INFO 	saved data to '/Users/bwinsto2/Documents/Documents - BV-PCR-VPJVMF3/Github/tilt/tilt_mocs/data/sub-21046969/ses-0/sub-21046969_ses-0_exp-tiltmocs_2025-12-03_00h04.39.546.csv'
41.0611 	INFO 	saved data to /Users/bwinsto2/Documents/Documents - BV-PCR-VPJVMF3/Github/tilt/tilt_mocs/data/sub-21046969/ses-0/sub-21046969_ses-0_exp-tiltmocs_2025-12-03_00h04.39.546.psydat
41.5755 	DEBUG 	Saving data for tilt_mocs ExperimentHandler
