9.5829 	DEBUG 	Fullscreen settings ignored as running in pilot mode.
9.5846 	INFO 	Loaded monitor calibration from ['2025_10_18 11:37']
9.8499 	EXP 	Created window1 = Window(allowGUI=False, allowStencil=False, autoLog=True, backendConf=UNKNOWN, backgroundFit=<method-wrapper '__getattribute__' of attributeSetter object at 0x7fe628c75d90>, backgroundImage=<method-wrapper '__getattribute__' of attributeSetter object at 0x7fe628c75ca0>, bitsMode=UNKNOWN, blendMode='avg', bpc=(8, 8, 8), color=array([0, 0, 0]), colorSpace='rgb', depthBits=8, fullscr=False, gamma=None, gammaErrorPolicy='raise', infoMsg=UNKNOWN, lms=UNKNOWN, monitor=<psychopy.monitors.calibTools.Monitor object at 0x7fe629fef760>, multiSample=False, name='window1', numSamples=2, pos=[112.0, 20.0], screen=0, size=array([1600, 1200]), stencilBits=0, stereo=False, title='PsychoPy', units='height', useFBO=True, useRetina=True, viewOri=0.0, viewPos=None, viewScale=None, waitBlanking=True, winType='pyglet')
9.8500 	EXP 	window1: backgroundImage = ''
9.8500 	EXP 	window1: backgroundFit = 'none'
9.8689 	DEBUG 	TextBox2 loaded 1 chars with 0 blanks and 1 valid
9.8700 	DEBUG 	TextBox2 loaded 1 chars with 0 blanks and 1 valid
9.8708 	DEBUG 	TextBox2 loaded 1 chars with 0 blanks and 1 valid
9.8718 	DEBUG 	TextBox2 loaded 1 chars with 0 blanks and 1 valid
9.8727 	DEBUG 	TextBox2 loaded 1 chars with 0 blanks and 1 valid
9.8731 	DEBUG 	TextBox2 loaded 1 chars with 0 blanks and 1 valid
9.8738 	DEBUG 	TextBox2 loaded 1 chars with 0 blanks and 1 valid
9.8747 	DEBUG 	TextBox2 loaded 1 chars with 0 blanks and 1 valid
9.8757 	DEBUG 	TextBox2 loaded 1 chars with 0 blanks and 1 valid
9.8761 	DEBUG 	TextBox2 loaded 1 chars with 0 blanks and 1 valid
9.8769 	DEBUG 	TextBox2 loaded 1 chars with 0 blanks and 1 valid
9.8775 	DEBUG 	TextBox2 loaded 1 chars with 0 blanks and 1 valid
9.8782 	DEBUG 	TextBox2 loaded 1 chars with 0 blanks and 1 valid
9.8789 	DEBUG 	TextBox2 loaded 1 chars with 0 blanks and 1 valid
9.8795 	DEBUG 	TextBox2 loaded 1 chars with 0 blanks and 1 valid
9.8802 	DEBUG 	TextBox2 loaded 1 chars with 0 blanks and 1 valid
9.8809 	DEBUG 	TextBox2 loaded 1 chars with 0 blanks and 1 valid
9.8813 	DEBUG 	TextBox2 loaded 1 chars with 0 blanks and 1 valid
9.8817 	DEBUG 	TextBox2 loaded 1 chars with 0 blanks and 1 valid
9.8826 	DEBUG 	TextBox2 loaded 1 chars with 0 blanks and 1 valid
9.8829 	DEBUG 	TextBox2 loaded 1 chars with 0 blanks and 1 valid
9.8835 	DEBUG 	Uploading Texture Font fontname to graphics card
9.8875 	DEBUG 	Upload of Texture Font fontname complete
9.8941 	DEBUG 	TextBox2 loaded 1 chars with 0 blanks and 1 valid
9.8952 	DEBUG 	TextBox2 loaded 1 chars with 0 blanks and 1 valid
9.8962 	DEBUG 	TextBox2 loaded 1 chars with 0 blanks and 1 valid
9.8964 	DEBUG 	Uploading Texture Font fontname to graphics card
9.8985 	DEBUG 	Upload of Texture Font fontname complete
9.9002 	EXP 	window1: Attempting to measure frame rate of screen (0) ...
9.9002 	EXP 	window1: recordFrameIntervals = False
10.2118 	EXP 	window1: recordFrameIntervals = True
11.0461 	WARNING 	Couldn't measure a consistent frame rate!
  - Is your graphics card set to sync to vertical blank?
  - Are you running other processes on your computer?

11.0573 	DEBUG 	TextBox2 loaded 1 chars with 0 blanks and 1 valid
11.0584 	DEBUG 	TextBox2 loaded 1 chars with 0 blanks and 1 valid
11.0601 	DEBUG 	TextBox2 loaded 1 chars with 0 blanks and 1 valid
11.0621 	DEBUG 	TextBox2 loaded 1 chars with 0 blanks and 1 valid
11.0640 	DEBUG 	TextBox2 loaded 1 chars with 0 blanks and 1 valid
11.0659 	DEBUG 	TextBox2 loaded 1 chars with 0 blanks and 1 valid
11.0669 	DEBUG 	TextBox2 loaded 1 chars with 0 blanks and 1 valid
11.0686 	DEBUG 	TextBox2 loaded 1 chars with 0 blanks and 1 valid
11.0704 	DEBUG 	TextBox2 loaded 1 chars with 0 blanks and 1 valid
11.0721 	DEBUG 	TextBox2 loaded 1 chars with 0 blanks and 1 valid
11.0726 	DEBUG 	Uploading Texture Font fontname to graphics card
11.0773 	DEBUG 	Upload of Texture Font fontname complete
11.1041 	WARNING 	launchHubServer: If using the iohub mouse or eyetracker devices, fullScr should be True.
16.4135 	INFO 	keyboard.Keyboard is using iohub backend.
16.4135 	INFO 	keyboard.Keyboard is using iohub backend.
16.4136 	INFO 	keyboard.Keyboard is using iohub backend.
16.4136 	INFO 	keyboard.Keyboard is using iohub backend.
16.4136 	INFO 	keyboard.Keyboard is using iohub backend.
16.4136 	INFO 	keyboard.Keyboard is using iohub backend.
16.4136 	INFO 	keyboard.Keyboard is using iohub backend.
16.4137 	INFO 	keyboard.Keyboard is using iohub backend.
16.4137 	INFO 	keyboard.Keyboard is using iohub backend.
16.4137 	INFO 	keyboard.Keyboard is using iohub backend.
16.4137 	INFO 	keyboard.Keyboard is using iohub backend.
16.4138 	EXP 	tilt_mocs: status = STARTED
16.4807 	EXP 	Created text_5 = TextStim(__class__=<class 'psychopy.visual.text.TextStim'>, alignHoriz=method-wrapper(...), alignText='center', alignVert=method-wrapper(...), anchorHoriz='center', anchorVert='center', antialias=True, autoDraw=False, autoLog=True, bold=False, color=array([1., 1., 1.]), colorSpace='rgb', contrast=1.0, depth=-1.0, draggable=False, flipHoriz=False, flipVert=False, font='Arial', fontFiles=[], height=0.05, italic=False, languageStyle='LTR', name='text_5', opacity=1, ori=0.0, pos=array([0., 0.]), rgb=UNKNOWN, text=str(...), units='height', win=Window(...), wrapWidth=1)
16.4841 	EXP 	Created surround_practice_example = GratingStim(__class__=<class 'psychopy.visual.grating.GratingStim'>, anchor='center', autoDraw=False, autoLog=True, blendmode='avg', color=array([0.2, 0.2, 0.2]), colorSpace='rgb', contrast=0.2, depth=-1.0, draggable=False, interpolate=True, mask='circle', maskParams=None, name='surround_practice_example', opacity=1, ori=1.0, phase=array([1., 1.]), pos=array([0., 0.]), rgbPedestal=array([0., 0., 0.]), sf=array([1., 1.]), size=array([1., 1.]), tex='sin', texRes=128.0, units='cm', win=Window(...))
16.4857 	EXP 	Created center_practice_example = GratingStim(__class__=<class 'psychopy.visual.grating.GratingStim'>, anchor='center', autoDraw=False, autoLog=True, blendmode='avg', color=array([1., 1., 1.]), colorSpace='rgb', contrast=1.0, depth=-2.0, draggable=False, interpolate=True, mask='circle', maskParams=None, name='center_practice_example', opacity=1, ori=1.0, phase=array([1., 1.]), pos=array([0., 0.]), rgbPedestal=array([0., 0., 0.]), sf=array([1., 1.]), size=array([1., 1.]), tex='sin', texRes=128.0, units='cm', win=Window(...))
16.4893 	EXP 	Created text_15 = TextStim(__class__=<class 'psychopy.visual.text.TextStim'>, alignHoriz=method-wrapper(...), alignText='center', alignVert=method-wrapper(...), anchorHoriz='center', anchorVert='center', antialias=True, autoDraw=False, autoLog=True, bold=False, color=array([1., 1., 1.]), colorSpace='rgb', contrast=1.0, depth=-3.0, draggable=False, flipHoriz=False, flipVert=False, font='Arial', fontFiles=[], height=0.05, italic=False, languageStyle='LTR', name='text_15', opacity=1, ori=0.0, pos=array([ 0. , -0.4]), rgb=UNKNOWN, text=str(...), units='height', win=Window(...), wrapWidth=1)
16.4955 	EXP 	Created text_6 = TextStim(__class__=<class 'psychopy.visual.text.TextStim'>, alignHoriz=method-wrapper(...), alignText='center', alignVert=method-wrapper(...), anchorHoriz='center', anchorVert='center', antialias=True, autoDraw=False, autoLog=True, bold=False, color=array([1., 1., 1.]), colorSpace='rgb', contrast=1.0, depth=0.0, draggable=False, flipHoriz=False, flipVert=False, font='Arial', fontFiles=[], height=0.05, italic=False, languageStyle='LTR', name='text_6', opacity=1, ori=0.0, pos=array([0., 0.]), rgb=UNKNOWN, text=str(...), units='height', win=Window(...), wrapWidth=1)
16.4970 	EXP 	Created surround_practice = GratingStim(__class__=<class 'psychopy.visual.grating.GratingStim'>, anchor='center', autoDraw=False, autoLog=True, blendmode='avg', color=array([0.2, 0.2, 0.2]), colorSpace='rgb', contrast=0.2, depth=-1.0, draggable=False, interpolate=True, mask='circle', maskParams=None, name='surround_practice', opacity=1, ori=1.0, phase=array([1., 1.]), pos=array([0., 0.]), rgbPedestal=array([0., 0., 0.]), sf=array([1., 1.]), size=array([1., 1.]), tex='sin', texRes=128.0, units='cm', win=Window(...))
16.4985 	EXP 	Created center_practice = GratingStim(__class__=<class 'psychopy.visual.grating.GratingStim'>, anchor='center', autoDraw=False, autoLog=True, blendmode='avg', color=array([1., 1., 1.]), colorSpace='rgb', contrast=1.0, depth=-2.0, draggable=False, interpolate=True, mask='circle', maskParams=None, name='center_practice', opacity=1, ori=1.0, phase=array([1., 1.]), pos=array([0., 0.]), rgbPedestal=array([0., 0., 0.]), sf=array([1., 1.]), size=array([1., 1.]), tex='sin', texRes=128.0, units='cm', win=Window(...))
16.5019 	EXP 	Created text_11 = TextStim(__class__=<class 'psychopy.visual.text.TextStim'>, alignHoriz=method-wrapper(...), alignText='center', alignVert=method-wrapper(...), anchorHoriz='center', anchorVert='center', antialias=True, autoDraw=False, autoLog=True, bold=False, color=array([1., 1., 1.]), colorSpace='rgb', contrast=1.0, depth=-4.0, draggable=False, flipHoriz=False, flipVert=False, font='Arial', fontFiles=[], height=0.05, italic=False, languageStyle='LTR', name='text_11', opacity=1, ori=0.0, pos=array([0., 0.]), rgb=UNKNOWN, text=str(...), units='height', win=Window(...), wrapWidth=1)
16.5024 	EXP 	Created text_7 = TextStim(__class__=<class 'psychopy.visual.text.TextStim'>, alignHoriz=method-wrapper(...), alignText='center', alignVert=method-wrapper(...), anchorHoriz='center', anchorVert='center', antialias=True, autoDraw=False, autoLog=True, bold=False, color=array([1., 1., 1.]), colorSpace='rgb', contrast=1.0, depth=-1.0, draggable=False, flipHoriz=False, flipVert=False, font='Arial', fontFiles=[], height=0.05, italic=False, languageStyle='LTR', name='text_7', opacity=1, ori=0.0, pos=array([0., 0.]), rgb=UNKNOWN, text='', units='height', win=Window(...), wrapWidth=1)
16.5086 	EXP 	Created text_8 = TextStim(__class__=<class 'psychopy.visual.text.TextStim'>, alignHoriz=method-wrapper(...), alignText='center', alignVert=method-wrapper(...), anchorHoriz='center', anchorVert='center', antialias=True, autoDraw=False, autoLog=True, bold=False, color=array([1., 1., 1.]), colorSpace='rgb', contrast=1.0, depth=0.0, draggable=False, flipHoriz=False, flipVert=False, font='Arial', fontFiles=[], height=0.05, italic=False, languageStyle='LTR', name='text_8', opacity=1, ori=0.0, pos=array([0., 0.]), rgb=UNKNOWN, text=str(...), units='height', win=Window(...), wrapWidth=1)
16.5100 	EXP 	Created surround_practice_2 = GratingStim(__class__=<class 'psychopy.visual.grating.GratingStim'>, anchor='center', autoDraw=False, autoLog=True, blendmode='avg', color=array([0.2, 0.2, 0.2]), colorSpace='rgb', contrast=0.2, depth=0.0, draggable=False, interpolate=True, mask='circle', maskParams=None, name='surround_practice_2', opacity=1.0, ori=1.0, phase=array([0., 0.]), pos=array([0., 0.]), rgbPedestal=array([0., 0., 0.]), sf=array([1., 1.]), size=array([1., 1.]), tex='sin', texRes=128.0, units='cm', win=Window(...))
16.5114 	EXP 	Created center_practice_2 = GratingStim(__class__=<class 'psychopy.visual.grating.GratingStim'>, anchor='center', autoDraw=False, autoLog=True, blendmode='avg', color=array([0.2, 0.2, 0.2]), colorSpace='rgb', contrast=0.2, depth=-1.0, draggable=False, interpolate=True, mask='circle', maskParams=None, name='center_practice_2', opacity=1, ori=1.0, phase=array([0., 0.]), pos=array([0., 0.]), rgbPedestal=array([0., 0., 0.]), sf=array([1., 1.]), size=array([2., 2.]), tex='sin', texRes=128.0, units='cm', win=Window(...))
16.5138 	EXP 	Created text_12 = TextStim(__class__=<class 'psychopy.visual.text.TextStim'>, alignHoriz=method-wrapper(...), alignText='center', alignVert=method-wrapper(...), anchorHoriz='center', anchorVert='center', antialias=True, autoDraw=False, autoLog=True, bold=False, color=array([1., 1., 1.]), colorSpace='rgb', contrast=1.0, depth=-3.0, draggable=False, flipHoriz=False, flipVert=False, font='Arial', fontFiles=[], height=0.05, italic=False, languageStyle='LTR', name='text_12', opacity=1, ori=0.0, pos=array([0., 0.]), rgb=UNKNOWN, text=str(...), units='height', win=Window(...), wrapWidth=1)
16.5143 	EXP 	Created text_16 = TextStim(__class__=<class 'psychopy.visual.text.TextStim'>, alignHoriz=method-wrapper(...), alignText='center', alignVert=method-wrapper(...), anchorHoriz='center', anchorVert='center', antialias=True, autoDraw=False, autoLog=True, bold=False, color=array([1., 1., 1.]), colorSpace='rgb', contrast=1.0, depth=-1.0, draggable=False, flipHoriz=False, flipVert=False, font='Arial', fontFiles=[], height=0.05, italic=False, languageStyle='LTR', name='text_16', opacity=1, ori=0.0, pos=array([0., 0.]), rgb=UNKNOWN, text='', units='height', win=Window(...), wrapWidth=1)
16.5254 	EXP 	Created text_13 = TextStim(__class__=<class 'psychopy.visual.text.TextStim'>, alignHoriz=method-wrapper(...), alignText='center', alignVert=method-wrapper(...), anchorHoriz='center', anchorVert='center', antialias=True, autoDraw=False, autoLog=True, bold=False, color=array([1., 1., 1.]), colorSpace='rgb', contrast=1.0, depth=0.0, draggable=False, flipHoriz=False, flipVert=False, font='Arial', fontFiles=[], height=0.05, italic=False, languageStyle='LTR', name='text_13', opacity=1, ori=0.0, pos=array([0., 0.]), rgb=UNKNOWN, text=str(...), units='height', win=Window(...), wrapWidth=1)
16.5270 	EXP 	Created surround_grating = GratingStim(__class__=<class 'psychopy.visual.grating.GratingStim'>, anchor='center', autoDraw=False, autoLog=True, blendmode='avg', color=array([0.2, 0.2, 0.2]), colorSpace='rgb', contrast=0.2, depth=-1.0, draggable=False, interpolate=True, mask='circle', maskParams=None, name='surround_grating', opacity=1.0, ori=1.0, phase=array([1., 1.]), pos=array([0., 0.]), rgbPedestal=array([0., 0., 0.]), sf=array([1., 1.]), size=array([1., 1.]), tex='sin', texRes=128.0, units='cm', win=Window(...))
16.5284 	EXP 	Created center_grating = GratingStim(__class__=<class 'psychopy.visual.grating.GratingStim'>, anchor='center', autoDraw=False, autoLog=True, blendmode='avg', color=array([0.2, 0.2, 0.2]), colorSpace='rgb', contrast=0.2, depth=-2.0, draggable=False, interpolate=True, mask='circle', maskParams=None, name='center_grating', opacity=1, ori=1.0, phase=array([1., 1.]), pos=array([0., 0.]), rgbPedestal=array([0., 0., 0.]), sf=array([1., 1.]), size=array([1., 1.]), tex='sin', texRes=128.0, units='cm', win=Window(...))
16.5330 	EXP 	Created text_2 = TextStim(__class__=<class 'psychopy.visual.text.TextStim'>, alignHoriz=method-wrapper(...), alignText='center', alignVert=method-wrapper(...), anchorHoriz='center', anchorVert='center', antialias=True, autoDraw=False, autoLog=True, bold=False, color=array([1., 1., 1.]), colorSpace='rgb', contrast=1.0, depth=0.0, draggable=False, flipHoriz=False, flipVert=False, font='Arial', fontFiles=[], height=0.05, italic=False, languageStyle='LTR', name='text_2', opacity=1, ori=0.0, pos=array([0., 0.]), rgb=UNKNOWN, text=str(...), units='height', win=Window(...), wrapWidth=1)
16.5352 	EXP 	Created text_14 = TextStim(__class__=<class 'psychopy.visual.text.TextStim'>, alignHoriz=method-wrapper(...), alignText='center', alignVert=method-wrapper(...), anchorHoriz='center', anchorVert='center', antialias=True, autoDraw=False, autoLog=True, bold=False, color=array([1., 1., 1.]), colorSpace='rgb', contrast=1.0, depth=0.0, draggable=False, flipHoriz=False, flipVert=False, font='Arial', fontFiles=[], height=0.05, italic=False, languageStyle='LTR', name='text_14', opacity=1, ori=0.0, pos=array([0., 0.]), rgb=UNKNOWN, text='done!\n\nthank you and have a pleasant day ', units='height', win=Window(...), wrapWidth=1)
0.0499 	INFO 	Keyboard events cleared
0.0495 	WARNING 	t of last frame was 23.91ms (=1/41)
0.0495 	EXP 	text_5: autoDraw = True
0.3871 	WARNING 	t of last frame was 60.05ms (=1/16)
0.4556 	WARNING 	t of last frame was 45.09ms (=1/22)
0.4772 	WARNING 	t of last frame was 21.61ms (=1/46)
0.4996 	WARNING 	Multiple dropped frames have occurred - I'll stop bothering you about them!
1.2772 	DATA 	Keypress: space
1.2816 	INFO 	Keyboard events cleared
1.2813 	EXP 	text_5: autoDraw = False
1.2813 	EXP 	surround_practice_example: ori = -30.0
1.2813 	EXP 	surround_practice_example: sf = array([2.5, 2.5])
1.2813 	EXP 	surround_practice_example: phase = array([0., 0.])
1.2813 	EXP 	center_practice_example: ori = 15.0
1.2813 	EXP 	center_practice_example: sf = array([2.5, 2.5])
1.2813 	EXP 	center_practice_example: phase = array([0., 0.])
1.2813 	EXP 	surround_practice_example: autoDraw = True
1.2813 	EXP 	center_practice_example: autoDraw = True
1.2813 	EXP 	text_15: autoDraw = True
1.2813 	EXP 	surround_practice_example: tex = 'sin'
1.2813 	EXP 	center_practice_example: tex = 'sin'
2.9664 	DATA 	Keypress: period
2.9694 	INFO 	Keyboard events cleared
2.9691 	EXP 	surround_practice_example: autoDraw = False
2.9691 	EXP 	center_practice_example: autoDraw = False
2.9691 	EXP 	text_15: autoDraw = False
2.9691 	EXP 	text_6: autoDraw = True
3.7916 	DEBUG 	Read csv file with pandas: tilt_practice_1.csv
3.7951 	DEBUG 	Clearing unnamed columns from tilt_practice_1.csv
3.7955 	EXP 	Imported tilt_practice_1.csv as conditions, 4 conditions, 3 params
3.7961 	EXP 	New trial (rep=0, index=0): <Trial 0 (0 in rep 0) data={'center': 30, 'surround': 0, 'correct': 'period', 'thisN': 0, 'thisTrialN': 0, 'thisRepN': 0}>
3.7984 	DATA 	Keypress: space
3.8013 	INFO 	Keyboard events cleared
3.8009 	EXP 	text_6: autoDraw = False
3.8009 	EXP 	surround_practice: ori = 0.0
3.8009 	EXP 	surround_practice: sf = array([2.5, 2.5])
3.8009 	EXP 	surround_practice: phase = array([0.78510515, 0.78510515])
3.8009 	EXP 	center_practice: ori = 30.0
3.8009 	EXP 	center_practice: sf = array([2.5, 2.5])
3.8009 	EXP 	center_practice: phase = array([0.50073091, 0.50073091])
4.2766 	EXP 	surround_practice: autoDraw = True
4.2766 	EXP 	center_practice: autoDraw = True
4.2766 	EXP 	surround_practice: tex = 'sin'
4.2766 	EXP 	center_practice: tex = 'sin'
4.9242 	DATA 	Keypress: period
4.9264 	EXP 	surround_practice: autoDraw = False
4.9264 	EXP 	center_practice: autoDraw = False
4.9264 	EXP 	text_11: autoDraw = False
4.9264 	EXP 	text_7: height = 0.05
4.9264 	EXP 	text_7: height = 0.05
4.9264 	EXP 	text_7: height = 0.05
4.9264 	EXP 	text_7: text = 'Correct'
4.9264 	EXP 	text_7: autoDraw = True
6.4126 	EXP 	New trial (rep=0, index=1): <Trial 1 (1 in rep 0) data={'center': -30, 'surround': 0, 'correct': 'z', 'thisN': 1, 'thisTrialN': 1, 'thisRepN': 0}>
6.4164 	INFO 	Keyboard events cleared
6.4161 	EXP 	text_7: autoDraw = False
6.4161 	EXP 	text_7: autoDraw = False
6.4161 	EXP 	surround_practice: ori = 0.0
6.4161 	EXP 	surround_practice: sf = array([2.5, 2.5])
6.4161 	EXP 	surround_practice: phase = array([0.60509934, 0.60509934])
6.4161 	EXP 	center_practice: ori = -30.0
6.4161 	EXP 	center_practice: sf = array([2.5, 2.5])
6.4161 	EXP 	center_practice: phase = array([0.44165534, 0.44165534])
6.9167 	EXP 	surround_practice: autoDraw = True
6.9167 	EXP 	center_practice: autoDraw = True
7.8058 	DATA 	Keypress: period
7.8085 	EXP 	surround_practice: autoDraw = False
7.8085 	EXP 	center_practice: autoDraw = False
7.8085 	EXP 	text_11: autoDraw = False
7.8085 	EXP 	text_7: height = 0.05
7.8085 	EXP 	text_7: height = 0.05
7.8085 	EXP 	text_7: height = 0.05
7.8085 	EXP 	text_7: text = 'Incorrect'
7.8085 	EXP 	text_7: autoDraw = True
9.2950 	EXP 	New trial (rep=0, index=2): <Trial 2 (2 in rep 0) data={'center': 30, 'surround': 60, 'correct': 'period', 'thisN': 2, 'thisTrialN': 2, 'thisRepN': 0}>
9.2987 	INFO 	Keyboard events cleared
9.2983 	EXP 	text_7: autoDraw = False
9.2983 	EXP 	surround_practice: ori = 60.0
9.2983 	EXP 	surround_practice: sf = array([2.5, 2.5])
9.2983 	EXP 	surround_practice: phase = array([0.01651639, 0.01651639])
9.2983 	EXP 	center_practice: ori = 30.0
9.2983 	EXP 	center_practice: sf = array([2.5, 2.5])
9.2983 	EXP 	center_practice: phase = array([0.79319641, 0.79319641])
9.7838 	EXP 	surround_practice: autoDraw = True
9.7838 	EXP 	center_practice: autoDraw = True
10.4334 	DATA 	Keypress: period
10.4360 	EXP 	surround_practice: autoDraw = False
10.4360 	EXP 	center_practice: autoDraw = False
10.4360 	EXP 	text_11: autoDraw = False
10.4360 	EXP 	text_7: height = 0.05
10.4360 	EXP 	text_7: height = 0.05
10.4360 	EXP 	text_7: height = 0.05
10.4360 	EXP 	text_7: text = 'Correct'
10.4360 	EXP 	text_7: autoDraw = True
11.9298 	EXP 	New trial (rep=0, index=3): <Trial 3 (3 in rep 0) data={'center': -30, 'surround': -60, 'correct': 'z', 'thisN': 3, 'thisTrialN': 3, 'thisRepN': 0}>
11.9346 	INFO 	Keyboard events cleared
11.9343 	EXP 	text_7: autoDraw = False
11.9343 	EXP 	text_7: autoDraw = False
11.9343 	EXP 	surround_practice: ori = -60.0
11.9343 	EXP 	surround_practice: sf = array([2.5, 2.5])
11.9343 	EXP 	surround_practice: phase = array([0.67665586, 0.67665586])
11.9343 	EXP 	center_practice: ori = -30.0
11.9343 	EXP 	center_practice: sf = array([2.5, 2.5])
11.9343 	EXP 	center_practice: phase = array([0.47231523, 0.47231523])
12.4270 	EXP 	surround_practice: autoDraw = True
12.4270 	EXP 	center_practice: autoDraw = True
12.8212 	DATA 	Keypress: z
12.8265 	EXP 	surround_practice: autoDraw = False
12.8265 	EXP 	center_practice: autoDraw = False
12.8265 	EXP 	text_11: autoDraw = False
12.8265 	EXP 	text_7: text = 'Correct'
12.8265 	EXP 	text_7: autoDraw = True
14.3178 	INFO 	Keyboard events cleared
14.3175 	EXP 	text_7: autoDraw = False
14.3175 	EXP 	text_7: autoDraw = False
14.3175 	EXP 	text_8: autoDraw = True
15.6338 	DEBUG 	Read csv file with pandas: tilt_practice_2.csv
15.6347 	DEBUG 	Clearing unnamed columns from tilt_practice_2.csv
15.6352 	EXP 	Imported tilt_practice_2.csv as conditions, 6 conditions, 4 params
15.6354 	EXP 	New trial (rep=0, index=0): <Trial 0 (0 in rep 0) data={'center': -30, 'surround': -60, 'correct': 'z', 'opacity': 100, 'thisN': 0, 'thisTrialN': 0, 'thisRepN': 0}>
15.6378 	DATA 	Keypress: space
15.6407 	INFO 	Keyboard events cleared
15.6404 	EXP 	text_8: autoDraw = False
15.6404 	EXP 	surround_practice_2: ori = -60.0
15.6404 	EXP 	surround_practice_2: sf = array([2.5, 2.5])
15.6404 	EXP 	center_practice_2: ori = -30.0
15.6404 	EXP 	center_practice_2: sf = array([2.5, 2.5])
16.1344 	EXP 	surround_practice_2: autoDraw = True
16.1344 	EXP 	center_practice_2: autoDraw = True
16.1344 	EXP 	surround_practice_2: tex = 'sin'
16.1344 	EXP 	center_practice_2: tex = 'sin'
16.2028 	EXP 	text_12: autoDraw = True
16.2099 	EXP 	surround_practice_2: autoDraw = False
16.2099 	EXP 	center_practice_2: autoDraw = False
17.2514 	DATA 	Keypress: z
17.2553 	EXP 	surround_practice_2: autoDraw = False
17.2553 	EXP 	center_practice_2: autoDraw = False
17.2553 	EXP 	text_12: autoDraw = False
17.2553 	EXP 	text_16: height = 0.05
17.2553 	EXP 	text_16: height = 0.05
17.2553 	EXP 	text_16: height = 0.05
17.2553 	EXP 	text_16: text = 'Correct'
17.2553 	EXP 	text_16: autoDraw = True
18.7467 	EXP 	New trial (rep=0, index=1): <Trial 1 (1 in rep 0) data={'center': -30, 'surround': 0, 'correct': 'z', 'opacity': 100, 'thisN': 1, 'thisTrialN': 1, 'thisRepN': 0}>
18.7512 	INFO 	Keyboard events cleared
18.7510 	EXP 	text_16: autoDraw = False
18.7510 	EXP 	text_16: autoDraw = False
18.7510 	EXP 	surround_practice_2: ori = 0.0
18.7510 	EXP 	surround_practice_2: sf = array([2.5, 2.5])
18.7510 	EXP 	center_practice_2: ori = -30.0
18.7510 	EXP 	center_practice_2: sf = array([2.5, 2.5])
19.2432 	EXP 	surround_practice_2: autoDraw = True
19.2432 	EXP 	center_practice_2: autoDraw = True
19.3150 	EXP 	surround_practice_2: autoDraw = False
19.3150 	EXP 	center_practice_2: autoDraw = False
19.3150 	EXP 	text_12: autoDraw = True
20.5048 	DATA 	Keypress: period
20.5099 	EXP 	surround_practice_2: autoDraw = False
20.5099 	EXP 	center_practice_2: autoDraw = False
20.5099 	EXP 	text_12: autoDraw = False
20.5099 	EXP 	text_16: height = 0.05
20.5099 	EXP 	text_16: height = 0.05
20.5099 	EXP 	text_16: height = 0.05
20.5099 	EXP 	text_16: text = 'Incorrect'
20.5099 	EXP 	text_16: autoDraw = True
21.9964 	EXP 	New trial (rep=0, index=2): <Trial 2 (2 in rep 0) data={'center': 30, 'surround': 60, 'correct': 'period', 'opacity': 100, 'thisN': 2, 'thisTrialN': 2, 'thisRepN': 0}>
22.0010 	INFO 	Keyboard events cleared
22.0007 	EXP 	text_16: autoDraw = False
22.0007 	EXP 	text_16: autoDraw = False
22.0007 	EXP 	surround_practice_2: ori = 60.0
22.0007 	EXP 	surround_practice_2: sf = array([2.5, 2.5])
22.0007 	EXP 	center_practice_2: ori = 30.0
22.0007 	EXP 	center_practice_2: sf = array([2.5, 2.5])
22.4988 	EXP 	surround_practice_2: autoDraw = True
22.4988 	EXP 	center_practice_2: autoDraw = True
22.5768 	EXP 	surround_practice_2: autoDraw = False
22.5768 	EXP 	center_practice_2: autoDraw = False
22.5768 	EXP 	text_12: autoDraw = True
23.1002 	DATA 	Keypress: period
23.1031 	EXP 	surround_practice_2: autoDraw = False
23.1031 	EXP 	center_practice_2: autoDraw = False
23.1031 	EXP 	text_12: autoDraw = False
23.1031 	EXP 	text_16: height = 0.05
23.1031 	EXP 	text_16: height = 0.05
23.1031 	EXP 	text_16: height = 0.05
23.1031 	EXP 	text_16: text = 'Correct'
23.1031 	EXP 	text_16: autoDraw = True
24.5961 	EXP 	New trial (rep=0, index=3): <Trial 3 (3 in rep 0) data={'center': 30, 'surround': 0, 'correct': 'period', 'opacity': 100, 'thisN': 3, 'thisTrialN': 3, 'thisRepN': 0}>
24.5998 	INFO 	Keyboard events cleared
24.5995 	EXP 	text_16: autoDraw = False
24.5995 	EXP 	text_16: autoDraw = False
24.5995 	EXP 	surround_practice_2: ori = 0.0
24.5995 	EXP 	surround_practice_2: sf = array([2.5, 2.5])
24.5995 	EXP 	center_practice_2: ori = 30.0
24.5995 	EXP 	center_practice_2: sf = array([2.5, 2.5])
25.0932 	EXP 	surround_practice_2: autoDraw = True
25.0932 	EXP 	center_practice_2: autoDraw = True
25.1644 	EXP 	surround_practice_2: autoDraw = False
25.1644 	EXP 	center_practice_2: autoDraw = False
25.1644 	EXP 	text_12: autoDraw = True
25.6882 	DATA 	Keypress: period
25.6931 	EXP 	surround_practice_2: autoDraw = False
25.6931 	EXP 	center_practice_2: autoDraw = False
25.6931 	EXP 	text_12: autoDraw = False
25.6931 	EXP 	text_16: text = 'Correct'
25.6931 	EXP 	text_16: autoDraw = True
27.1794 	EXP 	New trial (rep=0, index=4): <Trial 4 (4 in rep 0) data={'center': -30, 'surround': 69, 'correct': 'z', 'opacity': 0, 'thisN': 4, 'thisTrialN': 4, 'thisRepN': 0}>
27.1830 	INFO 	Keyboard events cleared
27.1827 	EXP 	text_16: autoDraw = False
27.1827 	EXP 	text_16: autoDraw = False
27.1827 	EXP 	surround_practice_2: ori = 69.0
27.1827 	EXP 	surround_practice_2: sf = array([2.5, 2.5])
27.1827 	EXP 	center_practice_2: ori = -30.0
27.1827 	EXP 	center_practice_2: sf = array([2.5, 2.5])
27.6811 	EXP 	surround_practice_2: autoDraw = True
27.6811 	EXP 	center_practice_2: autoDraw = True
27.7602 	EXP 	surround_practice_2: autoDraw = False
27.7602 	EXP 	center_practice_2: autoDraw = False
27.7654 	EXP 	text_12: autoDraw = True
28.1378 	DATA 	Keypress: z
28.1433 	EXP 	surround_practice_2: autoDraw = False
28.1433 	EXP 	center_practice_2: autoDraw = False
28.1433 	EXP 	text_12: autoDraw = False
28.1433 	EXP 	text_16: text = 'Correct'
28.1433 	EXP 	text_16: autoDraw = True
29.6282 	EXP 	New trial (rep=0, index=5): <Trial 5 (5 in rep 0) data={'center': 30, 'surround': 69, 'correct': 'period', 'opacity': 0, 'thisN': 5, 'thisTrialN': 5, 'thisRepN': 0}>
29.6314 	INFO 	Keyboard events cleared
29.6310 	EXP 	text_16: autoDraw = False
29.6310 	EXP 	text_16: autoDraw = False
29.6310 	EXP 	surround_practice_2: ori = 69.0
29.6310 	EXP 	surround_practice_2: sf = array([2.5, 2.5])
29.6310 	EXP 	center_practice_2: ori = 30.0
29.6310 	EXP 	center_practice_2: sf = array([2.5, 2.5])
30.1320 	EXP 	surround_practice_2: autoDraw = True
30.1320 	EXP 	center_practice_2: autoDraw = True
30.2098 	EXP 	surround_practice_2: autoDraw = False
30.2098 	EXP 	center_practice_2: autoDraw = False
30.2139 	EXP 	text_12: autoDraw = True
30.9526 	DATA 	Keypress: z
30.9557 	EXP 	surround_practice_2: autoDraw = False
30.9557 	EXP 	center_practice_2: autoDraw = False
30.9557 	EXP 	text_12: autoDraw = False
30.9557 	EXP 	text_16: height = 0.05
30.9557 	EXP 	text_16: height = 0.05
30.9557 	EXP 	text_16: height = 0.05
30.9557 	EXP 	text_16: text = 'Incorrect'
30.9557 	EXP 	text_16: autoDraw = True
32.4496 	INFO 	Keyboard events cleared
32.4492 	EXP 	text_16: autoDraw = False
32.4492 	EXP 	text_16: autoDraw = False
32.4492 	EXP 	text_13: autoDraw = True
38.7290 	DEBUG 	Read csv file with pandas: mocs_stims_fixed.csv
38.7304 	DEBUG 	Clearing unnamed columns from mocs_stims_fixed.csv
38.7467 	EXP 	Imported mocs_stims_fixed.csv as conditions, 648 conditions, 6 params
38.7518 	EXP 	New trial (rep=0, index=0): <Trial 0 (0 in rep 0) data={'center': -8, 'surround': -15.0, 'type': 'c-8', 'surr_type': 'negs', 'surr_opacity': 100, 'isi': 0.75, 'thisN': 0, 'thisTrialN': 0, 'thisRepN': 0}>
38.7548 	DATA 	Keypress: space
38.7581 	INFO 	Keyboard events cleared
38.7577 	EXP 	text_13: autoDraw = False
38.7577 	EXP 	surround_grating: ori = -15.0
38.7577 	EXP 	surround_grating: sf = array([2.5, 2.5])
38.7577 	EXP 	surround_grating: phase = array([0.71084268, 0.71084268])
38.7577 	EXP 	center_grating: ori = -8.0
38.7577 	EXP 	center_grating: sf = array([2.5, 2.5])
38.7577 	EXP 	center_grating: phase = array([0.72090099, 0.72090099])
39.4698 	EXP 	surround_grating: autoDraw = True
39.4698 	EXP 	center_grating: autoDraw = True
39.4698 	EXP 	surround_grating: tex = 'sin'
39.4698 	EXP 	center_grating: tex = 'sin'
39.5476 	EXP 	surround_grating: autoDraw = False
39.5476 	EXP 	center_grating: autoDraw = False
40.8962 	EXP 	New trial (rep=0, index=1): <Trial 1 (1 in rep 0) data={'center': 2, 'surround': -15.0, 'type': 'c+2', 'surr_type': 'negs', 'surr_opacity': 100, 'isi': 1.25, 'thisN': 1, 'thisTrialN': 1, 'thisRepN': 0}>
40.8985 	DATA 	Keypress: z
40.9014 	INFO 	Keyboard events cleared
40.9011 	EXP 	surround_grating: autoDraw = False
40.9011 	EXP 	center_grating: autoDraw = False
40.9011 	EXP 	text_2: autoDraw = False
40.9011 	EXP 	surround_grating: ori = -15.0
40.9011 	EXP 	surround_grating: sf = array([2.5, 2.5])
40.9011 	EXP 	surround_grating: phase = array([0.09032605, 0.09032605])
40.9011 	EXP 	center_grating: ori = 2.0
40.9011 	EXP 	center_grating: sf = array([2.5, 2.5])
40.9011 	EXP 	center_grating: phase = array([0.45761669, 0.45761669])
42.1433 	EXP 	surround_grating: autoDraw = True
42.1433 	EXP 	center_grating: autoDraw = True
42.2154 	EXP 	surround_grating: autoDraw = False
42.2154 	EXP 	center_grating: autoDraw = False
42.9348 	EXP 	New trial (rep=0, index=2): <Trial 2 (2 in rep 0) data={'center': 1, 'surround': 0.0, 'type': 'c+1', 'surr_type': 'noss', 'surr_opacity': 0, 'isi': 1.25, 'thisN': 2, 'thisTrialN': 2, 'thisRepN': 0}>
42.9375 	DATA 	Keypress: period
42.9437 	INFO 	Keyboard events cleared
42.9433 	EXP 	surround_grating: autoDraw = False
42.9433 	EXP 	center_grating: autoDraw = False
42.9433 	EXP 	text_2: autoDraw = False
42.9433 	EXP 	surround_grating: ori = 0.0
42.9433 	EXP 	surround_grating: sf = array([2.5, 2.5])
42.9433 	EXP 	surround_grating: phase = array([0.70436916, 0.70436916])
42.9433 	EXP 	center_grating: ori = 1.0
42.9433 	EXP 	center_grating: sf = array([2.5, 2.5])
42.9433 	EXP 	center_grating: phase = array([0.29221548, 0.29221548])
44.1826 	EXP 	surround_grating: autoDraw = True
44.1826 	EXP 	center_grating: autoDraw = True
44.2598 	EXP 	surround_grating: autoDraw = False
44.2598 	EXP 	center_grating: autoDraw = False
45.4138 	EXP 	New trial (rep=0, index=3): <Trial 3 (3 in rep 0) data={'center': 0, 'surround': 15.0, 'type': 'c+0', 'surr_type': 'poss', 'surr_opacity': 100, 'isi': 0.75, 'thisN': 3, 'thisTrialN': 3, 'thisRepN': 0}>
45.4167 	DATA 	Keypress: period
45.4197 	INFO 	Keyboard events cleared
45.4193 	EXP 	surround_grating: autoDraw = False
45.4193 	EXP 	center_grating: autoDraw = False
45.4193 	EXP 	text_2: autoDraw = False
45.4193 	EXP 	surround_grating: ori = 15.0
45.4193 	EXP 	surround_grating: sf = array([2.5, 2.5])
45.4193 	EXP 	surround_grating: phase = array([0.2297674, 0.2297674])
45.4193 	EXP 	center_grating: ori = 0.0
45.4193 	EXP 	center_grating: sf = array([2.5, 2.5])
45.4193 	EXP 	center_grating: phase = array([0.31092155, 0.31092155])
46.1598 	EXP 	surround_grating: autoDraw = True
46.1598 	EXP 	center_grating: autoDraw = True
46.2309 	EXP 	surround_grating: autoDraw = False
46.2309 	EXP 	center_grating: autoDraw = False
46.9637 	EXP 	New trial (rep=0, index=4): <Trial 4 (4 in rep 0) data={'center': 0, 'surround': -15.0, 'type': 'c+0', 'surr_type': 'negs', 'surr_opacity': 100, 'isi': 0.5, 'thisN': 4, 'thisTrialN': 4, 'thisRepN': 0}>
46.9668 	DATA 	Keypress: z
46.9701 	INFO 	Keyboard events cleared
46.9697 	EXP 	surround_grating: autoDraw = False
46.9697 	EXP 	center_grating: autoDraw = False
46.9697 	EXP 	text_2: autoDraw = False
46.9697 	EXP 	surround_grating: ori = -15.0
46.9697 	EXP 	surround_grating: sf = array([2.5, 2.5])
46.9697 	EXP 	surround_grating: phase = array([0.77352929, 0.77352929])
46.9697 	EXP 	center_grating: ori = 0.0
46.9697 	EXP 	center_grating: sf = array([2.5, 2.5])
46.9697 	EXP 	center_grating: phase = array([0.0418791, 0.0418791])
47.4606 	EXP 	surround_grating: autoDraw = True
47.4606 	EXP 	center_grating: autoDraw = True
47.5312 	EXP 	surround_grating: autoDraw = False
47.5312 	EXP 	center_grating: autoDraw = False
48.1135 	EXP 	New trial (rep=0, index=5): <Trial 5 (5 in rep 0) data={'center': -4, 'surround': 0.0, 'type': 'c-4', 'surr_type': 'noss', 'surr_opacity': 0, 'isi': 0.5, 'thisN': 5, 'thisTrialN': 5, 'thisRepN': 0}>
48.1165 	DATA 	Keypress: period
48.1200 	INFO 	Keyboard events cleared
48.1196 	EXP 	surround_grating: autoDraw = False
48.1196 	EXP 	center_grating: autoDraw = False
48.1196 	EXP 	text_2: autoDraw = False
48.1196 	EXP 	surround_grating: ori = 0.0
48.1196 	EXP 	surround_grating: sf = array([2.5, 2.5])
48.1196 	EXP 	surround_grating: phase = array([0.89704261, 0.89704261])
48.1196 	EXP 	center_grating: ori = -4.0
48.1196 	EXP 	center_grating: sf = array([2.5, 2.5])
48.1196 	EXP 	center_grating: phase = array([0.21138981, 0.21138981])
48.6102 	EXP 	surround_grating: autoDraw = True
48.6102 	EXP 	center_grating: autoDraw = True
48.6817 	EXP 	surround_grating: autoDraw = False
48.6817 	EXP 	center_grating: autoDraw = False
49.2695 	EXP 	New trial (rep=0, index=6): <Trial 6 (6 in rep 0) data={'center': 4, 'surround': 0.0, 'type': 'c+4', 'surr_type': 'noss', 'surr_opacity': 0, 'isi': 0.5, 'thisN': 6, 'thisTrialN': 6, 'thisRepN': 0}>
49.2725 	DATA 	Keypress: z
49.2766 	INFO 	Keyboard events cleared
49.2763 	EXP 	surround_grating: autoDraw = False
49.2763 	EXP 	center_grating: autoDraw = False
49.2763 	EXP 	text_2: autoDraw = False
49.2763 	EXP 	surround_grating: ori = 0.0
49.2763 	EXP 	surround_grating: sf = array([2.5, 2.5])
49.2763 	EXP 	surround_grating: phase = array([0.87896745, 0.87896745])
49.2763 	EXP 	center_grating: ori = 4.0
49.2763 	EXP 	center_grating: sf = array([2.5, 2.5])
49.2763 	EXP 	center_grating: phase = array([0.00017254, 0.00017254])
49.7657 	EXP 	surround_grating: autoDraw = True
49.7657 	EXP 	center_grating: autoDraw = True
49.8432 	EXP 	surround_grating: autoDraw = False
49.8432 	EXP 	center_grating: autoDraw = False
50.4138 	EXP 	New trial (rep=0, index=7): <Trial 7 (7 in rep 0) data={'center': 6, 'surround': 15.0, 'type': 'c+6', 'surr_type': 'poss', 'surr_opacity': 100, 'isi': 0.75, 'thisN': 7, 'thisTrialN': 7, 'thisRepN': 0}>
50.4167 	DATA 	Keypress: period
50.4200 	INFO 	Keyboard events cleared
50.4196 	EXP 	surround_grating: autoDraw = False
50.4196 	EXP 	center_grating: autoDraw = False
50.4196 	EXP 	text_2: autoDraw = False
50.4196 	EXP 	surround_grating: ori = 15.0
50.4196 	EXP 	surround_grating: sf = array([2.5, 2.5])
50.4196 	EXP 	surround_grating: phase = array([0.06589425, 0.06589425])
50.4196 	EXP 	center_grating: ori = 6.0
50.4196 	EXP 	center_grating: sf = array([2.5, 2.5])
50.4196 	EXP 	center_grating: phase = array([0.00081216, 0.00081216])
51.1598 	EXP 	surround_grating: autoDraw = True
51.1598 	EXP 	center_grating: autoDraw = True
51.2317 	EXP 	surround_grating: autoDraw = False
51.2317 	EXP 	center_grating: autoDraw = False
51.9140 	EXP 	New trial (rep=0, index=8): <Trial 8 (8 in rep 0) data={'center': 6, 'surround': 15.0, 'type': 'c+6', 'surr_type': 'poss', 'surr_opacity': 100, 'isi': 1.0, 'thisN': 8, 'thisTrialN': 8, 'thisRepN': 0}>
51.9174 	DATA 	Keypress: period
51.9208 	INFO 	Keyboard events cleared
51.9205 	EXP 	surround_grating: autoDraw = False
51.9205 	EXP 	center_grating: autoDraw = False
51.9205 	EXP 	text_2: autoDraw = False
51.9205 	EXP 	surround_grating: ori = 15.0
51.9205 	EXP 	surround_grating: sf = array([2.5, 2.5])
51.9205 	EXP 	surround_grating: phase = array([0.77106622, 0.77106622])
51.9205 	EXP 	center_grating: ori = 6.0
51.9205 	EXP 	center_grating: sf = array([2.5, 2.5])
51.9205 	EXP 	center_grating: phase = array([0.82086527, 0.82086527])
52.9098 	EXP 	surround_grating: autoDraw = True
52.9098 	EXP 	center_grating: autoDraw = True
52.9815 	EXP 	surround_grating: autoDraw = False
52.9815 	EXP 	center_grating: autoDraw = False
53.5469 	EXP 	New trial (rep=0, index=9): <Trial 9 (9 in rep 0) data={'center': -8, 'surround': -15.0, 'type': 'c-8', 'surr_type': 'negs', 'surr_opacity': 100, 'isi': 1.25, 'thisN': 9, 'thisTrialN': 9, 'thisRepN': 0}>
53.5499 	DATA 	Keypress: period
53.5533 	INFO 	Keyboard events cleared
53.5530 	EXP 	surround_grating: autoDraw = False
53.5530 	EXP 	center_grating: autoDraw = False
53.5530 	EXP 	text_2: autoDraw = False
53.5530 	EXP 	surround_grating: ori = -15.0
53.5530 	EXP 	surround_grating: sf = array([2.5, 2.5])
53.5530 	EXP 	surround_grating: phase = array([0.14648505, 0.14648505])
53.5530 	EXP 	center_grating: ori = -8.0
53.5530 	EXP 	center_grating: sf = array([2.5, 2.5])
53.5530 	EXP 	center_grating: phase = array([0.35133759, 0.35133759])
54.7939 	EXP 	surround_grating: autoDraw = True
54.7939 	EXP 	center_grating: autoDraw = True
54.8643 	EXP 	surround_grating: autoDraw = False
54.8643 	EXP 	center_grating: autoDraw = False
55.4302 	EXP 	New trial (rep=0, index=10): <Trial 10 (10 in rep 0) data={'center': 2, 'surround': -15.0, 'type': 'c+2', 'surr_type': 'negs', 'surr_opacity': 100, 'isi': 1.25, 'thisN': 10, 'thisTrialN': 10, 'thisRepN': 0}>
55.4331 	DATA 	Keypress: z
55.4364 	INFO 	Keyboard events cleared
55.4360 	EXP 	surround_grating: autoDraw = False
55.4360 	EXP 	center_grating: autoDraw = False
55.4360 	EXP 	text_2: autoDraw = False
55.4360 	EXP 	surround_grating: ori = -15.0
55.4360 	EXP 	surround_grating: sf = array([2.5, 2.5])
55.4360 	EXP 	surround_grating: phase = array([0.50167014, 0.50167014])
55.4360 	EXP 	center_grating: ori = 2.0
55.4360 	EXP 	center_grating: sf = array([2.5, 2.5])
55.4360 	EXP 	center_grating: phase = array([0.85329385, 0.85329385])
56.6765 	EXP 	surround_grating: autoDraw = True
56.6765 	EXP 	center_grating: autoDraw = True
56.7495 	EXP 	surround_grating: autoDraw = False
56.7495 	EXP 	center_grating: autoDraw = False
57.2204 	DATA 	Keypress: period
57.2290 	EXP 	New trial (rep=0, index=11): <Trial 11 (11 in rep 0) data={'center': -2, 'surround': -15.0, 'type': 'c-2', 'surr_type': 'negs', 'surr_opacity': 100, 'isi': 1.0, 'thisN': 11, 'thisTrialN': 11, 'thisRepN': 0}>
57.2326 	INFO 	Keyboard events cleared
57.2322 	EXP 	surround_grating: autoDraw = False
57.2322 	EXP 	center_grating: autoDraw = False
57.2322 	EXP 	text_2: autoDraw = False
57.2322 	EXP 	surround_grating: ori = -15.0
57.2322 	EXP 	surround_grating: sf = array([2.5, 2.5])
57.2322 	EXP 	surround_grating: phase = array([0.97251391, 0.97251391])
57.2322 	EXP 	center_grating: ori = -2.0
57.2322 	EXP 	center_grating: sf = array([2.5, 2.5])
57.2322 	EXP 	center_grating: phase = array([0.77717422, 0.77717422])
58.2268 	EXP 	surround_grating: autoDraw = True
58.2268 	EXP 	center_grating: autoDraw = True
58.2995 	EXP 	surround_grating: autoDraw = False
58.2995 	EXP 	center_grating: autoDraw = False
58.9675 	EXP 	New trial (rep=0, index=12): <Trial 12 (12 in rep 0) data={'center': 2, 'surround': 0.0, 'type': 'c+2', 'surr_type': 'noss', 'surr_opacity': 0, 'isi': 0.5, 'thisN': 12, 'thisTrialN': 12, 'thisRepN': 0}>
58.9732 	DATA 	Keypress: period
58.9774 	INFO 	Keyboard events cleared
58.9769 	EXP 	surround_grating: autoDraw = False
58.9769 	EXP 	center_grating: autoDraw = False
58.9769 	EXP 	text_2: autoDraw = False
58.9769 	EXP 	surround_grating: ori = 0.0
58.9769 	EXP 	surround_grating: sf = array([2.5, 2.5])
58.9769 	EXP 	surround_grating: phase = array([0.12593618, 0.12593618])
58.9769 	EXP 	center_grating: ori = 2.0
58.9769 	EXP 	center_grating: sf = array([2.5, 2.5])
58.9769 	EXP 	center_grating: phase = array([0.56624428, 0.56624428])
59.4642 	EXP 	surround_grating: autoDraw = True
59.4642 	EXP 	center_grating: autoDraw = True
59.5441 	EXP 	surround_grating: autoDraw = False
59.5441 	EXP 	center_grating: autoDraw = False
60.0286 	EXP 	New trial (rep=0, index=13): <Trial 13 (13 in rep 0) data={'center': 0, 'surround': -15.0, 'type': 'c+0', 'surr_type': 'negs', 'surr_opacity': 100, 'isi': 0.5, 'thisN': 13, 'thisTrialN': 13, 'thisRepN': 0}>
60.0325 	DATA 	Keypress: period
60.0373 	INFO 	Keyboard events cleared
60.0358 	EXP 	surround_grating: autoDraw = False
60.0358 	EXP 	center_grating: autoDraw = False
60.0358 	EXP 	text_2: autoDraw = False
60.0358 	EXP 	surround_grating: ori = -15.0
60.0358 	EXP 	surround_grating: sf = array([2.5, 2.5])
60.0358 	EXP 	surround_grating: phase = array([0.42848857, 0.42848857])
60.0358 	EXP 	center_grating: ori = 0.0
60.0358 	EXP 	center_grating: sf = array([2.5, 2.5])
60.0358 	EXP 	center_grating: phase = array([0.52412307, 0.52412307])
60.5270 	EXP 	surround_grating: autoDraw = True
60.5270 	EXP 	center_grating: autoDraw = True
60.5989 	EXP 	surround_grating: autoDraw = False
60.5989 	EXP 	center_grating: autoDraw = False
61.1032 	EXP 	New trial (rep=0, index=14): <Trial 14 (14 in rep 0) data={'center': -2, 'surround': -15.0, 'type': 'c-2', 'surr_type': 'negs', 'surr_opacity': 100, 'isi': 1.25, 'thisN': 14, 'thisTrialN': 14, 'thisRepN': 0}>
61.1103 	DATA 	Keypress: period
61.1163 	INFO 	Keyboard events cleared
61.1151 	EXP 	surround_grating: autoDraw = False
61.1151 	EXP 	center_grating: autoDraw = False
61.1151 	EXP 	text_2: autoDraw = False
61.1151 	EXP 	surround_grating: ori = -15.0
61.1151 	EXP 	surround_grating: sf = array([2.5, 2.5])
61.1151 	EXP 	surround_grating: phase = array([0.18118909, 0.18118909])
61.1151 	EXP 	center_grating: ori = -2.0
61.1151 	EXP 	center_grating: sf = array([2.5, 2.5])
61.1151 	EXP 	center_grating: phase = array([0.13474955, 0.13474955])
62.3494 	EXP 	surround_grating: autoDraw = True
62.3494 	EXP 	center_grating: autoDraw = True
62.4265 	EXP 	surround_grating: autoDraw = False
62.4265 	EXP 	center_grating: autoDraw = False
62.9526 	EXP 	New trial (rep=0, index=15): <Trial 15 (15 in rep 0) data={'center': 4, 'surround': 15.0, 'type': 'c+4', 'surr_type': 'poss', 'surr_opacity': 100, 'isi': 1.25, 'thisN': 15, 'thisTrialN': 15, 'thisRepN': 0}>
62.9557 	DATA 	Keypress: period
62.9599 	INFO 	Keyboard events cleared
62.9596 	EXP 	surround_grating: autoDraw = False
62.9596 	EXP 	center_grating: autoDraw = False
62.9596 	EXP 	text_2: autoDraw = False
62.9596 	EXP 	surround_grating: ori = 15.0
62.9596 	EXP 	surround_grating: sf = array([2.5, 2.5])
62.9596 	EXP 	surround_grating: phase = array([0.857029, 0.857029])
62.9596 	EXP 	center_grating: ori = 4.0
62.9596 	EXP 	center_grating: sf = array([2.5, 2.5])
62.9596 	EXP 	center_grating: phase = array([0.58722308, 0.58722308])
64.1987 	EXP 	surround_grating: autoDraw = True
64.1987 	EXP 	center_grating: autoDraw = True
64.2764 	EXP 	surround_grating: autoDraw = False
64.2764 	EXP 	center_grating: autoDraw = False
65.0365 	EXP 	New trial (rep=0, index=16): <Trial 16 (16 in rep 0) data={'center': 1, 'surround': 0.0, 'type': 'c+1', 'surr_type': 'noss', 'surr_opacity': 0, 'isi': 0.5, 'thisN': 16, 'thisTrialN': 16, 'thisRepN': 0}>
65.0394 	DATA 	Keypress: period
65.0433 	INFO 	Keyboard events cleared
65.0430 	EXP 	surround_grating: autoDraw = False
65.0430 	EXP 	center_grating: autoDraw = False
65.0430 	EXP 	text_2: autoDraw = False
65.0430 	EXP 	surround_grating: ori = 0.0
65.0430 	EXP 	surround_grating: sf = array([2.5, 2.5])
65.0430 	EXP 	surround_grating: phase = array([0.93937139, 0.93937139])
65.0430 	EXP 	center_grating: ori = 1.0
65.0430 	EXP 	center_grating: sf = array([2.5, 2.5])
65.0430 	EXP 	center_grating: phase = array([0.14980689, 0.14980689])
65.5337 	EXP 	surround_grating: autoDraw = True
65.5337 	EXP 	center_grating: autoDraw = True
65.6101 	EXP 	surround_grating: autoDraw = False
65.6101 	EXP 	center_grating: autoDraw = False
66.8632 	EXP 	New trial (rep=0, index=17): <Trial 17 (17 in rep 0) data={'center': 4, 'surround': 0.0, 'type': 'c+4', 'surr_type': 'noss', 'surr_opacity': 0, 'isi': 0.75, 'thisN': 17, 'thisTrialN': 17, 'thisRepN': 0}>
66.8659 	DATA 	Keypress: z
66.8688 	INFO 	Keyboard events cleared
66.8685 	EXP 	surround_grating: autoDraw = False
66.8685 	EXP 	center_grating: autoDraw = False
66.8685 	EXP 	text_2: autoDraw = False
66.8685 	EXP 	surround_grating: ori = 0.0
66.8685 	EXP 	surround_grating: sf = array([2.5, 2.5])
66.8685 	EXP 	surround_grating: phase = array([0.21126173, 0.21126173])
66.8685 	EXP 	center_grating: ori = 4.0
66.8685 	EXP 	center_grating: sf = array([2.5, 2.5])
66.8685 	EXP 	center_grating: phase = array([0.15674706, 0.15674706])
67.6097 	EXP 	surround_grating: autoDraw = True
67.6097 	EXP 	center_grating: autoDraw = True
67.6812 	EXP 	surround_grating: autoDraw = False
67.6812 	EXP 	center_grating: autoDraw = False
68.1479 	DATA 	Keypress: period
68.1532 	EXP 	New trial (rep=0, index=18): <Trial 18 (18 in rep 0) data={'center': 6, 'surround': 15.0, 'type': 'c+6', 'surr_type': 'poss', 'surr_opacity': 100, 'isi': 1.0, 'thisN': 18, 'thisTrialN': 18, 'thisRepN': 0}>
68.1601 	INFO 	Keyboard events cleared
68.1598 	EXP 	surround_grating: autoDraw = False
68.1598 	EXP 	center_grating: autoDraw = False
68.1598 	EXP 	text_2: autoDraw = False
68.1598 	EXP 	surround_grating: ori = 15.0
68.1598 	EXP 	surround_grating: sf = array([2.5, 2.5])
68.1598 	EXP 	surround_grating: phase = array([0.44395326, 0.44395326])
68.1598 	EXP 	center_grating: ori = 6.0
68.1598 	EXP 	center_grating: sf = array([2.5, 2.5])
68.1598 	EXP 	center_grating: phase = array([0.06817472, 0.06817472])
69.1487 	EXP 	surround_grating: autoDraw = True
69.1487 	EXP 	center_grating: autoDraw = True
69.2264 	EXP 	surround_grating: autoDraw = False
69.2264 	EXP 	center_grating: autoDraw = False
69.8010 	EXP 	New trial (rep=0, index=19): <Trial 19 (19 in rep 0) data={'center': -4, 'surround': 0.0, 'type': 'c-4', 'surr_type': 'noss', 'surr_opacity': 0, 'isi': 1.25, 'thisN': 19, 'thisTrialN': 19, 'thisRepN': 0}>
69.8036 	DATA 	Keypress: period
69.8102 	INFO 	Keyboard events cleared
69.8098 	EXP 	surround_grating: autoDraw = False
69.8098 	EXP 	center_grating: autoDraw = False
69.8098 	EXP 	text_2: autoDraw = False
69.8098 	EXP 	surround_grating: ori = 0.0
69.8098 	EXP 	surround_grating: sf = array([2.5, 2.5])
69.8098 	EXP 	surround_grating: phase = array([0.27189122, 0.27189122])
69.8098 	EXP 	center_grating: ori = -4.0
69.8098 	EXP 	center_grating: sf = array([2.5, 2.5])
69.8098 	EXP 	center_grating: phase = array([0.41841875, 0.41841875])
71.0484 	EXP 	surround_grating: autoDraw = True
71.0484 	EXP 	center_grating: autoDraw = True
71.1264 	EXP 	surround_grating: autoDraw = False
71.1264 	EXP 	center_grating: autoDraw = False
71.5515 	EXP 	New trial (rep=0, index=20): <Trial 20 (20 in rep 0) data={'center': 2, 'surround': 0.0, 'type': 'c+2', 'surr_type': 'noss', 'surr_opacity': 0, 'isi': 1.0, 'thisN': 20, 'thisTrialN': 20, 'thisRepN': 0}>
71.5542 	DATA 	Keypress: z
71.5601 	INFO 	Keyboard events cleared
71.5597 	EXP 	surround_grating: autoDraw = False
71.5597 	EXP 	center_grating: autoDraw = False
71.5597 	EXP 	text_2: autoDraw = False
71.5597 	EXP 	surround_grating: ori = 0.0
71.5597 	EXP 	surround_grating: sf = array([2.5, 2.5])
71.5597 	EXP 	surround_grating: phase = array([0.24292205, 0.24292205])
71.5597 	EXP 	center_grating: ori = 2.0
71.5597 	EXP 	center_grating: sf = array([2.5, 2.5])
71.5597 	EXP 	center_grating: phase = array([0.83283329, 0.83283329])
72.5484 	EXP 	surround_grating: autoDraw = True
72.5484 	EXP 	center_grating: autoDraw = True
72.6265 	EXP 	surround_grating: autoDraw = False
72.6265 	EXP 	center_grating: autoDraw = False
73.0195 	EXP 	New trial (rep=0, index=21): <Trial 21 (21 in rep 0) data={'center': 2, 'surround': -15.0, 'type': 'c+2', 'surr_type': 'negs', 'surr_opacity': 100, 'isi': 0.75, 'thisN': 21, 'thisTrialN': 21, 'thisRepN': 0}>
73.0224 	DATA 	Keypress: period
73.0266 	INFO 	Keyboard events cleared
73.0263 	EXP 	surround_grating: autoDraw = False
73.0263 	EXP 	center_grating: autoDraw = False
73.0263 	EXP 	text_2: autoDraw = False
73.0263 	EXP 	surround_grating: ori = -15.0
73.0263 	EXP 	surround_grating: sf = array([2.5, 2.5])
73.0263 	EXP 	surround_grating: phase = array([0.55148304, 0.55148304])
73.0263 	EXP 	center_grating: ori = 2.0
73.0263 	EXP 	center_grating: sf = array([2.5, 2.5])
73.0263 	EXP 	center_grating: phase = array([0.24227886, 0.24227886])
73.7654 	EXP 	surround_grating: autoDraw = True
73.7654 	EXP 	center_grating: autoDraw = True
73.8435 	EXP 	surround_grating: autoDraw = False
73.8435 	EXP 	center_grating: autoDraw = False
74.2858 	EXP 	New trial (rep=0, index=22): <Trial 22 (22 in rep 0) data={'center': 6, 'surround': 15.0, 'type': 'c+6', 'surr_type': 'poss', 'surr_opacity': 100, 'isi': 0.75, 'thisN': 22, 'thisTrialN': 22, 'thisRepN': 0}>
74.2895 	DATA 	Keypress: period
74.2936 	INFO 	Keyboard events cleared
74.2932 	EXP 	surround_grating: autoDraw = False
74.2932 	EXP 	center_grating: autoDraw = False
74.2932 	EXP 	text_2: autoDraw = False
74.2932 	EXP 	surround_grating: ori = 15.0
74.2932 	EXP 	surround_grating: sf = array([2.5, 2.5])
74.2932 	EXP 	surround_grating: phase = array([0.26489305, 0.26489305])
74.2932 	EXP 	center_grating: ori = 6.0
74.2932 	EXP 	center_grating: sf = array([2.5, 2.5])
74.2932 	EXP 	center_grating: phase = array([0.77751718, 0.77751718])
75.0328 	EXP 	surround_grating: autoDraw = True
75.0328 	EXP 	center_grating: autoDraw = True
75.1099 	EXP 	surround_grating: autoDraw = False
75.1099 	EXP 	center_grating: autoDraw = False
75.5637 	EXP 	New trial (rep=0, index=23): <Trial 23 (23 in rep 0) data={'center': 0, 'surround': 15.0, 'type': 'c+0', 'surr_type': 'poss', 'surr_opacity': 100, 'isi': 1.0, 'thisN': 23, 'thisTrialN': 23, 'thisRepN': 0}>
75.5666 	DATA 	Keypress: period
75.5695 	INFO 	Keyboard events cleared
75.5691 	EXP 	surround_grating: autoDraw = False
75.5691 	EXP 	center_grating: autoDraw = False
75.5691 	EXP 	text_2: autoDraw = False
75.5691 	EXP 	surround_grating: ori = 15.0
75.5691 	EXP 	surround_grating: sf = array([2.5, 2.5])
75.5691 	EXP 	surround_grating: phase = array([0.0493567, 0.0493567])
75.5691 	EXP 	center_grating: ori = 0.0
75.5691 	EXP 	center_grating: sf = array([2.5, 2.5])
75.5691 	EXP 	center_grating: phase = array([0.18677991, 0.18677991])
76.5598 	EXP 	surround_grating: autoDraw = True
76.5598 	EXP 	center_grating: autoDraw = True
76.6311 	EXP 	surround_grating: autoDraw = False
76.6311 	EXP 	center_grating: autoDraw = False
77.0853 	EXP 	New trial (rep=0, index=24): <Trial 24 (24 in rep 0) data={'center': 2, 'surround': 0.0, 'type': 'c+2', 'surr_type': 'noss', 'surr_opacity': 0, 'isi': 0.5, 'thisN': 24, 'thisTrialN': 24, 'thisRepN': 0}>
77.0881 	DATA 	Keypress: z
77.0933 	INFO 	Keyboard events cleared
77.0930 	EXP 	surround_grating: autoDraw = False
77.0930 	EXP 	center_grating: autoDraw = False
77.0930 	EXP 	text_2: autoDraw = False
77.0930 	EXP 	surround_grating: ori = 0.0
77.0930 	EXP 	surround_grating: sf = array([2.5, 2.5])
77.0930 	EXP 	surround_grating: phase = array([0.97455659, 0.97455659])
77.0930 	EXP 	center_grating: ori = 2.0
77.0930 	EXP 	center_grating: sf = array([2.5, 2.5])
77.0930 	EXP 	center_grating: phase = array([0.78391681, 0.78391681])
77.5832 	EXP 	surround_grating: autoDraw = True
77.5832 	EXP 	center_grating: autoDraw = True
77.6640 	EXP 	surround_grating: autoDraw = False
77.6640 	EXP 	center_grating: autoDraw = False
78.1466 	EXP 	New trial (rep=0, index=25): <Trial 25 (25 in rep 0) data={'center': 0, 'surround': -15.0, 'type': 'c+0', 'surr_type': 'negs', 'surr_opacity': 100, 'isi': 1.25, 'thisN': 25, 'thisTrialN': 25, 'thisRepN': 0}>
78.1494 	DATA 	Keypress: period
78.1524 	INFO 	Keyboard events cleared
78.1520 	EXP 	surround_grating: autoDraw = False
78.1520 	EXP 	center_grating: autoDraw = False
78.1520 	EXP 	text_2: autoDraw = False
78.1520 	EXP 	surround_grating: ori = -15.0
78.1520 	EXP 	surround_grating: sf = array([2.5, 2.5])
78.1520 	EXP 	surround_grating: phase = array([0.50196382, 0.50196382])
78.1520 	EXP 	center_grating: ori = 0.0
78.1520 	EXP 	center_grating: sf = array([2.5, 2.5])
78.1520 	EXP 	center_grating: phase = array([0.3831795, 0.3831795])
79.3934 	EXP 	surround_grating: autoDraw = True
79.3934 	EXP 	center_grating: autoDraw = True
79.4647 	EXP 	surround_grating: autoDraw = False
79.4647 	EXP 	center_grating: autoDraw = False
80.0131 	EXP 	New trial (rep=0, index=26): <Trial 26 (26 in rep 0) data={'center': 2, 'surround': 15.0, 'type': 'c+2', 'surr_type': 'poss', 'surr_opacity': 100, 'isi': 1.25, 'thisN': 26, 'thisTrialN': 26, 'thisRepN': 0}>
80.0159 	DATA 	Keypress: period
80.0189 	INFO 	Keyboard events cleared
80.0185 	EXP 	surround_grating: autoDraw = False
80.0185 	EXP 	center_grating: autoDraw = False
80.0185 	EXP 	text_2: autoDraw = False
80.0185 	EXP 	surround_grating: ori = 15.0
80.0185 	EXP 	surround_grating: sf = array([2.5, 2.5])
80.0185 	EXP 	surround_grating: phase = array([0.05635855, 0.05635855])
80.0185 	EXP 	center_grating: ori = 2.0
80.0185 	EXP 	center_grating: sf = array([2.5, 2.5])
80.0185 	EXP 	center_grating: phase = array([0.42572941, 0.42572941])
81.2598 	EXP 	surround_grating: autoDraw = True
81.2598 	EXP 	center_grating: autoDraw = True
81.3320 	EXP 	surround_grating: autoDraw = False
81.3320 	EXP 	center_grating: autoDraw = False
82.1472 	EXP 	New trial (rep=0, index=27): <Trial 27 (27 in rep 0) data={'center': 2, 'surround': 0.0, 'type': 'c+2', 'surr_type': 'noss', 'surr_opacity': 0, 'isi': 1.0, 'thisN': 27, 'thisTrialN': 27, 'thisRepN': 0}>
82.1506 	DATA 	Keypress: period
82.1546 	INFO 	Keyboard events cleared
82.1542 	EXP 	surround_grating: autoDraw = False
82.1542 	EXP 	center_grating: autoDraw = False
82.1542 	EXP 	text_2: autoDraw = False
82.1542 	EXP 	surround_grating: ori = 0.0
82.1542 	EXP 	surround_grating: sf = array([2.5, 2.5])
82.1542 	EXP 	surround_grating: phase = array([0.60678744, 0.60678744])
82.1542 	EXP 	center_grating: ori = 2.0
82.1542 	EXP 	center_grating: sf = array([2.5, 2.5])
82.1542 	EXP 	center_grating: phase = array([0.99410952, 0.99410952])
83.1434 	EXP 	surround_grating: autoDraw = True
83.1434 	EXP 	center_grating: autoDraw = True
83.2156 	EXP 	surround_grating: autoDraw = False
83.2156 	EXP 	center_grating: autoDraw = False
83.6631 	EXP 	New trial (rep=0, index=28): <Trial 28 (28 in rep 0) data={'center': -1, 'surround': 0.0, 'type': 'c-1', 'surr_type': 'noss', 'surr_opacity': 0, 'isi': 1.0, 'thisN': 28, 'thisTrialN': 28, 'thisRepN': 0}>
83.6658 	DATA 	Keypress: period
83.6687 	INFO 	Keyboard events cleared
83.6683 	EXP 	surround_grating: autoDraw = False
83.6683 	EXP 	center_grating: autoDraw = False
83.6683 	EXP 	text_2: autoDraw = False
83.6683 	EXP 	surround_grating: ori = 0.0
83.6683 	EXP 	surround_grating: sf = array([2.5, 2.5])
83.6683 	EXP 	surround_grating: phase = array([0.7827735, 0.7827735])
83.6683 	EXP 	center_grating: ori = -1.0
83.6683 	EXP 	center_grating: sf = array([2.5, 2.5])
83.6683 	EXP 	center_grating: phase = array([0.40490446, 0.40490446])
84.6598 	EXP 	surround_grating: autoDraw = True
84.6598 	EXP 	center_grating: autoDraw = True
84.7311 	EXP 	surround_grating: autoDraw = False
84.7311 	EXP 	center_grating: autoDraw = False
85.1631 	EXP 	New trial (rep=0, index=29): <Trial 29 (29 in rep 0) data={'center': -2, 'surround': 15.0, 'type': 'c-2', 'surr_type': 'poss', 'surr_opacity': 100, 'isi': 0.5, 'thisN': 29, 'thisTrialN': 29, 'thisRepN': 0}>
85.1657 	DATA 	Keypress: z
85.1691 	INFO 	Keyboard events cleared
85.1686 	EXP 	surround_grating: autoDraw = False
85.1686 	EXP 	center_grating: autoDraw = False
85.1686 	EXP 	text_2: autoDraw = False
85.1686 	EXP 	surround_grating: ori = 15.0
85.1686 	EXP 	surround_grating: sf = array([2.5, 2.5])
85.1686 	EXP 	surround_grating: phase = array([0.05181107, 0.05181107])
85.1686 	EXP 	center_grating: ori = -2.0
85.1686 	EXP 	center_grating: sf = array([2.5, 2.5])
85.1686 	EXP 	center_grating: phase = array([0.05053549, 0.05053549])
85.6599 	EXP 	surround_grating: autoDraw = True
85.6599 	EXP 	center_grating: autoDraw = True
85.7312 	EXP 	surround_grating: autoDraw = False
85.7312 	EXP 	center_grating: autoDraw = False
86.1640 	EXP 	New trial (rep=0, index=30): <Trial 30 (30 in rep 0) data={'center': 6, 'surround': 15.0, 'type': 'c+6', 'surr_type': 'poss', 'surr_opacity': 100, 'isi': 0.75, 'thisN': 30, 'thisTrialN': 30, 'thisRepN': 0}>
86.1669 	DATA 	Keypress: z
86.1702 	INFO 	Keyboard events cleared
86.1697 	EXP 	surround_grating: autoDraw = False
86.1697 	EXP 	center_grating: autoDraw = False
86.1697 	EXP 	text_2: autoDraw = False
86.1697 	EXP 	surround_grating: ori = 15.0
86.1697 	EXP 	surround_grating: sf = array([2.5, 2.5])
86.1697 	EXP 	surround_grating: phase = array([0.84041176, 0.84041176])
86.1697 	EXP 	center_grating: ori = 6.0
86.1697 	EXP 	center_grating: sf = array([2.5, 2.5])
86.1697 	EXP 	center_grating: phase = array([0.09122337, 0.09122337])
86.9102 	EXP 	surround_grating: autoDraw = True
86.9102 	EXP 	center_grating: autoDraw = True
86.9818 	EXP 	surround_grating: autoDraw = False
86.9818 	EXP 	center_grating: autoDraw = False
87.4686 	EXP 	New trial (rep=0, index=31): <Trial 31 (31 in rep 0) data={'center': 8, 'surround': 15.0, 'type': 'c+8', 'surr_type': 'poss', 'surr_opacity': 100, 'isi': 1.25, 'thisN': 31, 'thisTrialN': 31, 'thisRepN': 0}>
87.4719 	DATA 	Keypress: period
87.4766 	INFO 	Keyboard events cleared
87.4763 	EXP 	surround_grating: autoDraw = False
87.4763 	EXP 	center_grating: autoDraw = False
87.4763 	EXP 	text_2: autoDraw = False
87.4763 	EXP 	surround_grating: ori = 15.0
87.4763 	EXP 	surround_grating: sf = array([2.5, 2.5])
87.4763 	EXP 	surround_grating: phase = array([0.00571291, 0.00571291])
87.4763 	EXP 	center_grating: ori = 8.0
87.4763 	EXP 	center_grating: sf = array([2.5, 2.5])
87.4763 	EXP 	center_grating: phase = array([0.50547755, 0.50547755])
88.7107 	EXP 	surround_grating: autoDraw = True
88.7107 	EXP 	center_grating: autoDraw = True
88.7838 	EXP 	surround_grating: autoDraw = False
88.7838 	EXP 	center_grating: autoDraw = False
89.2463 	EXP 	New trial (rep=0, index=32): <Trial 32 (32 in rep 0) data={'center': 1, 'surround': 0.0, 'type': 'c+1', 'surr_type': 'noss', 'surr_opacity': 0, 'isi': 1.25, 'thisN': 32, 'thisTrialN': 32, 'thisRepN': 0}>
89.2490 	DATA 	Keypress: period
89.2518 	INFO 	Keyboard events cleared
89.2516 	EXP 	surround_grating: autoDraw = False
89.2516 	EXP 	center_grating: autoDraw = False
89.2516 	EXP 	text_2: autoDraw = False
89.2516 	EXP 	surround_grating: ori = 0.0
89.2516 	EXP 	surround_grating: sf = array([2.5, 2.5])
89.2516 	EXP 	surround_grating: phase = array([0.64306797, 0.64306797])
89.2516 	EXP 	center_grating: ori = 1.0
89.2516 	EXP 	center_grating: sf = array([2.5, 2.5])
89.2516 	EXP 	center_grating: phase = array([0.75038868, 0.75038868])
90.5418 	EXP 	surround_grating: autoDraw = True
90.5418 	EXP 	center_grating: autoDraw = True
90.6151 	EXP 	surround_grating: autoDraw = False
90.6151 	EXP 	center_grating: autoDraw = False
91.2472 	DATA 	Keypress: period
94.7372 	EXP 	New trial (rep=0, index=33): <Trial 33 (33 in rep 0) data={'center': -6, 'surround': -15.0, 'type': 'c-6', 'surr_type': 'negs', 'surr_opacity': 100, 'isi': 0.75, 'thisN': 33, 'thisTrialN': 33, 'thisRepN': 0}>
94.7417 	DATA 	Keypress: z
94.7499 	INFO 	Keyboard events cleared
94.7493 	EXP 	surround_grating: autoDraw = False
94.7493 	EXP 	center_grating: autoDraw = False
94.7493 	EXP 	text_2: autoDraw = False
94.7493 	EXP 	surround_grating: ori = -15.0
94.7493 	EXP 	surround_grating: sf = array([2.5, 2.5])
94.7493 	EXP 	surround_grating: phase = array([0.73673726, 0.73673726])
94.7493 	EXP 	center_grating: ori = -6.0
94.7493 	EXP 	center_grating: sf = array([2.5, 2.5])
94.7493 	EXP 	center_grating: phase = array([0.02569255, 0.02569255])
95.4824 	EXP 	surround_grating: autoDraw = True
95.4824 	EXP 	center_grating: autoDraw = True
95.5596 	EXP 	surround_grating: autoDraw = False
95.5596 	EXP 	center_grating: autoDraw = False
96.0967 	EXP 	New trial (rep=0, index=34): <Trial 34 (34 in rep 0) data={'center': 8, 'surround': 15.0, 'type': 'c+8', 'surr_type': 'poss', 'surr_opacity': 100, 'isi': 1.25, 'thisN': 34, 'thisTrialN': 34, 'thisRepN': 0}>
96.0996 	DATA 	Keypress: z
96.1028 	INFO 	Keyboard events cleared
96.1023 	EXP 	surround_grating: autoDraw = False
96.1023 	EXP 	center_grating: autoDraw = False
96.1023 	EXP 	text_2: autoDraw = False
96.1023 	EXP 	surround_grating: ori = 15.0
96.1023 	EXP 	surround_grating: sf = array([2.5, 2.5])
96.1023 	EXP 	surround_grating: phase = array([0.80783318, 0.80783318])
96.1023 	EXP 	center_grating: ori = 8.0
96.1023 	EXP 	center_grating: sf = array([2.5, 2.5])
96.1023 	EXP 	center_grating: phase = array([0.54093761, 0.54093761])
97.3438 	EXP 	surround_grating: autoDraw = True
97.3438 	EXP 	center_grating: autoDraw = True
97.4143 	EXP 	surround_grating: autoDraw = False
97.4143 	EXP 	center_grating: autoDraw = False
97.9345 	EXP 	New trial (rep=0, index=35): <Trial 35 (35 in rep 0) data={'center': 4, 'surround': 15.0, 'type': 'c+4', 'surr_type': 'poss', 'surr_opacity': 100, 'isi': 1.0, 'thisN': 35, 'thisTrialN': 35, 'thisRepN': 0}>
97.9371 	DATA 	Keypress: period
97.9433 	INFO 	Keyboard events cleared
97.9430 	EXP 	surround_grating: autoDraw = False
97.9430 	EXP 	center_grating: autoDraw = False
97.9430 	EXP 	text_2: autoDraw = False
97.9430 	EXP 	surround_grating: ori = 15.0
97.9430 	EXP 	surround_grating: sf = array([2.5, 2.5])
97.9430 	EXP 	surround_grating: phase = array([0.65953366, 0.65953366])
97.9430 	EXP 	center_grating: ori = 4.0
97.9430 	EXP 	center_grating: sf = array([2.5, 2.5])
97.9430 	EXP 	center_grating: phase = array([0.96378208, 0.96378208])
98.9321 	EXP 	surround_grating: autoDraw = True
98.9321 	EXP 	center_grating: autoDraw = True
99.0101 	EXP 	surround_grating: autoDraw = False
99.0101 	EXP 	center_grating: autoDraw = False
99.5804 	EXP 	New trial (rep=0, index=36): <Trial 36 (36 in rep 0) data={'center': -1, 'surround': 0.0, 'type': 'c-1', 'surr_type': 'noss', 'surr_opacity': 0, 'isi': 1.0, 'thisN': 36, 'thisTrialN': 36, 'thisRepN': 0}>
99.5833 	DATA 	Keypress: period
99.5865 	INFO 	Keyboard events cleared
99.5860 	EXP 	surround_grating: autoDraw = False
99.5860 	EXP 	center_grating: autoDraw = False
99.5860 	EXP 	text_2: autoDraw = False
99.5860 	EXP 	surround_grating: ori = 0.0
99.5860 	EXP 	surround_grating: sf = array([2.5, 2.5])
99.5860 	EXP 	surround_grating: phase = array([0.90399867, 0.90399867])
99.5860 	EXP 	center_grating: ori = -1.0
99.5860 	EXP 	center_grating: sf = array([2.5, 2.5])
99.5860 	EXP 	center_grating: phase = array([0.20044319, 0.20044319])
100.5767 	EXP 	surround_grating: autoDraw = True
100.5767 	EXP 	center_grating: autoDraw = True
100.6481 	EXP 	surround_grating: autoDraw = False
100.6481 	EXP 	center_grating: autoDraw = False
101.1796 	EXP 	New trial (rep=0, index=37): <Trial 37 (37 in rep 0) data={'center': -2, 'surround': 0.0, 'type': 'c-2', 'surr_type': 'noss', 'surr_opacity': 0, 'isi': 0.5, 'thisN': 37, 'thisTrialN': 37, 'thisRepN': 0}>
101.1822 	DATA 	Keypress: z
101.1851 	INFO 	Keyboard events cleared
101.1848 	EXP 	surround_grating: autoDraw = False
101.1848 	EXP 	center_grating: autoDraw = False
101.1848 	EXP 	text_2: autoDraw = False
101.1848 	EXP 	surround_grating: ori = 0.0
101.1848 	EXP 	surround_grating: sf = array([2.5, 2.5])
101.1848 	EXP 	surround_grating: phase = array([0.63379185, 0.63379185])
101.1848 	EXP 	center_grating: ori = -2.0
101.1848 	EXP 	center_grating: sf = array([2.5, 2.5])
101.1848 	EXP 	center_grating: phase = array([0.24092079, 0.24092079])
101.6771 	EXP 	surround_grating: autoDraw = True
101.6771 	EXP 	center_grating: autoDraw = True
101.7476 	EXP 	surround_grating: autoDraw = False
101.7476 	EXP 	center_grating: autoDraw = False
102.1802 	EXP 	New trial (rep=0, index=38): <Trial 38 (38 in rep 0) data={'center': -6, 'surround': -15.0, 'type': 'c-6', 'surr_type': 'negs', 'surr_opacity': 100, 'isi': 1.25, 'thisN': 38, 'thisTrialN': 38, 'thisRepN': 0}>
102.1830 	DATA 	Keypress: z
102.1861 	INFO 	Keyboard events cleared
102.1857 	EXP 	surround_grating: autoDraw = False
102.1857 	EXP 	center_grating: autoDraw = False
102.1857 	EXP 	text_2: autoDraw = False
102.1857 	EXP 	surround_grating: ori = -15.0
102.1857 	EXP 	surround_grating: sf = array([2.5, 2.5])
102.1857 	EXP 	surround_grating: phase = array([0.81558591, 0.81558591])
102.1857 	EXP 	center_grating: ori = -6.0
102.1857 	EXP 	center_grating: sf = array([2.5, 2.5])
102.1857 	EXP 	center_grating: phase = array([0.29259191, 0.29259191])
103.4264 	EXP 	surround_grating: autoDraw = True
103.4264 	EXP 	center_grating: autoDraw = True
103.4979 	EXP 	surround_grating: autoDraw = False
103.4979 	EXP 	center_grating: autoDraw = False
103.9476 	EXP 	New trial (rep=0, index=39): <Trial 39 (39 in rep 0) data={'center': -6, 'surround': -15.0, 'type': 'c-6', 'surr_type': 'negs', 'surr_opacity': 100, 'isi': 0.75, 'thisN': 39, 'thisTrialN': 39, 'thisRepN': 0}>
103.9511 	DATA 	Keypress: z
103.9554 	INFO 	Keyboard events cleared
103.9551 	EXP 	surround_grating: autoDraw = False
103.9551 	EXP 	center_grating: autoDraw = False
103.9551 	EXP 	text_2: autoDraw = False
103.9551 	EXP 	surround_grating: ori = -15.0
103.9551 	EXP 	surround_grating: sf = array([2.5, 2.5])
103.9551 	EXP 	surround_grating: phase = array([0.19784511, 0.19784511])
103.9551 	EXP 	center_grating: ori = -6.0
103.9551 	EXP 	center_grating: sf = array([2.5, 2.5])
103.9551 	EXP 	center_grating: phase = array([0.57566354, 0.57566354])
104.6931 	EXP 	surround_grating: autoDraw = True
104.6931 	EXP 	center_grating: autoDraw = True
104.7648 	EXP 	surround_grating: autoDraw = False
104.7648 	EXP 	center_grating: autoDraw = False
105.2304 	EXP 	New trial (rep=0, index=40): <Trial 40 (40 in rep 0) data={'center': -4, 'surround': 0.0, 'type': 'c-4', 'surr_type': 'noss', 'surr_opacity': 0, 'isi': 1.25, 'thisN': 40, 'thisTrialN': 40, 'thisRepN': 0}>
105.2332 	DATA 	Keypress: z
105.2362 	INFO 	Keyboard events cleared
105.2358 	EXP 	surround_grating: autoDraw = False
105.2358 	EXP 	center_grating: autoDraw = False
105.2358 	EXP 	text_2: autoDraw = False
105.2358 	EXP 	surround_grating: ori = 0.0
105.2358 	EXP 	surround_grating: sf = array([2.5, 2.5])
105.2358 	EXP 	surround_grating: phase = array([0.07820164, 0.07820164])
105.2358 	EXP 	center_grating: ori = -4.0
105.2358 	EXP 	center_grating: sf = array([2.5, 2.5])
105.2358 	EXP 	center_grating: phase = array([0.16286484, 0.16286484])
106.4769 	EXP 	surround_grating: autoDraw = True
106.4769 	EXP 	center_grating: autoDraw = True
106.5485 	EXP 	surround_grating: autoDraw = False
106.5485 	EXP 	center_grating: autoDraw = False
106.9301 	EXP 	New trial (rep=0, index=41): <Trial 41 (41 in rep 0) data={'center': -2, 'surround': 15.0, 'type': 'c-2', 'surr_type': 'poss', 'surr_opacity': 100, 'isi': 0.75, 'thisN': 41, 'thisTrialN': 41, 'thisRepN': 0}>
106.9329 	DATA 	Keypress: z
106.9363 	INFO 	Keyboard events cleared
106.9359 	EXP 	surround_grating: autoDraw = False
106.9359 	EXP 	center_grating: autoDraw = False
106.9359 	EXP 	text_2: autoDraw = False
106.9359 	EXP 	surround_grating: ori = 15.0
106.9359 	EXP 	surround_grating: sf = array([2.5, 2.5])
106.9359 	EXP 	surround_grating: phase = array([0.37326893, 0.37326893])
106.9359 	EXP 	center_grating: ori = -2.0
106.9359 	EXP 	center_grating: sf = array([2.5, 2.5])
106.9359 	EXP 	center_grating: phase = array([0.71867946, 0.71867946])
107.6763 	EXP 	surround_grating: autoDraw = True
107.6763 	EXP 	center_grating: autoDraw = True
107.7478 	EXP 	surround_grating: autoDraw = False
107.7478 	EXP 	center_grating: autoDraw = False
108.1295 	EXP 	New trial (rep=0, index=42): <Trial 42 (42 in rep 0) data={'center': 8, 'surround': 15.0, 'type': 'c+8', 'surr_type': 'poss', 'surr_opacity': 100, 'isi': 1.25, 'thisN': 42, 'thisTrialN': 42, 'thisRepN': 0}>
108.1319 	DATA 	Keypress: z
108.1350 	INFO 	Keyboard events cleared
108.1346 	EXP 	surround_grating: autoDraw = False
108.1346 	EXP 	center_grating: autoDraw = False
108.1346 	EXP 	text_2: autoDraw = False
108.1346 	EXP 	surround_grating: ori = 15.0
108.1346 	EXP 	surround_grating: sf = array([2.5, 2.5])
108.1346 	EXP 	surround_grating: phase = array([0.81181228, 0.81181228])
108.1346 	EXP 	center_grating: ori = 8.0
108.1346 	EXP 	center_grating: sf = array([2.5, 2.5])
108.1346 	EXP 	center_grating: phase = array([0.1490968, 0.1490968])
109.3769 	EXP 	surround_grating: autoDraw = True
109.3769 	EXP 	center_grating: autoDraw = True
109.4475 	EXP 	surround_grating: autoDraw = False
109.4475 	EXP 	center_grating: autoDraw = False
109.8867 	EXP 	New trial (rep=0, index=43): <Trial 43 (43 in rep 0) data={'center': 1, 'surround': 0.0, 'type': 'c+1', 'surr_type': 'noss', 'surr_opacity': 0, 'isi': 0.5, 'thisN': 43, 'thisTrialN': 43, 'thisRepN': 0}>
109.8901 	DATA 	Keypress: period
109.8938 	INFO 	Keyboard events cleared
109.8935 	EXP 	surround_grating: autoDraw = False
109.8935 	EXP 	center_grating: autoDraw = False
109.8935 	EXP 	text_2: autoDraw = False
109.8935 	EXP 	surround_grating: ori = 0.0
109.8935 	EXP 	surround_grating: sf = array([2.5, 2.5])
109.8935 	EXP 	surround_grating: phase = array([0.7330784, 0.7330784])
109.8935 	EXP 	center_grating: ori = 1.0
109.8935 	EXP 	center_grating: sf = array([2.5, 2.5])
109.8935 	EXP 	center_grating: phase = array([0.34899245, 0.34899245])
110.3825 	EXP 	surround_grating: autoDraw = True
110.3825 	EXP 	center_grating: autoDraw = True
110.4597 	EXP 	surround_grating: autoDraw = False
110.4597 	EXP 	center_grating: autoDraw = False
111.0973 	EXP 	New trial (rep=0, index=44): <Trial 44 (44 in rep 0) data={'center': -4, 'surround': -15.0, 'type': 'c-4', 'surr_type': 'negs', 'surr_opacity': 100, 'isi': 1.25, 'thisN': 44, 'thisTrialN': 44, 'thisRepN': 0}>
111.1008 	DATA 	Keypress: period
111.1045 	INFO 	Keyboard events cleared
111.1041 	EXP 	surround_grating: autoDraw = False
111.1041 	EXP 	center_grating: autoDraw = False
111.1041 	EXP 	text_2: autoDraw = False
111.1041 	EXP 	surround_grating: ori = -15.0
111.1041 	EXP 	surround_grating: sf = array([2.5, 2.5])
111.1041 	EXP 	surround_grating: phase = array([0.8385583, 0.8385583])
111.1041 	EXP 	center_grating: ori = -4.0
111.1041 	EXP 	center_grating: sf = array([2.5, 2.5])
111.1041 	EXP 	center_grating: phase = array([0.31587328, 0.31587328])
112.3433 	EXP 	surround_grating: autoDraw = True
112.3433 	EXP 	center_grating: autoDraw = True
112.4158 	EXP 	surround_grating: autoDraw = False
112.4158 	EXP 	center_grating: autoDraw = False
112.9799 	EXP 	New trial (rep=0, index=45): <Trial 45 (45 in rep 0) data={'center': 2, 'surround': 15.0, 'type': 'c+2', 'surr_type': 'poss', 'surr_opacity': 100, 'isi': 1.0, 'thisN': 45, 'thisTrialN': 45, 'thisRepN': 0}>
112.9825 	DATA 	Keypress: period
112.9854 	INFO 	Keyboard events cleared
112.9851 	EXP 	surround_grating: autoDraw = False
112.9851 	EXP 	center_grating: autoDraw = False
112.9851 	EXP 	text_2: autoDraw = False
112.9851 	EXP 	surround_grating: ori = 15.0
112.9851 	EXP 	surround_grating: sf = array([2.5, 2.5])
112.9851 	EXP 	surround_grating: phase = array([0.55729941, 0.55729941])
112.9851 	EXP 	center_grating: ori = 2.0
112.9851 	EXP 	center_grating: sf = array([2.5, 2.5])
112.9851 	EXP 	center_grating: phase = array([0.19881631, 0.19881631])
113.9763 	EXP 	surround_grating: autoDraw = True
113.9763 	EXP 	center_grating: autoDraw = True
114.0479 	EXP 	surround_grating: autoDraw = False
114.0479 	EXP 	center_grating: autoDraw = False
114.5186 	EXP 	New trial (rep=0, index=46): <Trial 46 (46 in rep 0) data={'center': -8, 'surround': -15.0, 'type': 'c-8', 'surr_type': 'negs', 'surr_opacity': 100, 'isi': 0.5, 'thisN': 46, 'thisTrialN': 46, 'thisRepN': 0}>
114.5211 	DATA 	Keypress: z
114.5267 	INFO 	Keyboard events cleared
114.5263 	EXP 	surround_grating: autoDraw = False
114.5263 	EXP 	center_grating: autoDraw = False
114.5263 	EXP 	text_2: autoDraw = False
114.5263 	EXP 	surround_grating: ori = -15.0
114.5263 	EXP 	surround_grating: sf = array([2.5, 2.5])
114.5263 	EXP 	surround_grating: phase = array([0.57019114, 0.57019114])
114.5263 	EXP 	center_grating: ori = -8.0
114.5263 	EXP 	center_grating: sf = array([2.5, 2.5])
114.5263 	EXP 	center_grating: phase = array([0.65727121, 0.65727121])
115.0166 	EXP 	surround_grating: autoDraw = True
115.0166 	EXP 	center_grating: autoDraw = True
115.0930 	EXP 	surround_grating: autoDraw = False
115.0930 	EXP 	center_grating: autoDraw = False
116.9417 	DATA 	Keypress: escape
116.9645 	EXP 	tilt_mocs: status = STOPPED
116.9693 	EXP 	tilt_mocs: status = STOPPED
116.9874 	INFO 	saved data to '/Users/bwinsto2/Documents/Documents - BV-PCR-VPJVMF3/Github/tilt/tilt_mocs/data/sub-21046969/ses-0/sub-21046969_ses-0_exp-tiltmocs_2025-12-03_00h10.32.374.csv'
116.9954 	INFO 	saved data to /Users/bwinsto2/Documents/Documents - BV-PCR-VPJVMF3/Github/tilt/tilt_mocs/data/sub-21046969/ses-0/sub-21046969_ses-0_exp-tiltmocs_2025-12-03_00h10.32.374.psydat
117.1611 	DEBUG 	Saving data for tilt_mocs ExperimentHandler
