13.9015 	DEBUG 	Fullscreen settings ignored as running in pilot mode.
13.9063 	INFO 	Loaded monitor calibration from ['2025_10_18 11:37']
14.2011 	EXP 	Created window1 = Window(allowGUI=False, allowStencil=False, autoLog=True, backendConf=UNKNOWN, backgroundFit=<method-wrapper '__getattribute__' of attributeSetter object at 0x7fd80901ac40>, backgroundImage=<method-wrapper '__getattribute__' of attributeSetter object at 0x7fd80901ab50>, bitsMode=UNKNOWN, blendMode='avg', bpc=(8, 8, 8), color=array([0, 0, 0]), colorSpace='rgb', depthBits=8, fullscr=False, gamma=None, gammaErrorPolicy='raise', infoMsg=UNKNOWN, lms=UNKNOWN, monitor=<psychopy.monitors.calibTools.Monitor object at 0x7fd8090476a0>, multiSample=False, name='window1', numSamples=2, pos=[112.0, 20.0], screen=0, size=array([1600, 1200]), stencilBits=0, stereo=False, title='PsychoPy', units='height', useFBO=True, useRetina=True, viewOri=0.0, viewPos=None, viewScale=None, waitBlanking=True, winType='pyglet')
14.2012 	EXP 	window1: backgroundImage = ''
14.2012 	EXP 	window1: backgroundFit = 'none'
14.2200 	DEBUG 	TextBox2 loaded 1 chars with 0 blanks and 1 valid
14.2211 	DEBUG 	TextBox2 loaded 1 chars with 0 blanks and 1 valid
14.2219 	DEBUG 	TextBox2 loaded 1 chars with 0 blanks and 1 valid
14.2230 	DEBUG 	TextBox2 loaded 1 chars with 0 blanks and 1 valid
14.2239 	DEBUG 	TextBox2 loaded 1 chars with 0 blanks and 1 valid
14.2245 	DEBUG 	TextBox2 loaded 1 chars with 0 blanks and 1 valid
14.2253 	DEBUG 	TextBox2 loaded 1 chars with 0 blanks and 1 valid
14.2263 	DEBUG 	TextBox2 loaded 1 chars with 0 blanks and 1 valid
14.2267 	DEBUG 	TextBox2 loaded 1 chars with 0 blanks and 1 valid
14.2271 	DEBUG 	TextBox2 loaded 1 chars with 0 blanks and 1 valid
14.2279 	DEBUG 	TextBox2 loaded 1 chars with 0 blanks and 1 valid
14.2287 	DEBUG 	TextBox2 loaded 1 chars with 0 blanks and 1 valid
14.2294 	DEBUG 	TextBox2 loaded 1 chars with 0 blanks and 1 valid
14.2302 	DEBUG 	TextBox2 loaded 1 chars with 0 blanks and 1 valid
14.2309 	DEBUG 	TextBox2 loaded 1 chars with 0 blanks and 1 valid
14.2317 	DEBUG 	TextBox2 loaded 1 chars with 0 blanks and 1 valid
14.2325 	DEBUG 	TextBox2 loaded 1 chars with 0 blanks and 1 valid
14.2330 	DEBUG 	TextBox2 loaded 1 chars with 0 blanks and 1 valid
14.2335 	DEBUG 	TextBox2 loaded 1 chars with 0 blanks and 1 valid
14.2345 	DEBUG 	TextBox2 loaded 1 chars with 0 blanks and 1 valid
14.2350 	DEBUG 	TextBox2 loaded 1 chars with 0 blanks and 1 valid
14.2353 	DEBUG 	Uploading Texture Font fontname to graphics card
14.2391 	DEBUG 	Upload of Texture Font fontname complete
14.2447 	DEBUG 	TextBox2 loaded 1 chars with 0 blanks and 1 valid
14.2458 	DEBUG 	TextBox2 loaded 1 chars with 0 blanks and 1 valid
14.2468 	DEBUG 	TextBox2 loaded 1 chars with 0 blanks and 1 valid
14.2470 	DEBUG 	Uploading Texture Font fontname to graphics card
14.2490 	DEBUG 	Upload of Texture Font fontname complete
14.2505 	EXP 	window1: Attempting to measure frame rate of screen (0) ...
14.2505 	EXP 	window1: recordFrameIntervals = False
14.5032 	EXP 	window1: recordFrameIntervals = True
15.3369 	WARNING 	Couldn't measure a consistent frame rate!
  - Is your graphics card set to sync to vertical blank?
  - Are you running other processes on your computer?

15.3479 	DEBUG 	TextBox2 loaded 1 chars with 0 blanks and 1 valid
15.3492 	DEBUG 	TextBox2 loaded 1 chars with 0 blanks and 1 valid
15.3511 	DEBUG 	TextBox2 loaded 1 chars with 0 blanks and 1 valid
15.3534 	DEBUG 	TextBox2 loaded 1 chars with 0 blanks and 1 valid
15.3556 	DEBUG 	TextBox2 loaded 1 chars with 0 blanks and 1 valid
15.3575 	DEBUG 	TextBox2 loaded 1 chars with 0 blanks and 1 valid
15.3584 	DEBUG 	TextBox2 loaded 1 chars with 0 blanks and 1 valid
15.3600 	DEBUG 	TextBox2 loaded 1 chars with 0 blanks and 1 valid
15.3619 	DEBUG 	TextBox2 loaded 1 chars with 0 blanks and 1 valid
15.3636 	DEBUG 	TextBox2 loaded 1 chars with 0 blanks and 1 valid
15.3640 	DEBUG 	Uploading Texture Font fontname to graphics card
15.3686 	DEBUG 	Upload of Texture Font fontname complete
15.3948 	WARNING 	launchHubServer: If using the iohub mouse or eyetracker devices, fullScr should be True.
19.2633 	INFO 	keyboard.Keyboard is using iohub backend.
19.2633 	INFO 	keyboard.Keyboard is using iohub backend.
19.2634 	INFO 	keyboard.Keyboard is using iohub backend.
19.2634 	INFO 	keyboard.Keyboard is using iohub backend.
19.2634 	INFO 	keyboard.Keyboard is using iohub backend.
19.2634 	INFO 	keyboard.Keyboard is using iohub backend.
19.2634 	INFO 	keyboard.Keyboard is using iohub backend.
19.2634 	INFO 	keyboard.Keyboard is using iohub backend.
19.2635 	INFO 	keyboard.Keyboard is using iohub backend.
19.2635 	INFO 	keyboard.Keyboard is using iohub backend.
19.2635 	INFO 	keyboard.Keyboard is using iohub backend.
19.2636 	EXP 	tilt_mocs: status = STARTED
19.3175 	EXP 	Created text_5 = TextStim(__class__=<class 'psychopy.visual.text.TextStim'>, alignHoriz=method-wrapper(...), alignText='center', alignVert=method-wrapper(...), anchorHoriz='center', anchorVert='center', antialias=True, autoDraw=False, autoLog=True, bold=False, color=array([1., 1., 1.]), colorSpace='rgb', contrast=1.0, depth=-1.0, draggable=False, flipHoriz=False, flipVert=False, font='Arial', fontFiles=[], height=0.05, italic=False, languageStyle='LTR', name='text_5', opacity=1, ori=0.0, pos=array([0., 0.]), rgb=UNKNOWN, text=str(...), units='height', win=Window(...), wrapWidth=1)
19.3197 	EXP 	Created surround_practice_example = GratingStim(__class__=<class 'psychopy.visual.grating.GratingStim'>, anchor='center', autoDraw=False, autoLog=True, blendmode='avg', color=array([0.2, 0.2, 0.2]), colorSpace='rgb', contrast=0.2, depth=-1.0, draggable=False, interpolate=True, mask='circle', maskParams=None, name='surround_practice_example', opacity=1, ori=1.0, phase=array([1., 1.]), pos=array([0., 0.]), rgbPedestal=array([0., 0., 0.]), sf=array([1., 1.]), size=array([1., 1.]), tex='sin', texRes=128.0, units='cm', win=Window(...))
19.3212 	EXP 	Created center_practice_example = GratingStim(__class__=<class 'psychopy.visual.grating.GratingStim'>, anchor='center', autoDraw=False, autoLog=True, blendmode='avg', color=array([1., 1., 1.]), colorSpace='rgb', contrast=1.0, depth=-2.0, draggable=False, interpolate=True, mask='circle', maskParams=None, name='center_practice_example', opacity=1, ori=1.0, phase=array([1., 1.]), pos=array([0., 0.]), rgbPedestal=array([0., 0., 0.]), sf=array([1., 1.]), size=array([1., 1.]), tex='sin', texRes=128.0, units='cm', win=Window(...))
19.3247 	EXP 	Created text_15 = TextStim(__class__=<class 'psychopy.visual.text.TextStim'>, alignHoriz=method-wrapper(...), alignText='center', alignVert=method-wrapper(...), anchorHoriz='center', anchorVert='center', antialias=True, autoDraw=False, autoLog=True, bold=False, color=array([1., 1., 1.]), colorSpace='rgb', contrast=1.0, depth=-3.0, draggable=False, flipHoriz=False, flipVert=False, font='Arial', fontFiles=[], height=0.05, italic=False, languageStyle='LTR', name='text_15', opacity=1, ori=0.0, pos=array([ 0. , -0.4]), rgb=UNKNOWN, text=str(...), units='height', win=Window(...), wrapWidth=1)
19.3308 	EXP 	Created text_6 = TextStim(__class__=<class 'psychopy.visual.text.TextStim'>, alignHoriz=method-wrapper(...), alignText='center', alignVert=method-wrapper(...), anchorHoriz='center', anchorVert='center', antialias=True, autoDraw=False, autoLog=True, bold=False, color=array([1., 1., 1.]), colorSpace='rgb', contrast=1.0, depth=0.0, draggable=False, flipHoriz=False, flipVert=False, font='Arial', fontFiles=[], height=0.05, italic=False, languageStyle='LTR', name='text_6', opacity=1, ori=0.0, pos=array([0., 0.]), rgb=UNKNOWN, text=str(...), units='height', win=Window(...), wrapWidth=1)
19.3325 	EXP 	Created surround_practice = GratingStim(__class__=<class 'psychopy.visual.grating.GratingStim'>, anchor='center', autoDraw=False, autoLog=True, blendmode='avg', color=array([0.2, 0.2, 0.2]), colorSpace='rgb', contrast=0.2, depth=-1.0, draggable=False, interpolate=True, mask='circle', maskParams=None, name='surround_practice', opacity=1, ori=1.0, phase=array([1., 1.]), pos=array([0., 0.]), rgbPedestal=array([0., 0., 0.]), sf=array([1., 1.]), size=array([1., 1.]), tex='sin', texRes=128.0, units='cm', win=Window(...))
19.3340 	EXP 	Created center_practice = GratingStim(__class__=<class 'psychopy.visual.grating.GratingStim'>, anchor='center', autoDraw=False, autoLog=True, blendmode='avg', color=array([1., 1., 1.]), colorSpace='rgb', contrast=1.0, depth=-2.0, draggable=False, interpolate=True, mask='circle', maskParams=None, name='center_practice', opacity=1, ori=1.0, phase=array([1., 1.]), pos=array([0., 0.]), rgbPedestal=array([0., 0., 0.]), sf=array([1., 1.]), size=array([1., 1.]), tex='sin', texRes=128.0, units='cm', win=Window(...))
19.3376 	EXP 	Created text_11 = TextStim(__class__=<class 'psychopy.visual.text.TextStim'>, alignHoriz=method-wrapper(...), alignText='center', alignVert=method-wrapper(...), anchorHoriz='center', anchorVert='center', antialias=True, autoDraw=False, autoLog=True, bold=False, color=array([1., 1., 1.]), colorSpace='rgb', contrast=1.0, depth=-4.0, draggable=False, flipHoriz=False, flipVert=False, font='Arial', fontFiles=[], height=0.05, italic=False, languageStyle='LTR', name='text_11', opacity=1, ori=0.0, pos=array([0., 0.]), rgb=UNKNOWN, text=str(...), units='height', win=Window(...), wrapWidth=1)
19.3381 	EXP 	Created text_7 = TextStim(__class__=<class 'psychopy.visual.text.TextStim'>, alignHoriz=method-wrapper(...), alignText='center', alignVert=method-wrapper(...), anchorHoriz='center', anchorVert='center', antialias=True, autoDraw=False, autoLog=True, bold=False, color=array([1., 1., 1.]), colorSpace='rgb', contrast=1.0, depth=-1.0, draggable=False, flipHoriz=False, flipVert=False, font='Arial', fontFiles=[], height=0.05, italic=False, languageStyle='LTR', name='text_7', opacity=1, ori=0.0, pos=array([0., 0.]), rgb=UNKNOWN, text='', units='height', win=Window(...), wrapWidth=1)
19.3446 	EXP 	Created text_8 = TextStim(__class__=<class 'psychopy.visual.text.TextStim'>, alignHoriz=method-wrapper(...), alignText='center', alignVert=method-wrapper(...), anchorHoriz='center', anchorVert='center', antialias=True, autoDraw=False, autoLog=True, bold=False, color=array([1., 1., 1.]), colorSpace='rgb', contrast=1.0, depth=0.0, draggable=False, flipHoriz=False, flipVert=False, font='Arial', fontFiles=[], height=0.05, italic=False, languageStyle='LTR', name='text_8', opacity=1, ori=0.0, pos=array([0., 0.]), rgb=UNKNOWN, text=str(...), units='height', win=Window(...), wrapWidth=1)
19.3461 	EXP 	Created surround_practice_2 = GratingStim(__class__=<class 'psychopy.visual.grating.GratingStim'>, anchor='center', autoDraw=False, autoLog=True, blendmode='avg', color=array([0.2, 0.2, 0.2]), colorSpace='rgb', contrast=0.2, depth=0.0, draggable=False, interpolate=True, mask='circle', maskParams=None, name='surround_practice_2', opacity=1.0, ori=1.0, phase=array([0., 0.]), pos=array([0., 0.]), rgbPedestal=array([0., 0., 0.]), sf=array([1., 1.]), size=array([1., 1.]), tex='sin', texRes=128.0, units='cm', win=Window(...))
19.3475 	EXP 	Created center_practice_2 = GratingStim(__class__=<class 'psychopy.visual.grating.GratingStim'>, anchor='center', autoDraw=False, autoLog=True, blendmode='avg', color=array([0.2, 0.2, 0.2]), colorSpace='rgb', contrast=0.2, depth=-1.0, draggable=False, interpolate=True, mask='circle', maskParams=None, name='center_practice_2', opacity=1, ori=1.0, phase=array([0., 0.]), pos=array([0., 0.]), rgbPedestal=array([0., 0., 0.]), sf=array([1., 1.]), size=array([2., 2.]), tex='sin', texRes=128.0, units='cm', win=Window(...))
19.3500 	EXP 	Created text_12 = TextStim(__class__=<class 'psychopy.visual.text.TextStim'>, alignHoriz=method-wrapper(...), alignText='center', alignVert=method-wrapper(...), anchorHoriz='center', anchorVert='center', antialias=True, autoDraw=False, autoLog=True, bold=False, color=array([1., 1., 1.]), colorSpace='rgb', contrast=1.0, depth=-3.0, draggable=False, flipHoriz=False, flipVert=False, font='Arial', fontFiles=[], height=0.05, italic=False, languageStyle='LTR', name='text_12', opacity=1, ori=0.0, pos=array([0., 0.]), rgb=UNKNOWN, text=str(...), units='height', win=Window(...), wrapWidth=1)
19.3505 	EXP 	Created text_16 = TextStim(__class__=<class 'psychopy.visual.text.TextStim'>, alignHoriz=method-wrapper(...), alignText='center', alignVert=method-wrapper(...), anchorHoriz='center', anchorVert='center', antialias=True, autoDraw=False, autoLog=True, bold=False, color=array([1., 1., 1.]), colorSpace='rgb', contrast=1.0, depth=-1.0, draggable=False, flipHoriz=False, flipVert=False, font='Arial', fontFiles=[], height=0.05, italic=False, languageStyle='LTR', name='text_16', opacity=1, ori=0.0, pos=array([0., 0.]), rgb=UNKNOWN, text='', units='height', win=Window(...), wrapWidth=1)
19.3618 	EXP 	Created text_13 = TextStim(__class__=<class 'psychopy.visual.text.TextStim'>, alignHoriz=method-wrapper(...), alignText='center', alignVert=method-wrapper(...), anchorHoriz='center', anchorVert='center', antialias=True, autoDraw=False, autoLog=True, bold=False, color=array([1., 1., 1.]), colorSpace='rgb', contrast=1.0, depth=0.0, draggable=False, flipHoriz=False, flipVert=False, font='Arial', fontFiles=[], height=0.05, italic=False, languageStyle='LTR', name='text_13', opacity=1, ori=0.0, pos=array([0., 0.]), rgb=UNKNOWN, text=str(...), units='height', win=Window(...), wrapWidth=1)
19.3634 	EXP 	Created surround_grating = GratingStim(__class__=<class 'psychopy.visual.grating.GratingStim'>, anchor='center', autoDraw=False, autoLog=True, blendmode='avg', color=array([0.2, 0.2, 0.2]), colorSpace='rgb', contrast=0.2, depth=-1.0, draggable=False, interpolate=True, mask='circle', maskParams=None, name='surround_grating', opacity=1.0, ori=1.0, phase=array([1., 1.]), pos=array([0., 0.]), rgbPedestal=array([0., 0., 0.]), sf=array([1., 1.]), size=array([1., 1.]), tex='sin', texRes=128.0, units='cm', win=Window(...))
19.3648 	EXP 	Created center_grating = GratingStim(__class__=<class 'psychopy.visual.grating.GratingStim'>, anchor='center', autoDraw=False, autoLog=True, blendmode='avg', color=array([0.2, 0.2, 0.2]), colorSpace='rgb', contrast=0.2, depth=-2.0, draggable=False, interpolate=True, mask='circle', maskParams=None, name='center_grating', opacity=1, ori=1.0, phase=array([1., 1.]), pos=array([0., 0.]), rgbPedestal=array([0., 0., 0.]), sf=array([1., 1.]), size=array([1., 1.]), tex='sin', texRes=128.0, units='cm', win=Window(...))
19.3694 	EXP 	Created text_2 = TextStim(__class__=<class 'psychopy.visual.text.TextStim'>, alignHoriz=method-wrapper(...), alignText='center', alignVert=method-wrapper(...), anchorHoriz='center', anchorVert='center', antialias=True, autoDraw=False, autoLog=True, bold=False, color=array([1., 1., 1.]), colorSpace='rgb', contrast=1.0, depth=0.0, draggable=False, flipHoriz=False, flipVert=False, font='Arial', fontFiles=[], height=0.05, italic=False, languageStyle='LTR', name='text_2', opacity=1, ori=0.0, pos=array([0., 0.]), rgb=UNKNOWN, text=str(...), units='height', win=Window(...), wrapWidth=1)
19.3716 	EXP 	Created text_14 = TextStim(__class__=<class 'psychopy.visual.text.TextStim'>, alignHoriz=method-wrapper(...), alignText='center', alignVert=method-wrapper(...), anchorHoriz='center', anchorVert='center', antialias=True, autoDraw=False, autoLog=True, bold=False, color=array([1., 1., 1.]), colorSpace='rgb', contrast=1.0, depth=0.0, draggable=False, flipHoriz=False, flipVert=False, font='Arial', fontFiles=[], height=0.05, italic=False, languageStyle='LTR', name='text_14', opacity=1, ori=0.0, pos=array([0., 0.]), rgb=UNKNOWN, text='done!\n\nthank you and have a pleasant day ', units='height', win=Window(...), wrapWidth=1)
0.0261 	INFO 	Keyboard events cleared
0.0258 	WARNING 	t of last frame was 20.17ms (=1/49)
0.0258 	EXP 	text_5: autoDraw = True
0.1586 	WARNING 	t of last frame was 22.71ms (=1/44)
1.2436 	DATA 	Keypress: space
1.2474 	INFO 	Keyboard events cleared
1.2469 	WARNING 	t of last frame was 48.24ms (=1/20)
1.2469 	EXP 	text_5: autoDraw = False
1.2469 	EXP 	surround_practice_example: ori = -30.0
1.2469 	EXP 	surround_practice_example: sf = array([2.5, 2.5])
1.2469 	EXP 	surround_practice_example: phase = array([0., 0.])
1.2469 	EXP 	center_practice_example: ori = 15.0
1.2469 	EXP 	center_practice_example: sf = array([2.5, 2.5])
1.2469 	EXP 	center_practice_example: phase = array([0., 0.])
1.2469 	EXP 	surround_practice_example: autoDraw = True
1.2469 	EXP 	center_practice_example: autoDraw = True
1.2469 	EXP 	text_15: autoDraw = True
1.2469 	EXP 	surround_practice_example: tex = 'sin'
1.2469 	EXP 	center_practice_example: tex = 'sin'
3.7049 	DATA 	Keypress: period
3.7080 	INFO 	Keyboard events cleared
3.7076 	EXP 	surround_practice_example: autoDraw = False
3.7076 	EXP 	center_practice_example: autoDraw = False
3.7076 	EXP 	text_15: autoDraw = False
3.7076 	EXP 	text_6: autoDraw = True
4.9437 	WARNING 	t of last frame was 28.71ms (=1/34)
5.5602 	DATA 	Keypress: space
5.5747 	DEBUG 	Read csv file with pandas: tilt_practice_1.csv
5.5759 	DEBUG 	Clearing unnamed columns from tilt_practice_1.csv
5.5764 	EXP 	Imported tilt_practice_1.csv as conditions, 4 conditions, 3 params
5.5768 	EXP 	New trial (rep=0, index=0): <Trial 0 (0 in rep 0) data={'center': 30, 'surround': 0, 'correct': 'period', 'thisN': 0, 'thisTrialN': 0, 'thisRepN': 0}>
5.5805 	INFO 	Keyboard events cleared
5.5801 	EXP 	text_6: autoDraw = False
5.5801 	EXP 	surround_practice: ori = 0.0
5.5801 	EXP 	surround_practice: sf = array([2.5, 2.5])
5.5801 	EXP 	surround_practice: phase = array([0.63607035, 0.63607035])
5.5801 	EXP 	center_practice: ori = 30.0
5.5801 	EXP 	center_practice: sf = array([2.5, 2.5])
5.5801 	EXP 	center_practice: phase = array([0.09959966, 0.09959966])
6.0647 	EXP 	surround_practice: autoDraw = True
6.0647 	EXP 	center_practice: autoDraw = True
6.0647 	EXP 	surround_practice: tex = 'sin'
6.0647 	EXP 	center_practice: tex = 'sin'
7.0547 	EXP 	surround_practice: autoDraw = False
7.0547 	EXP 	center_practice: autoDraw = False
7.0657 	EXP 	text_11: autoDraw = True
8.1710 	DATA 	Keypress: period
8.1848 	EXP 	surround_practice: autoDraw = False
8.1848 	EXP 	center_practice: autoDraw = False
8.1848 	EXP 	text_11: autoDraw = False
8.1848 	EXP 	text_7: height = 0.05
8.1848 	EXP 	text_7: height = 0.05
8.1848 	EXP 	text_7: height = 0.05
8.1848 	EXP 	text_7: text = 'Correct'
8.1848 	EXP 	text_7: autoDraw = True
9.6735 	EXP 	New trial (rep=0, index=1): <Trial 1 (1 in rep 0) data={'center': -30, 'surround': 0, 'correct': 'z', 'thisN': 1, 'thisTrialN': 1, 'thisRepN': 0}>
9.6828 	INFO 	Keyboard events cleared
9.6824 	EXP 	text_7: autoDraw = False
9.6824 	EXP 	text_7: autoDraw = False
9.6824 	EXP 	surround_practice: ori = 0.0
9.6824 	EXP 	surround_practice: sf = array([2.5, 2.5])
9.6824 	EXP 	surround_practice: phase = array([0.38317588, 0.38317588])
9.6824 	EXP 	center_practice: ori = -30.0
9.6824 	EXP 	center_practice: sf = array([2.5, 2.5])
9.6824 	EXP 	center_practice: phase = array([0.26793041, 0.26793041])
10.1722 	EXP 	surround_practice: autoDraw = True
10.1722 	EXP 	center_practice: autoDraw = True
10.7335 	DATA 	Keypress: period
10.7362 	WARNING 	Multiple dropped frames have occurred - I'll stop bothering you about them!
10.7361 	EXP 	surround_practice: autoDraw = False
10.7361 	EXP 	center_practice: autoDraw = False
10.7361 	EXP 	text_11: autoDraw = False
10.7361 	EXP 	text_7: height = 0.05
10.7361 	EXP 	text_7: height = 0.05
10.7361 	EXP 	text_7: height = 0.05
10.7361 	EXP 	text_7: text = 'Incorrect'
10.7361 	EXP 	text_7: autoDraw = True
12.2234 	EXP 	New trial (rep=0, index=2): <Trial 2 (2 in rep 0) data={'center': 30, 'surround': 60, 'correct': 'period', 'thisN': 2, 'thisTrialN': 2, 'thisRepN': 0}>
12.2321 	INFO 	Keyboard events cleared
12.2316 	EXP 	text_7: autoDraw = False
12.2316 	EXP 	surround_practice: ori = 60.0
12.2316 	EXP 	surround_practice: sf = array([2.5, 2.5])
12.2316 	EXP 	surround_practice: phase = array([0.01500905, 0.01500905])
12.2316 	EXP 	center_practice: ori = 30.0
12.2316 	EXP 	center_practice: sf = array([2.5, 2.5])
12.2316 	EXP 	center_practice: phase = array([0.77106664, 0.77106664])
12.7154 	EXP 	surround_practice: autoDraw = True
12.7154 	EXP 	center_practice: autoDraw = True
13.3706 	DATA 	Keypress: z
13.3738 	EXP 	surround_practice: autoDraw = False
13.3738 	EXP 	center_practice: autoDraw = False
13.3738 	EXP 	text_11: autoDraw = False
13.3738 	EXP 	text_7: text = 'Incorrect'
13.3738 	EXP 	text_7: autoDraw = True
14.8684 	EXP 	New trial (rep=0, index=3): <Trial 3 (3 in rep 0) data={'center': -30, 'surround': -60, 'correct': 'z', 'thisN': 3, 'thisTrialN': 3, 'thisRepN': 0}>
14.8733 	INFO 	Keyboard events cleared
14.8729 	EXP 	text_7: autoDraw = False
14.8729 	EXP 	text_7: autoDraw = False
14.8729 	EXP 	surround_practice: ori = -60.0
14.8729 	EXP 	surround_practice: sf = array([2.5, 2.5])
14.8729 	EXP 	surround_practice: phase = array([0.31233574, 0.31233574])
14.8729 	EXP 	center_practice: ori = -30.0
14.8729 	EXP 	center_practice: sf = array([2.5, 2.5])
14.8729 	EXP 	center_practice: phase = array([0.18990747, 0.18990747])
15.3656 	EXP 	surround_practice: autoDraw = True
15.3656 	EXP 	center_practice: autoDraw = True
15.8727 	DATA 	Keypress: z
15.8754 	EXP 	surround_practice: autoDraw = False
15.8754 	EXP 	center_practice: autoDraw = False
15.8754 	EXP 	text_11: autoDraw = False
15.8754 	EXP 	text_7: height = 0.05
15.8754 	EXP 	text_7: height = 0.05
15.8754 	EXP 	text_7: height = 0.05
15.8754 	EXP 	text_7: text = 'Correct'
15.8754 	EXP 	text_7: autoDraw = True
17.3706 	INFO 	Keyboard events cleared
17.3703 	EXP 	text_7: autoDraw = False
17.3703 	EXP 	text_7: autoDraw = False
17.3703 	EXP 	text_8: autoDraw = True
18.6550 	DEBUG 	Read csv file with pandas: tilt_practice_2.csv
18.6556 	DEBUG 	Clearing unnamed columns from tilt_practice_2.csv
18.6562 	EXP 	Imported tilt_practice_2.csv as conditions, 6 conditions, 4 params
18.6564 	EXP 	New trial (rep=0, index=0): <Trial 0 (0 in rep 0) data={'center': -30, 'surround': -60, 'correct': 'z', 'opacity': 100, 'thisN': 0, 'thisTrialN': 0, 'thisRepN': 0}>
18.6590 	DATA 	Keypress: space
18.6622 	INFO 	Keyboard events cleared
18.6618 	EXP 	text_8: autoDraw = False
18.6618 	EXP 	surround_practice_2: ori = -60.0
18.6618 	EXP 	surround_practice_2: sf = array([2.5, 2.5])
18.6618 	EXP 	center_practice_2: ori = -30.0
18.6618 	EXP 	center_practice_2: sf = array([2.5, 2.5])
19.1482 	EXP 	surround_practice_2: autoDraw = True
19.1482 	EXP 	center_practice_2: autoDraw = True
19.1482 	EXP 	surround_practice_2: tex = 'sin'
19.1482 	EXP 	center_practice_2: tex = 'sin'
19.2315 	EXP 	surround_practice_2: autoDraw = False
19.2315 	EXP 	center_practice_2: autoDraw = False
19.2315 	EXP 	text_12: autoDraw = True
19.6773 	DATA 	Keypress: z
19.6814 	EXP 	surround_practice_2: autoDraw = False
19.6814 	EXP 	center_practice_2: autoDraw = False
19.6814 	EXP 	text_12: autoDraw = False
19.6814 	EXP 	text_16: height = 0.05
19.6814 	EXP 	text_16: height = 0.05
19.6814 	EXP 	text_16: height = 0.05
19.6814 	EXP 	text_16: text = 'Correct'
19.6814 	EXP 	text_16: autoDraw = True
21.1680 	EXP 	New trial (rep=0, index=1): <Trial 1 (1 in rep 0) data={'center': -30, 'surround': 0, 'correct': 'z', 'opacity': 100, 'thisN': 1, 'thisTrialN': 1, 'thisRepN': 0}>
21.2040 	INFO 	Keyboard events cleared
21.2030 	EXP 	text_16: autoDraw = False
21.2030 	EXP 	text_16: autoDraw = False
21.2030 	EXP 	surround_practice_2: ori = 0.0
21.2030 	EXP 	surround_practice_2: sf = array([2.5, 2.5])
21.2030 	EXP 	center_practice_2: ori = -30.0
21.2030 	EXP 	center_practice_2: sf = array([2.5, 2.5])
21.6699 	EXP 	surround_practice_2: autoDraw = True
21.6699 	EXP 	center_practice_2: autoDraw = True
21.7484 	EXP 	surround_practice_2: autoDraw = False
21.7484 	EXP 	center_practice_2: autoDraw = False
21.7484 	EXP 	text_12: autoDraw = True
22.3191 	DATA 	Keypress: z
22.3217 	EXP 	surround_practice_2: autoDraw = False
22.3217 	EXP 	center_practice_2: autoDraw = False
22.3217 	EXP 	text_12: autoDraw = False
22.3217 	EXP 	text_16: text = 'Correct'
22.3217 	EXP 	text_16: autoDraw = True
23.8165 	EXP 	New trial (rep=0, index=2): <Trial 2 (2 in rep 0) data={'center': 30, 'surround': 60, 'correct': '.', 'opacity': 100, 'thisN': 2, 'thisTrialN': 2, 'thisRepN': 0}>
23.8195 	INFO 	Keyboard events cleared
23.8192 	EXP 	text_16: autoDraw = False
23.8192 	EXP 	text_16: autoDraw = False
23.8192 	EXP 	surround_practice_2: ori = 60.0
23.8192 	EXP 	surround_practice_2: sf = array([2.5, 2.5])
23.8192 	EXP 	center_practice_2: ori = 30.0
23.8192 	EXP 	center_practice_2: sf = array([2.5, 2.5])
24.3148 	EXP 	surround_practice_2: autoDraw = True
24.3148 	EXP 	center_practice_2: autoDraw = True
24.3877 	EXP 	surround_practice_2: autoDraw = False
24.3877 	EXP 	center_practice_2: autoDraw = False
24.3877 	EXP 	text_12: autoDraw = True
24.8039 	DATA 	Keypress: period
24.8065 	EXP 	surround_practice_2: autoDraw = False
24.8065 	EXP 	center_practice_2: autoDraw = False
24.8065 	EXP 	text_12: autoDraw = False
24.8065 	EXP 	text_16: height = 0.05
24.8065 	EXP 	text_16: height = 0.05
24.8065 	EXP 	text_16: height = 0.05
24.8065 	EXP 	text_16: text = 'Incorrect'
24.8065 	EXP 	text_16: autoDraw = True
26.3017 	EXP 	New trial (rep=0, index=3): <Trial 3 (3 in rep 0) data={'center': 30, 'surround': 0, 'correct': '.', 'opacity': 100, 'thisN': 3, 'thisTrialN': 3, 'thisRepN': 0}>
26.3058 	INFO 	Keyboard events cleared
26.3053 	EXP 	text_16: autoDraw = False
26.3053 	EXP 	surround_practice_2: ori = 0.0
26.3053 	EXP 	surround_practice_2: sf = array([2.5, 2.5])
26.3053 	EXP 	center_practice_2: ori = 30.0
26.3053 	EXP 	center_practice_2: sf = array([2.5, 2.5])
26.7990 	EXP 	surround_practice_2: autoDraw = True
26.7990 	EXP 	center_practice_2: autoDraw = True
26.8704 	EXP 	surround_practice_2: autoDraw = False
26.8704 	EXP 	center_practice_2: autoDraw = False
26.8704 	EXP 	text_12: autoDraw = True
27.6254 	DATA 	Keypress: period
27.6314 	EXP 	surround_practice_2: autoDraw = False
27.6314 	EXP 	center_practice_2: autoDraw = False
27.6314 	EXP 	text_12: autoDraw = False
27.6314 	EXP 	text_16: text = 'Incorrect'
27.6314 	EXP 	text_16: autoDraw = True
29.1181 	EXP 	New trial (rep=0, index=4): <Trial 4 (4 in rep 0) data={'center': -30, 'surround': 69, 'correct': 'z', 'opacity': 0, 'thisN': 4, 'thisTrialN': 4, 'thisRepN': 0}>
29.1227 	INFO 	Keyboard events cleared
29.1223 	EXP 	text_16: autoDraw = False
29.1223 	EXP 	text_16: autoDraw = False
29.1223 	EXP 	surround_practice_2: ori = 69.0
29.1223 	EXP 	surround_practice_2: sf = array([2.5, 2.5])
29.1223 	EXP 	center_practice_2: ori = -30.0
29.1223 	EXP 	center_practice_2: sf = array([2.5, 2.5])
29.6223 	EXP 	surround_practice_2: autoDraw = True
29.6223 	EXP 	center_practice_2: autoDraw = True
29.6989 	EXP 	surround_practice_2: autoDraw = False
29.6989 	EXP 	center_practice_2: autoDraw = False
29.6989 	EXP 	text_12: autoDraw = True
31.5390 	DATA 	Keypress: z
31.5416 	EXP 	surround_practice_2: autoDraw = False
31.5416 	EXP 	center_practice_2: autoDraw = False
31.5416 	EXP 	text_12: autoDraw = False
31.5416 	EXP 	text_16: height = 0.05
31.5416 	EXP 	text_16: height = 0.05
31.5416 	EXP 	text_16: height = 0.05
31.5416 	EXP 	text_16: text = 'Correct'
31.5416 	EXP 	text_16: autoDraw = True
33.0349 	EXP 	New trial (rep=0, index=5): <Trial 5 (5 in rep 0) data={'center': 30, 'surround': 69, 'correct': '.', 'opacity': 0, 'thisN': 5, 'thisTrialN': 5, 'thisRepN': 0}>
33.0397 	INFO 	Keyboard events cleared
33.0392 	EXP 	text_16: autoDraw = False
33.0392 	EXP 	text_16: autoDraw = False
33.0392 	EXP 	surround_practice_2: ori = 69.0
33.0392 	EXP 	surround_practice_2: sf = array([2.5, 2.5])
33.0392 	EXP 	center_practice_2: ori = 30.0
33.0392 	EXP 	center_practice_2: sf = array([2.5, 2.5])
33.5324 	EXP 	surround_practice_2: autoDraw = True
33.5324 	EXP 	center_practice_2: autoDraw = True
33.6030 	EXP 	surround_practice_2: autoDraw = False
33.6030 	EXP 	center_practice_2: autoDraw = False
33.6030 	EXP 	text_12: autoDraw = True
34.1386 	DATA 	Keypress: z
34.1411 	EXP 	surround_practice_2: autoDraw = False
34.1411 	EXP 	center_practice_2: autoDraw = False
34.1411 	EXP 	text_12: autoDraw = False
34.1411 	EXP 	text_16: height = 0.05
34.1411 	EXP 	text_16: height = 0.05
34.1411 	EXP 	text_16: height = 0.05
34.1411 	EXP 	text_16: text = 'Incorrect'
34.1411 	EXP 	text_16: autoDraw = True
35.6399 	INFO 	Keyboard events cleared
35.6395 	EXP 	text_16: autoDraw = False
35.6395 	EXP 	text_16: autoDraw = False
35.6395 	EXP 	text_13: autoDraw = True
37.3731 	DATA 	Keypress: escape
37.4341 	EXP 	tilt_mocs: status = STOPPED
37.4368 	EXP 	text_13: autoDraw = False
37.4386 	EXP 	tilt_mocs: status = STOPPED
37.4471 	INFO 	saved data to '/Users/bwinsto2/Documents/Documents - BV-PCR-VPJVMF3/Github/tilt/tilt_mocs/data/sub-21046969/ses-0/sub-21046969_ses-0_exp-tiltmocs_2025-12-03_00h08.07.766.csv'
37.4492 	INFO 	saved data to /Users/bwinsto2/Documents/Documents - BV-PCR-VPJVMF3/Github/tilt/tilt_mocs/data/sub-21046969/ses-0/sub-21046969_ses-0_exp-tiltmocs_2025-12-03_00h08.07.766.psydat
37.6455 	DEBUG 	Saving data for tilt_mocs ExperimentHandler
