16.4633 	DEBUG 	Fullscreen settings ignored as running in pilot mode.
16.4699 	INFO 	Loaded monitor calibration from ['2025_10_18 11:37']
16.8879 	EXP 	Created window1 = Window(allowGUI=False, allowStencil=False, autoLog=True, backendConf=UNKNOWN, backgroundFit=<method-wrapper '__getattribute__' of attributeSetter object at 0x7f94dbc15a30>, backgroundImage=<method-wrapper '__getattribute__' of attributeSetter object at 0x7f94dbc15940>, bitsMode=UNKNOWN, blendMode='avg', bpc=(8, 8, 8), color=array([0, 0, 0]), colorSpace='rgb', depthBits=8, fullscr=False, gamma=None, gammaErrorPolicy='raise', infoMsg=UNKNOWN, lms=UNKNOWN, monitor=<psychopy.monitors.calibTools.Monitor object at 0x7f94db8304c0>, multiSample=False, name='window1', numSamples=2, pos=[112.0, 20.0], screen=0, size=array([1600, 1200]), stencilBits=0, stereo=False, title='PsychoPy', units='height', useFBO=True, useRetina=True, viewOri=0.0, viewPos=None, viewScale=None, waitBlanking=True, winType='pyglet')
16.8882 	EXP 	window1: backgroundImage = ''
16.8882 	EXP 	window1: backgroundFit = 'none'
16.9177 	DEBUG 	TextBox2 loaded 1 chars with 0 blanks and 1 valid
16.9188 	DEBUG 	TextBox2 loaded 1 chars with 0 blanks and 1 valid
16.9195 	DEBUG 	TextBox2 loaded 1 chars with 0 blanks and 1 valid
16.9205 	DEBUG 	TextBox2 loaded 1 chars with 0 blanks and 1 valid
16.9214 	DEBUG 	TextBox2 loaded 1 chars with 0 blanks and 1 valid
16.9219 	DEBUG 	TextBox2 loaded 1 chars with 0 blanks and 1 valid
16.9225 	DEBUG 	TextBox2 loaded 1 chars with 0 blanks and 1 valid
16.9234 	DEBUG 	TextBox2 loaded 1 chars with 0 blanks and 1 valid
16.9266 	DEBUG 	TextBox2 loaded 1 chars with 0 blanks and 1 valid
16.9276 	DEBUG 	TextBox2 loaded 1 chars with 0 blanks and 1 valid
16.9286 	DEBUG 	TextBox2 loaded 1 chars with 0 blanks and 1 valid
16.9297 	DEBUG 	TextBox2 loaded 1 chars with 0 blanks and 1 valid
16.9306 	DEBUG 	TextBox2 loaded 1 chars with 0 blanks and 1 valid
16.9314 	DEBUG 	TextBox2 loaded 1 chars with 0 blanks and 1 valid
16.9329 	DEBUG 	TextBox2 loaded 1 chars with 0 blanks and 1 valid
16.9337 	DEBUG 	TextBox2 loaded 1 chars with 0 blanks and 1 valid
16.9346 	DEBUG 	TextBox2 loaded 1 chars with 0 blanks and 1 valid
16.9368 	DEBUG 	TextBox2 loaded 1 chars with 0 blanks and 1 valid
16.9378 	DEBUG 	TextBox2 loaded 1 chars with 0 blanks and 1 valid
16.9389 	DEBUG 	TextBox2 loaded 1 chars with 0 blanks and 1 valid
16.9402 	DEBUG 	TextBox2 loaded 1 chars with 0 blanks and 1 valid
16.9405 	DEBUG 	Uploading Texture Font fontname to graphics card
16.9456 	DEBUG 	Upload of Texture Font fontname complete
16.9521 	DEBUG 	TextBox2 loaded 1 chars with 0 blanks and 1 valid
16.9532 	DEBUG 	TextBox2 loaded 1 chars with 0 blanks and 1 valid
16.9542 	DEBUG 	TextBox2 loaded 1 chars with 0 blanks and 1 valid
16.9544 	DEBUG 	Uploading Texture Font fontname to graphics card
16.9569 	DEBUG 	Upload of Texture Font fontname complete
16.9587 	EXP 	window1: Attempting to measure frame rate of screen (0) ...
16.9587 	EXP 	window1: recordFrameIntervals = False
17.2941 	EXP 	window1: recordFrameIntervals = True
18.3323 	WARNING 	Couldn't measure a consistent frame rate!
  - Is your graphics card set to sync to vertical blank?
  - Are you running other processes on your computer?

18.3413 	DEBUG 	TextBox2 loaded 1 chars with 0 blanks and 1 valid
18.3423 	DEBUG 	TextBox2 loaded 1 chars with 0 blanks and 1 valid
18.3438 	DEBUG 	TextBox2 loaded 1 chars with 0 blanks and 1 valid
18.3455 	DEBUG 	TextBox2 loaded 1 chars with 0 blanks and 1 valid
18.3473 	DEBUG 	TextBox2 loaded 1 chars with 0 blanks and 1 valid
18.3491 	DEBUG 	TextBox2 loaded 1 chars with 0 blanks and 1 valid
18.3500 	DEBUG 	TextBox2 loaded 1 chars with 0 blanks and 1 valid
18.3513 	DEBUG 	TextBox2 loaded 1 chars with 0 blanks and 1 valid
18.3529 	DEBUG 	TextBox2 loaded 1 chars with 0 blanks and 1 valid
18.3544 	DEBUG 	TextBox2 loaded 1 chars with 0 blanks and 1 valid
18.3548 	DEBUG 	Uploading Texture Font fontname to graphics card
18.3579 	DEBUG 	Upload of Texture Font fontname complete
18.4414 	WARNING 	launchHubServer: If using the iohub mouse or eyetracker devices, fullScr should be True.
32.4553 	INFO 	keyboard.Keyboard is using iohub backend.
32.4554 	INFO 	keyboard.Keyboard is using iohub backend.
32.4554 	INFO 	keyboard.Keyboard is using iohub backend.
32.4554 	INFO 	keyboard.Keyboard is using iohub backend.
32.4554 	INFO 	keyboard.Keyboard is using iohub backend.
32.4555 	INFO 	keyboard.Keyboard is using iohub backend.
32.4555 	INFO 	keyboard.Keyboard is using iohub backend.
32.4555 	INFO 	keyboard.Keyboard is using iohub backend.
32.4555 	INFO 	keyboard.Keyboard is using iohub backend.
32.4556 	INFO 	keyboard.Keyboard is using iohub backend.
32.4556 	INFO 	keyboard.Keyboard is using iohub backend.
32.4557 	EXP 	tilt_mocs: status = STARTED
32.6209 	EXP 	Created text_5 = TextStim(__class__=<class 'psychopy.visual.text.TextStim'>, alignHoriz=method-wrapper(...), alignText='center', alignVert=method-wrapper(...), anchorHoriz='center', anchorVert='center', antialias=True, autoDraw=False, autoLog=True, bold=False, color=array([1., 1., 1.]), colorSpace='rgb', contrast=1.0, depth=-1.0, draggable=False, flipHoriz=False, flipVert=False, font='Arial', fontFiles=[], height=0.05, italic=False, languageStyle='LTR', name='text_5', opacity=1, ori=0.0, pos=array([0., 0.]), rgb=UNKNOWN, text=str(...), units='height', win=Window(...), wrapWidth=1)
32.6241 	EXP 	Created surround_practice_example = GratingStim(__class__=<class 'psychopy.visual.grating.GratingStim'>, anchor='center', autoDraw=False, autoLog=True, blendmode='avg', color=array([0.2, 0.2, 0.2]), colorSpace='rgb', contrast=0.2, depth=-1.0, draggable=False, interpolate=True, mask='circle', maskParams=None, name='surround_practice_example', opacity=1, ori=1.0, phase=array([1., 1.]), pos=array([0., 0.]), rgbPedestal=array([0., 0., 0.]), sf=array([1., 1.]), size=array([1., 1.]), tex='sin', texRes=128.0, units='cm', win=Window(...))
32.6257 	EXP 	Created center_practice_example = GratingStim(__class__=<class 'psychopy.visual.grating.GratingStim'>, anchor='center', autoDraw=False, autoLog=True, blendmode='avg', color=array([1., 1., 1.]), colorSpace='rgb', contrast=1.0, depth=-2.0, draggable=False, interpolate=True, mask='circle', maskParams=None, name='center_practice_example', opacity=1, ori=1.0, phase=array([1., 1.]), pos=array([0., 0.]), rgbPedestal=array([0., 0., 0.]), sf=array([1., 1.]), size=array([1., 1.]), tex='sin', texRes=128.0, units='cm', win=Window(...))
32.6295 	EXP 	Created text_15 = TextStim(__class__=<class 'psychopy.visual.text.TextStim'>, alignHoriz=method-wrapper(...), alignText='center', alignVert=method-wrapper(...), anchorHoriz='center', anchorVert='center', antialias=True, autoDraw=False, autoLog=True, bold=False, color=array([1., 1., 1.]), colorSpace='rgb', contrast=1.0, depth=-3.0, draggable=False, flipHoriz=False, flipVert=False, font='Arial', fontFiles=[], height=0.05, italic=False, languageStyle='LTR', name='text_15', opacity=1, ori=0.0, pos=array([ 0. , -0.4]), rgb=UNKNOWN, text=str(...), units='height', win=Window(...), wrapWidth=1)
32.6359 	EXP 	Created text_6 = TextStim(__class__=<class 'psychopy.visual.text.TextStim'>, alignHoriz=method-wrapper(...), alignText='center', alignVert=method-wrapper(...), anchorHoriz='center', anchorVert='center', antialias=True, autoDraw=False, autoLog=True, bold=False, color=array([1., 1., 1.]), colorSpace='rgb', contrast=1.0, depth=0.0, draggable=False, flipHoriz=False, flipVert=False, font='Arial', fontFiles=[], height=0.05, italic=False, languageStyle='LTR', name='text_6', opacity=1, ori=0.0, pos=array([0., 0.]), rgb=UNKNOWN, text=str(...), units='height', win=Window(...), wrapWidth=1)
32.6376 	EXP 	Created surround_practice = GratingStim(__class__=<class 'psychopy.visual.grating.GratingStim'>, anchor='center', autoDraw=False, autoLog=True, blendmode='avg', color=array([0.2, 0.2, 0.2]), colorSpace='rgb', contrast=0.2, depth=-1.0, draggable=False, interpolate=True, mask='circle', maskParams=None, name='surround_practice', opacity=1, ori=1.0, phase=array([1., 1.]), pos=array([0., 0.]), rgbPedestal=array([0., 0., 0.]), sf=array([1., 1.]), size=array([1., 1.]), tex='sin', texRes=128.0, units='cm', win=Window(...))
32.6391 	EXP 	Created center_practice = GratingStim(__class__=<class 'psychopy.visual.grating.GratingStim'>, anchor='center', autoDraw=False, autoLog=True, blendmode='avg', color=array([1., 1., 1.]), colorSpace='rgb', contrast=1.0, depth=-2.0, draggable=False, interpolate=True, mask='circle', maskParams=None, name='center_practice', opacity=1, ori=1.0, phase=array([1., 1.]), pos=array([0., 0.]), rgbPedestal=array([0., 0., 0.]), sf=array([1., 1.]), size=array([1., 1.]), tex='sin', texRes=128.0, units='cm', win=Window(...))
32.6426 	EXP 	Created text_11 = TextStim(__class__=<class 'psychopy.visual.text.TextStim'>, alignHoriz=method-wrapper(...), alignText='center', alignVert=method-wrapper(...), anchorHoriz='center', anchorVert='center', antialias=True, autoDraw=False, autoLog=True, bold=False, color=array([1., 1., 1.]), colorSpace='rgb', contrast=1.0, depth=-4.0, draggable=False, flipHoriz=False, flipVert=False, font='Arial', fontFiles=[], height=0.05, italic=False, languageStyle='LTR', name='text_11', opacity=1, ori=0.0, pos=array([0., 0.]), rgb=UNKNOWN, text=str(...), units='height', win=Window(...), wrapWidth=1)
32.6431 	EXP 	Created text_7 = TextStim(__class__=<class 'psychopy.visual.text.TextStim'>, alignHoriz=method-wrapper(...), alignText='center', alignVert=method-wrapper(...), anchorHoriz='center', anchorVert='center', antialias=True, autoDraw=False, autoLog=True, bold=False, color=array([1., 1., 1.]), colorSpace='rgb', contrast=1.0, depth=-1.0, draggable=False, flipHoriz=False, flipVert=False, font='Arial', fontFiles=[], height=0.05, italic=False, languageStyle='LTR', name='text_7', opacity=1, ori=0.0, pos=array([0., 0.]), rgb=UNKNOWN, text='', units='height', win=Window(...), wrapWidth=1)
32.6496 	EXP 	Created text_8 = TextStim(__class__=<class 'psychopy.visual.text.TextStim'>, alignHoriz=method-wrapper(...), alignText='center', alignVert=method-wrapper(...), anchorHoriz='center', anchorVert='center', antialias=True, autoDraw=False, autoLog=True, bold=False, color=array([1., 1., 1.]), colorSpace='rgb', contrast=1.0, depth=0.0, draggable=False, flipHoriz=False, flipVert=False, font='Arial', fontFiles=[], height=0.05, italic=False, languageStyle='LTR', name='text_8', opacity=1, ori=0.0, pos=array([0., 0.]), rgb=UNKNOWN, text=str(...), units='height', win=Window(...), wrapWidth=1)
32.6510 	EXP 	Created surround_practice_2 = GratingStim(__class__=<class 'psychopy.visual.grating.GratingStim'>, anchor='center', autoDraw=False, autoLog=True, blendmode='avg', color=array([0.2, 0.2, 0.2]), colorSpace='rgb', contrast=0.2, depth=0.0, draggable=False, interpolate=True, mask='circle', maskParams=None, name='surround_practice_2', opacity=1.0, ori=1.0, phase=array([0., 0.]), pos=array([0., 0.]), rgbPedestal=array([0., 0., 0.]), sf=array([1., 1.]), size=array([1., 1.]), tex='sin', texRes=128.0, units='cm', win=Window(...))
32.6525 	EXP 	Created center_practice_2 = GratingStim(__class__=<class 'psychopy.visual.grating.GratingStim'>, anchor='center', autoDraw=False, autoLog=True, blendmode='avg', color=array([0.2, 0.2, 0.2]), colorSpace='rgb', contrast=0.2, depth=-1.0, draggable=False, interpolate=True, mask='circle', maskParams=None, name='center_practice_2', opacity=1, ori=1.0, phase=array([0., 0.]), pos=array([0., 0.]), rgbPedestal=array([0., 0., 0.]), sf=array([1., 1.]), size=array([2., 2.]), tex='sin', texRes=128.0, units='cm', win=Window(...))
32.6550 	EXP 	Created text_12 = TextStim(__class__=<class 'psychopy.visual.text.TextStim'>, alignHoriz=method-wrapper(...), alignText='center', alignVert=method-wrapper(...), anchorHoriz='center', anchorVert='center', antialias=True, autoDraw=False, autoLog=True, bold=False, color=array([1., 1., 1.]), colorSpace='rgb', contrast=1.0, depth=-3.0, draggable=False, flipHoriz=False, flipVert=False, font='Arial', fontFiles=[], height=0.05, italic=False, languageStyle='LTR', name='text_12', opacity=1, ori=0.0, pos=array([0., 0.]), rgb=UNKNOWN, text=str(...), units='height', win=Window(...), wrapWidth=1)
32.6555 	EXP 	Created text_7 = TextStim(__class__=<class 'psychopy.visual.text.TextStim'>, alignHoriz=method-wrapper(...), alignText='center', alignVert=method-wrapper(...), anchorHoriz='center', anchorVert='center', antialias=True, autoDraw=False, autoLog=True, bold=False, color=array([1., 1., 1.]), colorSpace='rgb', contrast=1.0, depth=-1.0, draggable=False, flipHoriz=False, flipVert=False, font='Arial', fontFiles=[], height=0.05, italic=False, languageStyle='LTR', name='text_7', opacity=1, ori=0.0, pos=array([0., 0.]), rgb=UNKNOWN, text='', units='height', win=Window(...), wrapWidth=1)
32.6669 	EXP 	Created text_13 = TextStim(__class__=<class 'psychopy.visual.text.TextStim'>, alignHoriz=method-wrapper(...), alignText='center', alignVert=method-wrapper(...), anchorHoriz='center', anchorVert='center', antialias=True, autoDraw=False, autoLog=True, bold=False, color=array([1., 1., 1.]), colorSpace='rgb', contrast=1.0, depth=0.0, draggable=False, flipHoriz=False, flipVert=False, font='Arial', fontFiles=[], height=0.05, italic=False, languageStyle='LTR', name='text_13', opacity=1, ori=0.0, pos=array([0., 0.]), rgb=UNKNOWN, text=str(...), units='height', win=Window(...), wrapWidth=1)
32.6684 	EXP 	Created surround_grating = GratingStim(__class__=<class 'psychopy.visual.grating.GratingStim'>, anchor='center', autoDraw=False, autoLog=True, blendmode='avg', color=array([0.2, 0.2, 0.2]), colorSpace='rgb', contrast=0.2, depth=-1.0, draggable=False, interpolate=True, mask='circle', maskParams=None, name='surround_grating', opacity=1.0, ori=1.0, phase=array([1., 1.]), pos=array([0., 0.]), rgbPedestal=array([0., 0., 0.]), sf=array([1., 1.]), size=array([1., 1.]), tex='sin', texRes=128.0, units='cm', win=Window(...))
32.6698 	EXP 	Created center_grating = GratingStim(__class__=<class 'psychopy.visual.grating.GratingStim'>, anchor='center', autoDraw=False, autoLog=True, blendmode='avg', color=array([0.2, 0.2, 0.2]), colorSpace='rgb', contrast=0.2, depth=-2.0, draggable=False, interpolate=True, mask='circle', maskParams=None, name='center_grating', opacity=1, ori=1.0, phase=array([1., 1.]), pos=array([0., 0.]), rgbPedestal=array([0., 0., 0.]), sf=array([1., 1.]), size=array([1., 1.]), tex='sin', texRes=128.0, units='cm', win=Window(...))
32.6745 	EXP 	Created text_2 = TextStim(__class__=<class 'psychopy.visual.text.TextStim'>, alignHoriz=method-wrapper(...), alignText='center', alignVert=method-wrapper(...), anchorHoriz='center', anchorVert='center', antialias=True, autoDraw=False, autoLog=True, bold=False, color=array([1., 1., 1.]), colorSpace='rgb', contrast=1.0, depth=0.0, draggable=False, flipHoriz=False, flipVert=False, font='Arial', fontFiles=[], height=0.05, italic=False, languageStyle='LTR', name='text_2', opacity=1, ori=0.0, pos=array([0., 0.]), rgb=UNKNOWN, text=str(...), units='height', win=Window(...), wrapWidth=1)
32.6767 	EXP 	Created text_14 = TextStim(__class__=<class 'psychopy.visual.text.TextStim'>, alignHoriz=method-wrapper(...), alignText='center', alignVert=method-wrapper(...), anchorHoriz='center', anchorVert='center', antialias=True, autoDraw=False, autoLog=True, bold=False, color=array([1., 1., 1.]), colorSpace='rgb', contrast=1.0, depth=0.0, draggable=False, flipHoriz=False, flipVert=False, font='Arial', fontFiles=[], height=0.05, italic=False, languageStyle='LTR', name='text_14', opacity=1, ori=0.0, pos=array([0., 0.]), rgb=UNKNOWN, text='done!\n\nthank you and have a pleasant day ', units='height', win=Window(...), wrapWidth=1)
0.0672 	INFO 	Keyboard events cleared
0.0667 	WARNING 	t of last frame was 34.88ms (=1/28)
0.0667 	EXP 	text_5: autoDraw = True
1.5317 	DATA 	Keypress: space
1.5354 	INFO 	Keyboard events cleared
1.5350 	WARNING 	t of last frame was 62.80ms (=1/15)
1.5350 	EXP 	text_5: autoDraw = False
1.5350 	EXP 	surround_practice_example: ori = -30.0
1.5350 	EXP 	surround_practice_example: sf = array([2.5, 2.5])
1.5350 	EXP 	surround_practice_example: phase = array([0., 0.])
1.5350 	EXP 	center_practice_example: ori = 15.0
1.5350 	EXP 	center_practice_example: sf = array([2.5, 2.5])
1.5350 	EXP 	center_practice_example: phase = array([0., 0.])
1.5350 	EXP 	surround_practice_example: autoDraw = True
1.5350 	EXP 	center_practice_example: autoDraw = True
1.5350 	EXP 	text_15: autoDraw = True
1.5350 	EXP 	surround_practice_example: tex = 'sin'
1.5350 	EXP 	center_practice_example: tex = 'sin'
6.1032 	WARNING 	t of last frame was 30.87ms (=1/32)
7.0018 	WARNING 	t of last frame was 26.71ms (=1/37)
7.5860 	WARNING 	Multiple dropped frames have occurred - I'll stop bothering you about them!
16.6753 	DATA 	Keypress: period
16.6787 	INFO 	Keyboard events cleared
16.6782 	EXP 	surround_practice_example: autoDraw = False
16.6782 	EXP 	center_practice_example: autoDraw = False
16.6782 	EXP 	text_15: autoDraw = False
16.6782 	EXP 	text_6: autoDraw = True
17.8273 	DEBUG 	Read csv file with pandas: tilt_practice_1.csv
17.8289 	DEBUG 	Clearing unnamed columns from tilt_practice_1.csv
17.8294 	EXP 	Imported tilt_practice_1.csv as conditions, 4 conditions, 3 params
17.8299 	EXP 	New trial (rep=0, index=0): <Trial 0 (0 in rep 0) data={'center': 30, 'surround': 0, 'correct': 'period', 'thisN': 0, 'thisTrialN': 0, 'thisRepN': 0}>
17.8328 	DATA 	Keypress: space
17.8358 	INFO 	Keyboard events cleared
17.8354 	EXP 	text_6: autoDraw = False
17.8354 	EXP 	surround_practice: ori = 0.0
17.8354 	EXP 	surround_practice: sf = array([2.5, 2.5])
17.8354 	EXP 	surround_practice: phase = array([0.3516185, 0.3516185])
17.8354 	EXP 	center_practice: ori = 30.0
17.8354 	EXP 	center_practice: sf = array([2.5, 2.5])
17.8354 	EXP 	center_practice: phase = array([0.78572292, 0.78572292])
18.3007 	EXP 	surround_practice: autoDraw = True
18.3007 	EXP 	center_practice: autoDraw = True
18.3007 	EXP 	surround_practice: tex = 'sin'
18.3007 	EXP 	center_practice: tex = 'sin'
19.3006 	EXP 	surround_practice: autoDraw = False
19.3006 	EXP 	center_practice: autoDraw = False
19.3006 	EXP 	text_11: autoDraw = True
19.9622 	DATA 	Keypress: period
19.9674 	EXP 	surround_practice: autoDraw = False
19.9674 	EXP 	center_practice: autoDraw = False
19.9674 	EXP 	text_11: autoDraw = False
19.9674 	EXP 	text_7: height = 0.05
19.9674 	EXP 	text_7: height = 0.05
19.9674 	EXP 	text_7: height = 0.05
19.9674 	EXP 	text_7: text = 'Correct'
19.9674 	EXP 	text_7: autoDraw = True
21.4558 	EXP 	New trial (rep=0, index=1): <Trial 1 (1 in rep 0) data={'center': -30, 'surround': 0, 'correct': 'z', 'thisN': 1, 'thisTrialN': 1, 'thisRepN': 0}>
21.4678 	INFO 	Keyboard events cleared
21.4674 	EXP 	text_7: autoDraw = False
21.4674 	EXP 	text_7: autoDraw = False
21.4674 	EXP 	surround_practice: ori = 0.0
21.4674 	EXP 	surround_practice: sf = array([2.5, 2.5])
21.4674 	EXP 	surround_practice: phase = array([0.62869903, 0.62869903])
21.4674 	EXP 	center_practice: ori = -30.0
21.4674 	EXP 	center_practice: sf = array([2.5, 2.5])
21.4674 	EXP 	center_practice: phase = array([0.6911067, 0.6911067])
21.9532 	EXP 	surround_practice: autoDraw = True
21.9532 	EXP 	center_practice: autoDraw = True
22.9532 	EXP 	surround_practice: autoDraw = False
22.9532 	EXP 	center_practice: autoDraw = False
22.9532 	EXP 	text_11: autoDraw = True
23.6725 	DATA 	Keypress: z
23.6751 	EXP 	surround_practice: autoDraw = False
23.6751 	EXP 	center_practice: autoDraw = False
23.6751 	EXP 	text_11: autoDraw = False
23.6751 	EXP 	text_7: text = 'Correct'
23.6751 	EXP 	text_7: autoDraw = True
25.1697 	EXP 	New trial (rep=0, index=2): <Trial 2 (2 in rep 0) data={'center': 30, 'surround': 60, 'correct': 'period', 'thisN': 2, 'thisTrialN': 2, 'thisRepN': 0}>
25.1734 	INFO 	Keyboard events cleared
25.1731 	EXP 	text_7: autoDraw = False
25.1731 	EXP 	text_7: autoDraw = False
25.1731 	EXP 	surround_practice: ori = 60.0
25.1731 	EXP 	surround_practice: sf = array([2.5, 2.5])
25.1731 	EXP 	surround_practice: phase = array([0.53497735, 0.53497735])
25.1731 	EXP 	center_practice: ori = 30.0
25.1731 	EXP 	center_practice: sf = array([2.5, 2.5])
25.1731 	EXP 	center_practice: phase = array([0.75301997, 0.75301997])
25.6674 	EXP 	surround_practice: autoDraw = True
25.6674 	EXP 	center_practice: autoDraw = True
26.6680 	EXP 	surround_practice: autoDraw = False
26.6680 	EXP 	center_practice: autoDraw = False
26.6680 	EXP 	text_11: autoDraw = True
27.0722 	DATA 	Keypress: period
27.0748 	EXP 	surround_practice: autoDraw = False
27.0748 	EXP 	center_practice: autoDraw = False
27.0748 	EXP 	text_11: autoDraw = False
27.0748 	EXP 	text_7: text = 'Correct'
27.0748 	EXP 	text_7: autoDraw = True
28.5699 	EXP 	New trial (rep=0, index=3): <Trial 3 (3 in rep 0) data={'center': -30, 'surround': -60, 'correct': 'z', 'thisN': 3, 'thisTrialN': 3, 'thisRepN': 0}>
28.5737 	INFO 	Keyboard events cleared
28.5733 	EXP 	text_7: autoDraw = False
28.5733 	EXP 	text_7: autoDraw = False
28.5733 	EXP 	surround_practice: ori = -60.0
28.5733 	EXP 	surround_practice: sf = array([2.5, 2.5])
28.5733 	EXP 	surround_practice: phase = array([0.16488843, 0.16488843])
28.5733 	EXP 	center_practice: ori = -30.0
28.5733 	EXP 	center_practice: sf = array([2.5, 2.5])
28.5733 	EXP 	center_practice: phase = array([0.17517985, 0.17517985])
29.0674 	EXP 	surround_practice: autoDraw = True
29.0674 	EXP 	center_practice: autoDraw = True
30.0558 	EXP 	surround_practice: autoDraw = False
30.0558 	EXP 	center_practice: autoDraw = False
30.0675 	EXP 	text_11: autoDraw = True
30.2395 	DATA 	Keypress: z
30.2421 	EXP 	surround_practice: autoDraw = False
30.2421 	EXP 	center_practice: autoDraw = False
30.2421 	EXP 	text_11: autoDraw = False
30.2421 	EXP 	text_7: text = 'Correct'
30.2421 	EXP 	text_7: autoDraw = True
31.7401 	INFO 	Keyboard events cleared
31.7398 	EXP 	text_7: autoDraw = False
31.7398 	EXP 	text_7: autoDraw = False
31.7398 	EXP 	text_8: autoDraw = True
34.2823 	DEBUG 	Read csv file with pandas: tilt_practice_2.csv
34.2829 	DEBUG 	Clearing unnamed columns from tilt_practice_2.csv
34.2834 	EXP 	Imported tilt_practice_2.csv as conditions, 6 conditions, 4 params
34.2836 	EXP 	New trial (rep=0, index=0): <Trial 0 (0 in rep 0) data={'center': -30, 'surround': -60, 'correct': 'z', 'opacity': 100, 'thisN': 0, 'thisTrialN': 0, 'thisRepN': 0}>
34.2860 	DATA 	Keypress: space
34.2890 	INFO 	Keyboard events cleared
34.2886 	EXP 	text_8: autoDraw = False
34.2886 	EXP 	surround_practice_2: ori = -60.0
34.2886 	EXP 	surround_practice_2: sf = array([2.5, 2.5])
34.2886 	EXP 	center_practice_2: ori = -30.0
34.2886 	EXP 	center_practice_2: sf = array([2.5, 2.5])
34.7672 	EXP 	surround_practice_2: autoDraw = True
34.7672 	EXP 	center_practice_2: autoDraw = True
34.7672 	EXP 	surround_practice_2: tex = 'sin'
34.7672 	EXP 	center_practice_2: tex = 'sin'
34.8397 	EXP 	surround_practice_2: autoDraw = False
34.8397 	EXP 	center_practice_2: autoDraw = False
34.8397 	EXP 	text_12: autoDraw = True
35.8727 	DATA 	Keypress: z
35.8753 	EXP 	surround_practice_2: autoDraw = False
35.8753 	EXP 	center_practice_2: autoDraw = False
35.8753 	EXP 	text_12: autoDraw = False
35.8753 	EXP 	text_7: text = 'Correct'
35.8753 	EXP 	text_7: autoDraw = True
37.3703 	EXP 	New trial (rep=0, index=1): <Trial 1 (1 in rep 0) data={'center': -30, 'surround': 0, 'correct': 'z', 'opacity': 100, 'thisN': 1, 'thisTrialN': 1, 'thisRepN': 0}>
37.3746 	INFO 	Keyboard events cleared
37.3743 	EXP 	text_7: autoDraw = False
37.3743 	EXP 	text_7: autoDraw = False
37.3743 	EXP 	surround_practice_2: ori = 0.0
37.3743 	EXP 	surround_practice_2: sf = array([2.5, 2.5])
37.3743 	EXP 	center_practice_2: ori = -30.0
37.3743 	EXP 	center_practice_2: sf = array([2.5, 2.5])
37.8677 	EXP 	surround_practice_2: autoDraw = True
37.8677 	EXP 	center_practice_2: autoDraw = True
37.9399 	EXP 	surround_practice_2: autoDraw = False
37.9399 	EXP 	center_practice_2: autoDraw = False
37.9399 	EXP 	text_12: autoDraw = True
38.3333 	DATA 	Keypress: z
38.3368 	EXP 	surround_practice_2: autoDraw = False
38.3368 	EXP 	center_practice_2: autoDraw = False
38.3368 	EXP 	text_12: autoDraw = False
38.3368 	EXP 	text_7: text = 'Correct'
38.3368 	EXP 	text_7: autoDraw = True
39.8230 	EXP 	New trial (rep=0, index=2): <Trial 2 (2 in rep 0) data={'center': 30, 'surround': 60, 'correct': '.', 'opacity': 100, 'thisN': 2, 'thisTrialN': 2, 'thisRepN': 0}>
39.8349 	INFO 	Keyboard events cleared
39.8345 	EXP 	text_7: autoDraw = False
39.8345 	EXP 	text_7: autoDraw = False
39.8345 	EXP 	surround_practice_2: ori = 60.0
39.8345 	EXP 	surround_practice_2: sf = array([2.5, 2.5])
39.8345 	EXP 	center_practice_2: ori = 30.0
39.8345 	EXP 	center_practice_2: sf = array([2.5, 2.5])
40.3210 	EXP 	surround_practice_2: autoDraw = True
40.3210 	EXP 	center_practice_2: autoDraw = True
40.4007 	EXP 	surround_practice_2: autoDraw = False
40.4007 	EXP 	center_practice_2: autoDraw = False
40.4007 	EXP 	text_12: autoDraw = True
40.8061 	DATA 	Keypress: period
40.8089 	EXP 	surround_practice_2: autoDraw = False
40.8089 	EXP 	center_practice_2: autoDraw = False
40.8089 	EXP 	text_12: autoDraw = False
40.8089 	EXP 	text_7: text = 'Correct'
40.8089 	EXP 	text_7: autoDraw = True
42.3029 	EXP 	New trial (rep=0, index=3): <Trial 3 (3 in rep 0) data={'center': 30, 'surround': 0, 'correct': '.', 'opacity': 100, 'thisN': 3, 'thisTrialN': 3, 'thisRepN': 0}>
42.3064 	INFO 	Keyboard events cleared
42.3060 	EXP 	text_7: autoDraw = False
42.3060 	EXP 	text_7: autoDraw = False
42.3060 	EXP 	surround_practice_2: ori = 0.0
42.3060 	EXP 	surround_practice_2: sf = array([2.5, 2.5])
42.3060 	EXP 	center_practice_2: ori = 30.0
42.3060 	EXP 	center_practice_2: sf = array([2.5, 2.5])
42.8006 	EXP 	surround_practice_2: autoDraw = True
42.8006 	EXP 	center_practice_2: autoDraw = True
42.8720 	EXP 	surround_practice_2: autoDraw = False
42.8720 	EXP 	center_practice_2: autoDraw = False
42.8720 	EXP 	text_12: autoDraw = True
43.2893 	DATA 	Keypress: period
43.2920 	EXP 	surround_practice_2: autoDraw = False
43.2920 	EXP 	center_practice_2: autoDraw = False
43.2920 	EXP 	text_12: autoDraw = False
43.2920 	EXP 	text_7: text = 'Correct'
43.2920 	EXP 	text_7: autoDraw = True
44.7891 	EXP 	New trial (rep=0, index=4): <Trial 4 (4 in rep 0) data={'center': -30, 'surround': 69, 'correct': 'z', 'opacity': 0, 'thisN': 4, 'thisTrialN': 4, 'thisRepN': 0}>
44.8014 	INFO 	Keyboard events cleared
44.8010 	EXP 	text_7: autoDraw = False
44.8010 	EXP 	surround_practice_2: ori = 69.0
44.8010 	EXP 	surround_practice_2: sf = array([2.5, 2.5])
44.8010 	EXP 	center_practice_2: ori = -30.0
44.8010 	EXP 	center_practice_2: sf = array([2.5, 2.5])
45.2838 	EXP 	surround_practice_2: autoDraw = True
45.2838 	EXP 	center_practice_2: autoDraw = True
45.3673 	EXP 	surround_practice_2: autoDraw = False
45.3673 	EXP 	center_practice_2: autoDraw = False
45.3673 	EXP 	text_12: autoDraw = True
45.7074 	DATA 	Keypress: z
45.7109 	EXP 	surround_practice_2: autoDraw = False
45.7109 	EXP 	center_practice_2: autoDraw = False
45.7109 	EXP 	text_12: autoDraw = False
45.7109 	EXP 	text_7: text = 'Correct'
45.7109 	EXP 	text_7: autoDraw = True
47.2037 	EXP 	New trial (rep=0, index=5): <Trial 5 (5 in rep 0) data={'center': 30, 'surround': 69, 'correct': '.', 'opacity': 0, 'thisN': 5, 'thisTrialN': 5, 'thisRepN': 0}>
47.2082 	INFO 	Keyboard events cleared
47.2079 	EXP 	text_7: autoDraw = False
47.2079 	EXP 	text_7: autoDraw = False
47.2079 	EXP 	surround_practice_2: ori = 69.0
47.2079 	EXP 	surround_practice_2: sf = array([2.5, 2.5])
47.2079 	EXP 	center_practice_2: ori = 30.0
47.2079 	EXP 	center_practice_2: sf = array([2.5, 2.5])
47.7063 	EXP 	surround_practice_2: autoDraw = True
47.7063 	EXP 	center_practice_2: autoDraw = True
47.7877 	EXP 	surround_practice_2: autoDraw = False
47.7877 	EXP 	center_practice_2: autoDraw = False
47.7877 	EXP 	text_12: autoDraw = True
48.1577 	DATA 	Keypress: period
48.1673 	EXP 	surround_practice_2: autoDraw = False
48.1673 	EXP 	center_practice_2: autoDraw = False
48.1673 	EXP 	text_12: autoDraw = False
48.1673 	EXP 	text_7: text = 'Correct'
48.1673 	EXP 	text_7: autoDraw = True
49.6679 	INFO 	Keyboard events cleared
49.6674 	EXP 	text_7: autoDraw = False
49.6674 	EXP 	text_7: autoDraw = False
49.6674 	EXP 	text_13: autoDraw = True
63.6225 	DEBUG 	Read csv file with pandas: mocs_stims_fixed.csv
63.6242 	DEBUG 	Clearing unnamed columns from mocs_stims_fixed.csv
63.6449 	EXP 	Imported mocs_stims_fixed.csv as conditions, 1008 conditions, 5 params
63.7515 	EXP 	New trial (rep=0, index=0): <Trial 0 (0 in rep 0) data={'center': -4, 'surround': -15.0, 'type': 'c-4', 'surr_type': 'negs', 'surr_opacity': 100, 'thisN': 0, 'thisTrialN': 0, 'thisRepN': 0}>
63.7563 	DATA 	Keypress: space
63.7612 	INFO 	Keyboard events cleared
63.7608 	EXP 	text_13: autoDraw = False
63.7608 	EXP 	surround_grating: ori = -15.0
63.7608 	EXP 	surround_grating: sf = array([2.5, 2.5])
63.7608 	EXP 	surround_grating: phase = array([0.92401402, 0.92401402])
63.7608 	EXP 	center_grating: ori = -4.0
63.7608 	EXP 	center_grating: sf = array([2.5, 2.5])
63.7608 	EXP 	center_grating: phase = array([0.02428405, 0.02428405])
64.1005 	EXP 	surround_grating: autoDraw = True
64.1005 	EXP 	center_grating: autoDraw = True
64.1005 	EXP 	surround_grating: tex = 'sin'
64.1005 	EXP 	center_grating: tex = 'sin'
64.1716 	EXP 	surround_grating: autoDraw = False
64.1716 	EXP 	center_grating: autoDraw = False
64.9076 	EXP 	New trial (rep=0, index=1): <Trial 1 (1 in rep 0) data={'center': -2, 'surround': 15.0, 'type': 'c-2', 'surr_type': 'poss', 'surr_opacity': 100, 'thisN': 1, 'thisTrialN': 1, 'thisRepN': 0}>
64.9100 	DATA 	Keypress: period
64.9201 	INFO 	Keyboard events cleared
64.9198 	EXP 	surround_grating: autoDraw = False
64.9198 	EXP 	center_grating: autoDraw = False
64.9198 	EXP 	text_2: autoDraw = False
64.9198 	EXP 	surround_grating: ori = 15.0
64.9198 	EXP 	surround_grating: sf = array([2.5, 2.5])
64.9198 	EXP 	surround_grating: phase = array([0.48340868, 0.48340868])
64.9198 	EXP 	center_grating: ori = -2.0
64.9198 	EXP 	center_grating: sf = array([2.5, 2.5])
64.9198 	EXP 	center_grating: phase = array([0.0786651, 0.0786651])
65.4061 	EXP 	surround_grating: autoDraw = True
65.4061 	EXP 	center_grating: autoDraw = True
65.4845 	EXP 	surround_grating: autoDraw = False
65.4845 	EXP 	center_grating: autoDraw = False
66.7211 	EXP 	New trial (rep=0, index=2): <Trial 2 (2 in rep 0) data={'center': 2, 'surround': 15.0, 'type': 'c+2', 'surr_type': 'poss', 'surr_opacity': 100, 'thisN': 2, 'thisTrialN': 2, 'thisRepN': 0}>
66.7241 	DATA 	Keypress: z
66.7277 	INFO 	Keyboard events cleared
66.7273 	EXP 	surround_grating: autoDraw = False
66.7273 	EXP 	center_grating: autoDraw = False
66.7273 	EXP 	text_2: autoDraw = False
66.7273 	EXP 	surround_grating: ori = 15.0
66.7273 	EXP 	surround_grating: sf = array([2.5, 2.5])
66.7273 	EXP 	surround_grating: phase = array([0.58694354, 0.58694354])
66.7273 	EXP 	center_grating: ori = 2.0
66.7273 	EXP 	center_grating: sf = array([2.5, 2.5])
66.7273 	EXP 	center_grating: phase = array([0.91503358, 0.91503358])
67.2177 	EXP 	surround_grating: autoDraw = True
67.2177 	EXP 	center_grating: autoDraw = True
67.3006 	EXP 	surround_grating: autoDraw = False
67.3006 	EXP 	center_grating: autoDraw = False
68.3196 	EXP 	New trial (rep=0, index=3): <Trial 3 (3 in rep 0) data={'center': 2, 'surround': -15.0, 'type': 'c+2', 'surr_type': 'negs', 'surr_opacity': 100, 'thisN': 3, 'thisTrialN': 3, 'thisRepN': 0}>
68.3217 	DATA 	Keypress: period
68.3247 	INFO 	Keyboard events cleared
68.3243 	EXP 	surround_grating: autoDraw = False
68.3243 	EXP 	center_grating: autoDraw = False
68.3243 	EXP 	text_2: autoDraw = False
68.3243 	EXP 	surround_grating: ori = -15.0
68.3243 	EXP 	surround_grating: sf = array([2.5, 2.5])
68.3243 	EXP 	surround_grating: phase = array([0.59903687, 0.59903687])
68.3243 	EXP 	center_grating: ori = 2.0
68.3243 	EXP 	center_grating: sf = array([2.5, 2.5])
68.3243 	EXP 	center_grating: phase = array([0.85368186, 0.85368186])
68.8205 	EXP 	surround_grating: autoDraw = True
68.8205 	EXP 	center_grating: autoDraw = True
68.9010 	EXP 	surround_grating: autoDraw = False
68.9010 	EXP 	center_grating: autoDraw = False
69.9919 	EXP 	New trial (rep=0, index=4): <Trial 4 (4 in rep 0) data={'center': 4, 'surround': 15.0, 'type': 'c+4', 'surr_type': 'poss', 'surr_opacity': 100, 'thisN': 4, 'thisTrialN': 4, 'thisRepN': 0}>
69.9945 	DATA 	Keypress: period
70.0010 	INFO 	Keyboard events cleared
70.0007 	EXP 	surround_grating: autoDraw = False
70.0007 	EXP 	center_grating: autoDraw = False
70.0007 	EXP 	text_2: autoDraw = False
70.0007 	EXP 	surround_grating: ori = 15.0
70.0007 	EXP 	surround_grating: sf = array([2.5, 2.5])
70.0007 	EXP 	surround_grating: phase = array([0.71402773, 0.71402773])
70.0007 	EXP 	center_grating: ori = 4.0
70.0007 	EXP 	center_grating: sf = array([2.5, 2.5])
70.0007 	EXP 	center_grating: phase = array([0.33098035, 0.33098035])
70.5006 	EXP 	surround_grating: autoDraw = True
70.5006 	EXP 	center_grating: autoDraw = True
70.5718 	EXP 	surround_grating: autoDraw = False
70.5718 	EXP 	center_grating: autoDraw = False
72.7754 	EXP 	New trial (rep=0, index=5): <Trial 5 (5 in rep 0) data={'center': -6, 'surround': -15.0, 'type': 'c-6', 'surr_type': 'negs', 'surr_opacity': 100, 'thisN': 5, 'thisTrialN': 5, 'thisRepN': 0}>
72.7779 	DATA 	Keypress: period
72.7871 	INFO 	Keyboard events cleared
72.7868 	EXP 	surround_grating: autoDraw = False
72.7868 	EXP 	center_grating: autoDraw = False
72.7868 	EXP 	text_2: autoDraw = False
72.7868 	EXP 	surround_grating: ori = -15.0
72.7868 	EXP 	surround_grating: sf = array([2.5, 2.5])
72.7868 	EXP 	surround_grating: phase = array([0.36186347, 0.36186347])
72.7868 	EXP 	center_grating: ori = -6.0
72.7868 	EXP 	center_grating: sf = array([2.5, 2.5])
72.7868 	EXP 	center_grating: phase = array([0.36340818, 0.36340818])
73.2731 	EXP 	surround_grating: autoDraw = True
73.2731 	EXP 	center_grating: autoDraw = True
73.3511 	EXP 	surround_grating: autoDraw = False
73.3511 	EXP 	center_grating: autoDraw = False
74.5081 	EXP 	New trial (rep=0, index=6): <Trial 6 (6 in rep 0) data={'center': -2, 'surround': 0.0, 'type': 'c-2', 'surr_type': 'noss', 'surr_opacity': 0, 'thisN': 6, 'thisTrialN': 6, 'thisRepN': 0}>
74.5107 	DATA 	Keypress: period
74.5200 	INFO 	Keyboard events cleared
74.5196 	EXP 	surround_grating: autoDraw = False
74.5196 	EXP 	center_grating: autoDraw = False
74.5196 	EXP 	text_2: autoDraw = False
74.5196 	EXP 	surround_grating: ori = 0.0
74.5196 	EXP 	surround_grating: sf = array([2.5, 2.5])
74.5196 	EXP 	surround_grating: phase = array([0.40904275, 0.40904275])
74.5196 	EXP 	center_grating: ori = -2.0
74.5196 	EXP 	center_grating: sf = array([2.5, 2.5])
74.5196 	EXP 	center_grating: phase = array([0.80372596, 0.80372596])
75.0061 	EXP 	surround_grating: autoDraw = True
75.0061 	EXP 	center_grating: autoDraw = True
75.0866 	EXP 	surround_grating: autoDraw = False
75.0866 	EXP 	center_grating: autoDraw = False
76.9764 	EXP 	New trial (rep=0, index=7): <Trial 7 (7 in rep 0) data={'center': 4, 'surround': 0.0, 'type': 'c+4', 'surr_type': 'noss', 'surr_opacity': 0, 'thisN': 7, 'thisTrialN': 7, 'thisRepN': 0}>
76.9792 	DATA 	Keypress: z
76.9844 	INFO 	Keyboard events cleared
76.9840 	EXP 	surround_grating: autoDraw = False
76.9840 	EXP 	center_grating: autoDraw = False
76.9840 	EXP 	text_2: autoDraw = False
76.9840 	EXP 	surround_grating: ori = 0.0
76.9840 	EXP 	surround_grating: sf = array([2.5, 2.5])
76.9840 	EXP 	surround_grating: phase = array([0.39617348, 0.39617348])
76.9840 	EXP 	center_grating: ori = 4.0
76.9840 	EXP 	center_grating: sf = array([2.5, 2.5])
76.9840 	EXP 	center_grating: phase = array([0.1748362, 0.1748362])
77.4733 	EXP 	surround_grating: autoDraw = True
77.4733 	EXP 	center_grating: autoDraw = True
77.5532 	EXP 	surround_grating: autoDraw = False
77.5532 	EXP 	center_grating: autoDraw = False
78.5378 	EXP 	New trial (rep=0, index=8): <Trial 8 (8 in rep 0) data={'center': -4, 'surround': 0.0, 'type': 'c-4', 'surr_type': 'noss', 'surr_opacity': 0, 'thisN': 8, 'thisTrialN': 8, 'thisRepN': 0}>
78.5411 	DATA 	Keypress: period
78.5449 	INFO 	Keyboard events cleared
78.5444 	EXP 	surround_grating: autoDraw = False
78.5444 	EXP 	center_grating: autoDraw = False
78.5444 	EXP 	text_2: autoDraw = False
78.5444 	EXP 	surround_grating: ori = 0.0
78.5444 	EXP 	surround_grating: sf = array([2.5, 2.5])
78.5444 	EXP 	surround_grating: phase = array([0.3158746, 0.3158746])
78.5444 	EXP 	center_grating: ori = -4.0
78.5444 	EXP 	center_grating: sf = array([2.5, 2.5])
78.5444 	EXP 	center_grating: phase = array([0.06813529, 0.06813529])
79.0394 	EXP 	surround_grating: autoDraw = True
79.0394 	EXP 	center_grating: autoDraw = True
79.1201 	EXP 	surround_grating: autoDraw = False
79.1201 	EXP 	center_grating: autoDraw = False
79.7370 	EXP 	New trial (rep=0, index=9): <Trial 9 (9 in rep 0) data={'center': -6, 'surround': -15.0, 'type': 'c-6', 'surr_type': 'negs', 'surr_opacity': 100, 'thisN': 9, 'thisTrialN': 9, 'thisRepN': 0}>
79.7396 	DATA 	Keypress: z
79.7425 	INFO 	Keyboard events cleared
79.7421 	EXP 	surround_grating: autoDraw = False
79.7421 	EXP 	center_grating: autoDraw = False
79.7421 	EXP 	text_2: autoDraw = False
79.7421 	EXP 	surround_grating: ori = -15.0
79.7421 	EXP 	surround_grating: sf = array([2.5, 2.5])
79.7421 	EXP 	surround_grating: phase = array([0.08559982, 0.08559982])
79.7421 	EXP 	center_grating: ori = -6.0
79.7421 	EXP 	center_grating: sf = array([2.5, 2.5])
79.7421 	EXP 	center_grating: phase = array([0.6624479, 0.6624479])
80.2342 	EXP 	surround_grating: autoDraw = True
80.2342 	EXP 	center_grating: autoDraw = True
80.3059 	EXP 	surround_grating: autoDraw = False
80.3059 	EXP 	center_grating: autoDraw = False
80.9038 	EXP 	New trial (rep=0, index=10): <Trial 10 (10 in rep 0) data={'center': 2, 'surround': 0.0, 'type': 'c+2', 'surr_type': 'noss', 'surr_opacity': 0, 'thisN': 10, 'thisTrialN': 10, 'thisRepN': 0}>
80.9066 	DATA 	Keypress: z
80.9097 	INFO 	Keyboard events cleared
80.9094 	EXP 	surround_grating: autoDraw = False
80.9094 	EXP 	center_grating: autoDraw = False
80.9094 	EXP 	text_2: autoDraw = False
80.9094 	EXP 	surround_grating: ori = 0.0
80.9094 	EXP 	surround_grating: sf = array([2.5, 2.5])
80.9094 	EXP 	surround_grating: phase = array([0.65459318, 0.65459318])
80.9094 	EXP 	center_grating: ori = 2.0
80.9094 	EXP 	center_grating: sf = array([2.5, 2.5])
80.9094 	EXP 	center_grating: phase = array([0.75707266, 0.75707266])
81.4006 	EXP 	surround_grating: autoDraw = True
81.4006 	EXP 	center_grating: autoDraw = True
81.4718 	EXP 	surround_grating: autoDraw = False
81.4718 	EXP 	center_grating: autoDraw = False
81.9237 	EXP 	New trial (rep=0, index=11): <Trial 11 (11 in rep 0) data={'center': 2, 'surround': 0.0, 'type': 'c+2', 'surr_type': 'noss', 'surr_opacity': 0, 'thisN': 11, 'thisTrialN': 11, 'thisRepN': 0}>
81.9263 	DATA 	Keypress: period
81.9341 	INFO 	Keyboard events cleared
81.9338 	EXP 	surround_grating: autoDraw = False
81.9338 	EXP 	center_grating: autoDraw = False
81.9338 	EXP 	text_2: autoDraw = False
81.9338 	EXP 	surround_grating: ori = 0.0
81.9338 	EXP 	surround_grating: sf = array([2.5, 2.5])
81.9338 	EXP 	surround_grating: phase = array([0.72578014, 0.72578014])
81.9338 	EXP 	center_grating: ori = 2.0
81.9338 	EXP 	center_grating: sf = array([2.5, 2.5])
81.9338 	EXP 	center_grating: phase = array([0.10719914, 0.10719914])
82.4338 	EXP 	surround_grating: autoDraw = True
82.4338 	EXP 	center_grating: autoDraw = True
82.5051 	EXP 	surround_grating: autoDraw = False
82.5051 	EXP 	center_grating: autoDraw = False
82.9255 	EXP 	New trial (rep=0, index=12): <Trial 12 (12 in rep 0) data={'center': -8, 'surround': -15.0, 'type': 'c-8', 'surr_type': 'negs', 'surr_opacity': 100, 'thisN': 12, 'thisTrialN': 12, 'thisRepN': 0}>
82.9284 	DATA 	Keypress: period
82.9342 	INFO 	Keyboard events cleared
82.9339 	EXP 	surround_grating: autoDraw = False
82.9339 	EXP 	center_grating: autoDraw = False
82.9339 	EXP 	text_2: autoDraw = False
82.9339 	EXP 	surround_grating: ori = -15.0
82.9339 	EXP 	surround_grating: sf = array([2.5, 2.5])
82.9339 	EXP 	surround_grating: phase = array([0.55411916, 0.55411916])
82.9339 	EXP 	center_grating: ori = -8.0
82.9339 	EXP 	center_grating: sf = array([2.5, 2.5])
82.9339 	EXP 	center_grating: phase = array([0.88233794, 0.88233794])
83.4344 	EXP 	surround_grating: autoDraw = True
83.4344 	EXP 	center_grating: autoDraw = True
83.5052 	EXP 	surround_grating: autoDraw = False
83.5052 	EXP 	center_grating: autoDraw = False
84.0370 	DATA 	Keypress: escape
84.0433 	EXP 	tilt_mocs: status = STOPPED
84.0469 	EXP 	tilt_mocs: status = STOPPED
84.0565 	INFO 	saved data to '/Users/bwinsto2/Documents/Documents - BV-PCR-VPJVMF3/Github/tilt/tilt_mocs/data/sub-21046969/ses-0/sub-21046969_ses-0_exp-tiltmocs_2025-12-02_23h35.43.313.csv'
84.0643 	INFO 	saved data to /Users/bwinsto2/Documents/Documents - BV-PCR-VPJVMF3/Github/tilt/tilt_mocs/data/sub-21046969/ses-0/sub-21046969_ses-0_exp-tiltmocs_2025-12-02_23h35.43.313.psydat
84.6534 	DEBUG 	Saving data for tilt_mocs ExperimentHandler
