14.2962 	WARNING 	Font Manager failed to load file /System/Library/PrivateFrameworks/FontServices.framework/Resources/Reserved/PingFangUI.ttc
18.5296 	DEBUG 	Fullscreen settings ignored as running in pilot mode.
18.5307 	INFO 	Loaded monitor calibration from ['2025_09_15 11:13']
18.7610 	EXP 	Created window1 = Window(allowGUI=False, allowStencil=False, autoLog=True, backendConf=UNKNOWN, backgroundFit=<method-wrapper '__getattribute__' of attributeSetter object at 0x1672eec50>, backgroundImage=<method-wrapper '__getattribute__' of attributeSetter object at 0x1672eecb0>, bitsMode=UNKNOWN, blendMode='avg', bpc=(8, 8, 8), color=array([0, 0, 0]), colorSpace='rgb', depthBits=8, fullscr=False, gamma=None, gammaErrorPolicy='raise', infoMsg=UNKNOWN, lms=UNKNOWN, monitor=<psychopy.monitors.calibTools.Monitor object at 0x166e1eb60>, multiSample=False, name='window1', numSamples=2, pos=[320.0, 150.0], screen=0, size=array([1600, 1200]), stencilBits=0, stereo=False, title='PsychoPy', units='height', useFBO=True, useRetina=True, viewOri=0.0, viewPos=None, viewScale=None, waitBlanking=True, winType='pyglet')
18.7611 	EXP 	window1: backgroundImage = ''
18.7611 	EXP 	window1: backgroundFit = 'none'
18.7688 	DEBUG 	TextBox2 loaded 1 chars with 0 blanks and 1 valid
18.7694 	DEBUG 	TextBox2 loaded 1 chars with 0 blanks and 1 valid
18.7700 	DEBUG 	TextBox2 loaded 1 chars with 0 blanks and 1 valid
18.7708 	DEBUG 	TextBox2 loaded 1 chars with 0 blanks and 1 valid
18.7716 	DEBUG 	TextBox2 loaded 1 chars with 0 blanks and 1 valid
18.7719 	DEBUG 	TextBox2 loaded 1 chars with 0 blanks and 1 valid
18.7725 	DEBUG 	TextBox2 loaded 1 chars with 0 blanks and 1 valid
18.7733 	DEBUG 	TextBox2 loaded 1 chars with 0 blanks and 1 valid
18.7734 	DEBUG 	TextBox2 loaded 1 chars with 0 blanks and 1 valid
18.7737 	DEBUG 	TextBox2 loaded 1 chars with 0 blanks and 1 valid
18.7742 	DEBUG 	TextBox2 loaded 1 chars with 0 blanks and 1 valid
18.7748 	DEBUG 	TextBox2 loaded 1 chars with 0 blanks and 1 valid
18.7753 	DEBUG 	TextBox2 loaded 1 chars with 0 blanks and 1 valid
18.7759 	DEBUG 	TextBox2 loaded 1 chars with 0 blanks and 1 valid
18.7763 	DEBUG 	TextBox2 loaded 1 chars with 0 blanks and 1 valid
18.7769 	DEBUG 	TextBox2 loaded 1 chars with 0 blanks and 1 valid
18.7775 	DEBUG 	TextBox2 loaded 1 chars with 0 blanks and 1 valid
18.7778 	DEBUG 	TextBox2 loaded 1 chars with 0 blanks and 1 valid
18.7781 	DEBUG 	TextBox2 loaded 1 chars with 0 blanks and 1 valid
18.7789 	DEBUG 	TextBox2 loaded 1 chars with 0 blanks and 1 valid
18.7792 	DEBUG 	TextBox2 loaded 1 chars with 0 blanks and 1 valid
18.7794 	DEBUG 	Uploading Texture Font fontname to graphics card
18.7834 	DEBUG 	Upload of Texture Font fontname complete
18.7893 	DEBUG 	TextBox2 loaded 1 chars with 0 blanks and 1 valid
18.7903 	DEBUG 	TextBox2 loaded 1 chars with 0 blanks and 1 valid
18.7912 	DEBUG 	TextBox2 loaded 1 chars with 0 blanks and 1 valid
18.7914 	DEBUG 	Uploading Texture Font fontname to graphics card
18.7935 	DEBUG 	Upload of Texture Font fontname complete
18.7961 	EXP 	window1: Attempting to measure frame rate of screen (0) ...
18.7961 	EXP 	window1: recordFrameIntervals = False
18.9280 	EXP 	window1: recordFrameIntervals = True
19.7620 	WARNING 	Couldn't measure a consistent frame rate!
  - Is your graphics card set to sync to vertical blank?
  - Are you running other processes on your computer?

19.7757 	DEBUG 	TextBox2 loaded 1 chars with 0 blanks and 1 valid
19.7766 	DEBUG 	TextBox2 loaded 1 chars with 0 blanks and 1 valid
19.7782 	DEBUG 	TextBox2 loaded 1 chars with 0 blanks and 1 valid
19.7801 	DEBUG 	TextBox2 loaded 1 chars with 0 blanks and 1 valid
19.7819 	DEBUG 	TextBox2 loaded 1 chars with 0 blanks and 1 valid
19.7837 	DEBUG 	TextBox2 loaded 1 chars with 0 blanks and 1 valid
19.7844 	DEBUG 	TextBox2 loaded 1 chars with 0 blanks and 1 valid
19.7859 	DEBUG 	TextBox2 loaded 1 chars with 0 blanks and 1 valid
19.7877 	DEBUG 	TextBox2 loaded 1 chars with 0 blanks and 1 valid
19.7891 	DEBUG 	TextBox2 loaded 1 chars with 0 blanks and 1 valid
19.7895 	DEBUG 	Uploading Texture Font fontname to graphics card
19.7942 	DEBUG 	Upload of Texture Font fontname complete
19.8160 	WARNING 	launchHubServer: If using the iohub mouse or eyetracker devices, fullScr should be True.
22.7265 	INFO 	keyboard.Keyboard is using iohub backend.
22.7266 	INFO 	keyboard.Keyboard is using iohub backend.
22.7266 	INFO 	keyboard.Keyboard is using iohub backend.
22.7266 	INFO 	keyboard.Keyboard is using iohub backend.
22.7266 	INFO 	keyboard.Keyboard is using iohub backend.
22.7267 	INFO 	keyboard.Keyboard is using iohub backend.
22.7267 	INFO 	keyboard.Keyboard is using iohub backend.
22.7267 	INFO 	keyboard.Keyboard is using iohub backend.
22.7267 	INFO 	keyboard.Keyboard is using iohub backend.
22.7267 	INFO 	keyboard.Keyboard is using iohub backend.
22.7267 	INFO 	keyboard.Keyboard is using iohub backend.
22.7268 	EXP 	tilt_mocs: status = STARTED
22.7680 	EXP 	Created text_5 = TextStim(__class__=<class 'psychopy.visual.text.TextStim'>, alignHoriz=method-wrapper(...), alignText='center', alignVert=method-wrapper(...), anchorHoriz='center', anchorVert='center', antialias=True, autoDraw=False, autoLog=True, bold=False, color=array([1., 1., 1.]), colorSpace='rgb', contrast=1.0, depth=-1.0, draggable=False, flipHoriz=False, flipVert=False, font='Arial', fontFiles=[], height=0.05, italic=False, languageStyle='LTR', name='text_5', opacity=1, ori=0.0, pos=array([0., 0.]), rgb=UNKNOWN, text=str(...), units='height', win=Window(...), wrapWidth=1)
22.7713 	EXP 	Created text_15 = TextStim(__class__=<class 'psychopy.visual.text.TextStim'>, alignHoriz=method-wrapper(...), alignText='center', alignVert=method-wrapper(...), anchorHoriz='center', anchorVert='center', antialias=True, autoDraw=False, autoLog=True, bold=False, color=array([1., 1., 1.]), colorSpace='rgb', contrast=1.0, depth=0.0, draggable=False, flipHoriz=False, flipVert=False, font='Arial', fontFiles=[], height=0.05, italic=False, languageStyle='LTR', name='text_15', opacity=1, ori=0.0, pos=array([ 0., -1.]), rgb=UNKNOWN, text=str(...), units='height', win=Window(...), wrapWidth=1)
22.7736 	EXP 	Created surround_practice_example = GratingStim(__class__=<class 'psychopy.visual.grating.GratingStim'>, anchor='center', autoDraw=False, autoLog=True, blendmode='avg', color=array([0.2, 0.2, 0.2]), colorSpace='rgb', contrast=0.2, depth=-2.0, draggable=False, interpolate=True, mask='circle', maskParams=None, name='surround_practice_example', opacity=1, ori=1.0, phase=array([1., 1.]), pos=array([0., 0.]), rgbPedestal=array([0., 0., 0.]), sf=array([1., 1.]), size=array([1., 1.]), tex='sin', texRes=128.0, units='cm', win=Window(...))
22.7752 	EXP 	Created center_practice_example = GratingStim(__class__=<class 'psychopy.visual.grating.GratingStim'>, anchor='center', autoDraw=False, autoLog=True, blendmode='avg', color=array([1., 1., 1.]), colorSpace='rgb', contrast=1.0, depth=-3.0, draggable=False, interpolate=True, mask='circle', maskParams=None, name='center_practice_example', opacity=1, ori=1.0, phase=array([1., 1.]), pos=array([0., 0.]), rgbPedestal=array([0., 0., 0.]), sf=array([1., 1.]), size=array([1., 1.]), tex='sin', texRes=128.0, units='cm', win=Window(...))
22.7812 	EXP 	Created text_6 = TextStim(__class__=<class 'psychopy.visual.text.TextStim'>, alignHoriz=method-wrapper(...), alignText='center', alignVert=method-wrapper(...), anchorHoriz='center', anchorVert='center', antialias=True, autoDraw=False, autoLog=True, bold=False, color=array([1., 1., 1.]), colorSpace='rgb', contrast=1.0, depth=0.0, draggable=False, flipHoriz=False, flipVert=False, font='Arial', fontFiles=[], height=0.05, italic=False, languageStyle='LTR', name='text_6', opacity=1, ori=0.0, pos=array([0., 0.]), rgb=UNKNOWN, text=str(...), units='height', win=Window(...), wrapWidth=1)
22.7828 	EXP 	Created surround_practice = GratingStim(__class__=<class 'psychopy.visual.grating.GratingStim'>, anchor='center', autoDraw=False, autoLog=True, blendmode='avg', color=array([0.2, 0.2, 0.2]), colorSpace='rgb', contrast=0.2, depth=-1.0, draggable=False, interpolate=True, mask='circle', maskParams=None, name='surround_practice', opacity=1, ori=1.0, phase=array([1., 1.]), pos=array([0., 0.]), rgbPedestal=array([0., 0., 0.]), sf=array([1., 1.]), size=array([1., 1.]), tex='sin', texRes=128.0, units='cm', win=Window(...))
22.7843 	EXP 	Created center_practice = GratingStim(__class__=<class 'psychopy.visual.grating.GratingStim'>, anchor='center', autoDraw=False, autoLog=True, blendmode='avg', color=array([1., 1., 1.]), colorSpace='rgb', contrast=1.0, depth=-2.0, draggable=False, interpolate=True, mask='circle', maskParams=None, name='center_practice', opacity=1, ori=1.0, phase=array([1., 1.]), pos=array([0., 0.]), rgbPedestal=array([0., 0., 0.]), sf=array([1., 1.]), size=array([1., 1.]), tex='sin', texRes=128.0, units='cm', win=Window(...))
22.7878 	EXP 	Created text_11 = TextStim(__class__=<class 'psychopy.visual.text.TextStim'>, alignHoriz=method-wrapper(...), alignText='center', alignVert=method-wrapper(...), anchorHoriz='center', anchorVert='center', antialias=True, autoDraw=False, autoLog=True, bold=False, color=array([1., 1., 1.]), colorSpace='rgb', contrast=1.0, depth=-4.0, draggable=False, flipHoriz=False, flipVert=False, font='Arial', fontFiles=[], height=0.05, italic=False, languageStyle='LTR', name='text_11', opacity=1, ori=0.0, pos=array([0., 0.]), rgb=UNKNOWN, text=str(...), units='height', win=Window(...), wrapWidth=1)
22.7883 	EXP 	Created text_7 = TextStim(__class__=<class 'psychopy.visual.text.TextStim'>, alignHoriz=method-wrapper(...), alignText='center', alignVert=method-wrapper(...), anchorHoriz='center', anchorVert='center', antialias=True, autoDraw=False, autoLog=True, bold=False, color=array([1., 1., 1.]), colorSpace='rgb', contrast=1.0, depth=-1.0, draggable=False, flipHoriz=False, flipVert=False, font='Arial', fontFiles=[], height=0.05, italic=False, languageStyle='LTR', name='text_7', opacity=1, ori=0.0, pos=array([0., 0.]), rgb=UNKNOWN, text='', units='height', win=Window(...), wrapWidth=1)
22.7947 	EXP 	Created text_8 = TextStim(__class__=<class 'psychopy.visual.text.TextStim'>, alignHoriz=method-wrapper(...), alignText='center', alignVert=method-wrapper(...), anchorHoriz='center', anchorVert='center', antialias=True, autoDraw=False, autoLog=True, bold=False, color=array([1., 1., 1.]), colorSpace='rgb', contrast=1.0, depth=0.0, draggable=False, flipHoriz=False, flipVert=False, font='Arial', fontFiles=[], height=0.05, italic=False, languageStyle='LTR', name='text_8', opacity=1, ori=0.0, pos=array([0., 0.]), rgb=UNKNOWN, text=str(...), units='height', win=Window(...), wrapWidth=1)
22.7965 	EXP 	Created surround_practice_2 = GratingStim(__class__=<class 'psychopy.visual.grating.GratingStim'>, anchor='center', autoDraw=False, autoLog=True, blendmode='avg', color=array([0.2, 0.2, 0.2]), colorSpace='rgb', contrast=0.2, depth=0.0, draggable=False, interpolate=True, mask='circle', maskParams=None, name='surround_practice_2', opacity=1.0, ori=1.0, phase=array([0., 0.]), pos=array([0., 0.]), rgbPedestal=array([0., 0., 0.]), sf=array([1., 1.]), size=array([1., 1.]), tex='sin', texRes=128.0, units='cm', win=Window(...))
22.7980 	EXP 	Created center_practice_2 = GratingStim(__class__=<class 'psychopy.visual.grating.GratingStim'>, anchor='center', autoDraw=False, autoLog=True, blendmode='avg', color=array([0.2, 0.2, 0.2]), colorSpace='rgb', contrast=0.2, depth=-1.0, draggable=False, interpolate=True, mask='circle', maskParams=None, name='center_practice_2', opacity=1, ori=1.0, phase=array([0., 0.]), pos=array([0., 0.]), rgbPedestal=array([0., 0., 0.]), sf=array([1., 1.]), size=array([2., 2.]), tex='sin', texRes=128.0, units='cm', win=Window(...))
22.8003 	EXP 	Created text_12 = TextStim(__class__=<class 'psychopy.visual.text.TextStim'>, alignHoriz=method-wrapper(...), alignText='center', alignVert=method-wrapper(...), anchorHoriz='center', anchorVert='center', antialias=True, autoDraw=False, autoLog=True, bold=False, color=array([1., 1., 1.]), colorSpace='rgb', contrast=1.0, depth=-3.0, draggable=False, flipHoriz=False, flipVert=False, font='Arial', fontFiles=[], height=0.05, italic=False, languageStyle='LTR', name='text_12', opacity=1, ori=0.0, pos=array([0., 0.]), rgb=UNKNOWN, text=str(...), units='height', win=Window(...), wrapWidth=1)
22.8008 	EXP 	Created text_7 = TextStim(__class__=<class 'psychopy.visual.text.TextStim'>, alignHoriz=method-wrapper(...), alignText='center', alignVert=method-wrapper(...), anchorHoriz='center', anchorVert='center', antialias=True, autoDraw=False, autoLog=True, bold=False, color=array([1., 1., 1.]), colorSpace='rgb', contrast=1.0, depth=-1.0, draggable=False, flipHoriz=False, flipVert=False, font='Arial', fontFiles=[], height=0.05, italic=False, languageStyle='LTR', name='text_7', opacity=1, ori=0.0, pos=array([0., 0.]), rgb=UNKNOWN, text='', units='height', win=Window(...), wrapWidth=1)
22.8113 	EXP 	Created text_13 = TextStim(__class__=<class 'psychopy.visual.text.TextStim'>, alignHoriz=method-wrapper(...), alignText='center', alignVert=method-wrapper(...), anchorHoriz='center', anchorVert='center', antialias=True, autoDraw=False, autoLog=True, bold=False, color=array([1., 1., 1.]), colorSpace='rgb', contrast=1.0, depth=0.0, draggable=False, flipHoriz=False, flipVert=False, font='Arial', fontFiles=[], height=0.05, italic=False, languageStyle='LTR', name='text_13', opacity=1, ori=0.0, pos=array([0., 0.]), rgb=UNKNOWN, text=str(...), units='height', win=Window(...), wrapWidth=1)
22.8128 	EXP 	Created surround_grating = GratingStim(__class__=<class 'psychopy.visual.grating.GratingStim'>, anchor='center', autoDraw=False, autoLog=True, blendmode='avg', color=array([0.2, 0.2, 0.2]), colorSpace='rgb', contrast=0.2, depth=-1.0, draggable=False, interpolate=True, mask='circle', maskParams=None, name='surround_grating', opacity=1.0, ori=1.0, phase=array([1., 1.]), pos=array([0., 0.]), rgbPedestal=array([0., 0., 0.]), sf=array([1., 1.]), size=array([1., 1.]), tex='sin', texRes=128.0, units='cm', win=Window(...))
22.8143 	EXP 	Created center_grating = GratingStim(__class__=<class 'psychopy.visual.grating.GratingStim'>, anchor='center', autoDraw=False, autoLog=True, blendmode='avg', color=array([0.2, 0.2, 0.2]), colorSpace='rgb', contrast=0.2, depth=-2.0, draggable=False, interpolate=True, mask='circle', maskParams=None, name='center_grating', opacity=1, ori=1.0, phase=array([1., 1.]), pos=array([0., 0.]), rgbPedestal=array([0., 0., 0.]), sf=array([1., 1.]), size=array([1., 1.]), tex='sin', texRes=128.0, units='cm', win=Window(...))
22.8175 	EXP 	Created text_2 = TextStim(__class__=<class 'psychopy.visual.text.TextStim'>, alignHoriz=method-wrapper(...), alignText='center', alignVert=method-wrapper(...), anchorHoriz='center', anchorVert='center', antialias=True, autoDraw=False, autoLog=True, bold=False, color=array([1., 1., 1.]), colorSpace='rgb', contrast=1.0, depth=0.0, draggable=False, flipHoriz=False, flipVert=False, font='Arial', fontFiles=[], height=0.05, italic=False, languageStyle='LTR', name='text_2', opacity=1, ori=0.0, pos=array([0., 0.]), rgb=UNKNOWN, text=str(...), units='height', win=Window(...), wrapWidth=1)
22.8193 	EXP 	Created text_14 = TextStim(__class__=<class 'psychopy.visual.text.TextStim'>, alignHoriz=method-wrapper(...), alignText='center', alignVert=method-wrapper(...), anchorHoriz='center', anchorVert='center', antialias=True, autoDraw=False, autoLog=True, bold=False, color=array([1., 1., 1.]), colorSpace='rgb', contrast=1.0, depth=0.0, draggable=False, flipHoriz=False, flipVert=False, font='Arial', fontFiles=[], height=0.05, italic=False, languageStyle='LTR', name='text_14', opacity=1, ori=0.0, pos=array([0., 0.]), rgb=UNKNOWN, text='thank you and have a pleasant day ', units='height', win=Window(...), wrapWidth=1)
0.0165 	INFO 	Keyboard events cleared
0.0163 	EXP 	text_5: autoDraw = True
1.4756 	DATA 	Keypress: space
1.4804 	INFO 	Keyboard events cleared
1.4800 	WARNING 	t of last frame was 48.48ms (=1/20)
1.4800 	EXP 	text_5: autoDraw = False
1.4800 	EXP 	surround_practice_example: ori = 30.0
1.4800 	EXP 	surround_practice_example: sf = array([2.5, 2.5])
1.4800 	EXP 	surround_practice_example: phase = array([0., 0.])
1.4800 	EXP 	center_practice_example: ori = 15.0
1.4800 	EXP 	center_practice_example: sf = array([2.5, 2.5])
1.4800 	EXP 	center_practice_example: phase = array([0., 0.])
1.4800 	EXP 	text_15: autoDraw = True
1.4800 	EXP 	surround_practice_example: autoDraw = True
1.4800 	EXP 	center_practice_example: autoDraw = True
1.4800 	EXP 	surround_practice_example: tex = 'sin'
1.4800 	EXP 	center_practice_example: tex = 'sin'
5.1146 	DATA 	Keypress: escape
5.1186 	WARNING 	t of last frame was 25.75ms (=1/38)
5.1781 	EXP 	tilt_mocs: status = STOPPED
5.1819 	EXP 	text_15: autoDraw = False
5.1819 	EXP 	surround_practice_example: autoDraw = False
5.1819 	EXP 	center_practice_example: autoDraw = False
5.1836 	EXP 	tilt_mocs: status = STOPPED
5.1855 	INFO 	saved data to '/Users/cpcr/Documents/tilt/tilt_mocs/data/sub-21041111/ses-0/sub-21041111_ses-0_exp-tiltmocs_2025-11-30_17h58.38.334.csv'
5.1858 	INFO 	saved data to /Users/cpcr/Documents/tilt/tilt_mocs/data/sub-21041111/ses-0/sub-21041111_ses-0_exp-tiltmocs_2025-11-30_17h58.38.334.psydat
5.3316 	DEBUG 	Saving data for tilt_mocs ExperimentHandler
