14.3638 	WARNING 	Font Manager failed to load file /System/Library/PrivateFrameworks/FontServices.framework/Resources/Reserved/PingFangUI.ttc
18.3176 	DEBUG 	Fullscreen settings ignored as running in pilot mode.
18.3187 	INFO 	Loaded monitor calibration from ['2025_09_15 11:13']
18.5508 	EXP 	Created window1 = Window(allowGUI=False, allowStencil=False, autoLog=True, backendConf=UNKNOWN, backgroundFit=<method-wrapper '__getattribute__' of attributeSetter object at 0x167376c50>, backgroundImage=<method-wrapper '__getattribute__' of attributeSetter object at 0x167376cb0>, bitsMode=UNKNOWN, blendMode='avg', bpc=(8, 8, 8), color=array([0, 0, 0]), colorSpace='rgb', depthBits=8, fullscr=False, gamma=None, gammaErrorPolicy='raise', infoMsg=UNKNOWN, lms=UNKNOWN, monitor=<psychopy.monitors.calibTools.Monitor object at 0x166e943d0>, multiSample=False, name='window1', numSamples=2, pos=[320.0, 150.0], screen=0, size=array([1600, 1200]), stencilBits=0, stereo=False, title='PsychoPy', units='height', useFBO=True, useRetina=True, viewOri=0.0, viewPos=None, viewScale=None, waitBlanking=True, winType='pyglet')
18.5509 	EXP 	window1: backgroundImage = ''
18.5509 	EXP 	window1: backgroundFit = 'none'
18.5595 	DEBUG 	TextBox2 loaded 1 chars with 0 blanks and 1 valid
18.5601 	DEBUG 	TextBox2 loaded 1 chars with 0 blanks and 1 valid
18.5607 	DEBUG 	TextBox2 loaded 1 chars with 0 blanks and 1 valid
18.5615 	DEBUG 	TextBox2 loaded 1 chars with 0 blanks and 1 valid
18.5622 	DEBUG 	TextBox2 loaded 1 chars with 0 blanks and 1 valid
18.5625 	DEBUG 	TextBox2 loaded 1 chars with 0 blanks and 1 valid
18.5631 	DEBUG 	TextBox2 loaded 1 chars with 0 blanks and 1 valid
18.5639 	DEBUG 	TextBox2 loaded 1 chars with 0 blanks and 1 valid
18.5641 	DEBUG 	TextBox2 loaded 1 chars with 0 blanks and 1 valid
18.5643 	DEBUG 	TextBox2 loaded 1 chars with 0 blanks and 1 valid
18.5649 	DEBUG 	TextBox2 loaded 1 chars with 0 blanks and 1 valid
18.5654 	DEBUG 	TextBox2 loaded 1 chars with 0 blanks and 1 valid
18.5660 	DEBUG 	TextBox2 loaded 1 chars with 0 blanks and 1 valid
18.5665 	DEBUG 	TextBox2 loaded 1 chars with 0 blanks and 1 valid
18.5670 	DEBUG 	TextBox2 loaded 1 chars with 0 blanks and 1 valid
18.5676 	DEBUG 	TextBox2 loaded 1 chars with 0 blanks and 1 valid
18.5681 	DEBUG 	TextBox2 loaded 1 chars with 0 blanks and 1 valid
18.5684 	DEBUG 	TextBox2 loaded 1 chars with 0 blanks and 1 valid
18.5688 	DEBUG 	TextBox2 loaded 1 chars with 0 blanks and 1 valid
18.5695 	DEBUG 	TextBox2 loaded 1 chars with 0 blanks and 1 valid
18.5698 	DEBUG 	TextBox2 loaded 1 chars with 0 blanks and 1 valid
18.5700 	DEBUG 	Uploading Texture Font fontname to graphics card
18.5741 	DEBUG 	Upload of Texture Font fontname complete
18.5799 	DEBUG 	TextBox2 loaded 1 chars with 0 blanks and 1 valid
18.5809 	DEBUG 	TextBox2 loaded 1 chars with 0 blanks and 1 valid
18.5818 	DEBUG 	TextBox2 loaded 1 chars with 0 blanks and 1 valid
18.5820 	DEBUG 	Uploading Texture Font fontname to graphics card
18.5841 	DEBUG 	Upload of Texture Font fontname complete
18.5867 	EXP 	window1: Attempting to measure frame rate of screen (0) ...
18.5867 	EXP 	window1: recordFrameIntervals = False
18.7157 	EXP 	window1: recordFrameIntervals = True
19.5496 	WARNING 	Couldn't measure a consistent frame rate!
  - Is your graphics card set to sync to vertical blank?
  - Are you running other processes on your computer?

19.5634 	DEBUG 	TextBox2 loaded 1 chars with 0 blanks and 1 valid
19.5643 	DEBUG 	TextBox2 loaded 1 chars with 0 blanks and 1 valid
19.5661 	DEBUG 	TextBox2 loaded 1 chars with 0 blanks and 1 valid
19.5681 	DEBUG 	TextBox2 loaded 1 chars with 0 blanks and 1 valid
19.5698 	DEBUG 	TextBox2 loaded 1 chars with 0 blanks and 1 valid
19.5716 	DEBUG 	TextBox2 loaded 1 chars with 0 blanks and 1 valid
19.5723 	DEBUG 	TextBox2 loaded 1 chars with 0 blanks and 1 valid
19.5738 	DEBUG 	TextBox2 loaded 1 chars with 0 blanks and 1 valid
19.5756 	DEBUG 	TextBox2 loaded 1 chars with 0 blanks and 1 valid
19.5771 	DEBUG 	TextBox2 loaded 1 chars with 0 blanks and 1 valid
19.5775 	DEBUG 	Uploading Texture Font fontname to graphics card
19.5823 	DEBUG 	Upload of Texture Font fontname complete
19.6043 	WARNING 	launchHubServer: If using the iohub mouse or eyetracker devices, fullScr should be True.
22.5185 	INFO 	keyboard.Keyboard is using iohub backend.
22.5186 	INFO 	keyboard.Keyboard is using iohub backend.
22.5186 	INFO 	keyboard.Keyboard is using iohub backend.
22.5186 	INFO 	keyboard.Keyboard is using iohub backend.
22.5186 	INFO 	keyboard.Keyboard is using iohub backend.
22.5186 	INFO 	keyboard.Keyboard is using iohub backend.
22.5187 	INFO 	keyboard.Keyboard is using iohub backend.
22.5187 	INFO 	keyboard.Keyboard is using iohub backend.
22.5187 	INFO 	keyboard.Keyboard is using iohub backend.
22.5187 	INFO 	keyboard.Keyboard is using iohub backend.
22.5187 	INFO 	keyboard.Keyboard is using iohub backend.
22.5188 	EXP 	tilt_mocs: status = STARTED
22.5599 	EXP 	Created text_5 = TextStim(__class__=<class 'psychopy.visual.text.TextStim'>, alignHoriz=method-wrapper(...), alignText='center', alignVert=method-wrapper(...), anchorHoriz='center', anchorVert='center', antialias=True, autoDraw=False, autoLog=True, bold=False, color=array([1., 1., 1.]), colorSpace='rgb', contrast=1.0, depth=-1.0, draggable=False, flipHoriz=False, flipVert=False, font='Arial', fontFiles=[], height=0.05, italic=False, languageStyle='LTR', name='text_5', opacity=1, ori=0.0, pos=array([0., 0.]), rgb=UNKNOWN, text=str(...), units='height', win=Window(...), wrapWidth=1)
22.5622 	EXP 	Created surround_practice_example = GratingStim(__class__=<class 'psychopy.visual.grating.GratingStim'>, anchor='center', autoDraw=False, autoLog=True, blendmode='avg', color=array([0.2, 0.2, 0.2]), colorSpace='rgb', contrast=0.2, depth=-1.0, draggable=False, interpolate=True, mask='circle', maskParams=None, name='surround_practice_example', opacity=1, ori=1.0, phase=array([1., 1.]), pos=array([0., 0.]), rgbPedestal=array([0., 0., 0.]), sf=array([1., 1.]), size=array([1., 1.]), tex='sin', texRes=128.0, units='cm', win=Window(...))
22.5637 	EXP 	Created center_practice_example = GratingStim(__class__=<class 'psychopy.visual.grating.GratingStim'>, anchor='center', autoDraw=False, autoLog=True, blendmode='avg', color=array([1., 1., 1.]), colorSpace='rgb', contrast=1.0, depth=-2.0, draggable=False, interpolate=True, mask='circle', maskParams=None, name='center_practice_example', opacity=1, ori=1.0, phase=array([1., 1.]), pos=array([0., 0.]), rgbPedestal=array([0., 0., 0.]), sf=array([1., 1.]), size=array([1., 1.]), tex='sin', texRes=128.0, units='cm', win=Window(...))
22.5671 	EXP 	Created text_15 = TextStim(__class__=<class 'psychopy.visual.text.TextStim'>, alignHoriz=method-wrapper(...), alignText='center', alignVert=method-wrapper(...), anchorHoriz='center', anchorVert='center', antialias=True, autoDraw=False, autoLog=True, bold=False, color=array([1., 1., 1.]), colorSpace='rgb', contrast=1.0, depth=-3.0, draggable=False, flipHoriz=False, flipVert=False, font='Arial', fontFiles=[], height=0.05, italic=False, languageStyle='LTR', name='text_15', opacity=1, ori=0.0, pos=array([ 0., -2.]), rgb=UNKNOWN, text=str(...), units='height', win=Window(...), wrapWidth=1)
22.5730 	EXP 	Created text_6 = TextStim(__class__=<class 'psychopy.visual.text.TextStim'>, alignHoriz=method-wrapper(...), alignText='center', alignVert=method-wrapper(...), anchorHoriz='center', anchorVert='center', antialias=True, autoDraw=False, autoLog=True, bold=False, color=array([1., 1., 1.]), colorSpace='rgb', contrast=1.0, depth=0.0, draggable=False, flipHoriz=False, flipVert=False, font='Arial', fontFiles=[], height=0.05, italic=False, languageStyle='LTR', name='text_6', opacity=1, ori=0.0, pos=array([0., 0.]), rgb=UNKNOWN, text=str(...), units='height', win=Window(...), wrapWidth=1)
22.5746 	EXP 	Created surround_practice = GratingStim(__class__=<class 'psychopy.visual.grating.GratingStim'>, anchor='center', autoDraw=False, autoLog=True, blendmode='avg', color=array([0.2, 0.2, 0.2]), colorSpace='rgb', contrast=0.2, depth=-1.0, draggable=False, interpolate=True, mask='circle', maskParams=None, name='surround_practice', opacity=1, ori=1.0, phase=array([1., 1.]), pos=array([0., 0.]), rgbPedestal=array([0., 0., 0.]), sf=array([1., 1.]), size=array([1., 1.]), tex='sin', texRes=128.0, units='cm', win=Window(...))
22.5761 	EXP 	Created center_practice = GratingStim(__class__=<class 'psychopy.visual.grating.GratingStim'>, anchor='center', autoDraw=False, autoLog=True, blendmode='avg', color=array([1., 1., 1.]), colorSpace='rgb', contrast=1.0, depth=-2.0, draggable=False, interpolate=True, mask='circle', maskParams=None, name='center_practice', opacity=1, ori=1.0, phase=array([1., 1.]), pos=array([0., 0.]), rgbPedestal=array([0., 0., 0.]), sf=array([1., 1.]), size=array([1., 1.]), tex='sin', texRes=128.0, units='cm', win=Window(...))
22.5795 	EXP 	Created text_11 = TextStim(__class__=<class 'psychopy.visual.text.TextStim'>, alignHoriz=method-wrapper(...), alignText='center', alignVert=method-wrapper(...), anchorHoriz='center', anchorVert='center', antialias=True, autoDraw=False, autoLog=True, bold=False, color=array([1., 1., 1.]), colorSpace='rgb', contrast=1.0, depth=-4.0, draggable=False, flipHoriz=False, flipVert=False, font='Arial', fontFiles=[], height=0.05, italic=False, languageStyle='LTR', name='text_11', opacity=1, ori=0.0, pos=array([0., 0.]), rgb=UNKNOWN, text=str(...), units='height', win=Window(...), wrapWidth=1)
22.5800 	EXP 	Created text_7 = TextStim(__class__=<class 'psychopy.visual.text.TextStim'>, alignHoriz=method-wrapper(...), alignText='center', alignVert=method-wrapper(...), anchorHoriz='center', anchorVert='center', antialias=True, autoDraw=False, autoLog=True, bold=False, color=array([1., 1., 1.]), colorSpace='rgb', contrast=1.0, depth=-1.0, draggable=False, flipHoriz=False, flipVert=False, font='Arial', fontFiles=[], height=0.05, italic=False, languageStyle='LTR', name='text_7', opacity=1, ori=0.0, pos=array([0., 0.]), rgb=UNKNOWN, text='', units='height', win=Window(...), wrapWidth=1)
22.5863 	EXP 	Created text_8 = TextStim(__class__=<class 'psychopy.visual.text.TextStim'>, alignHoriz=method-wrapper(...), alignText='center', alignVert=method-wrapper(...), anchorHoriz='center', anchorVert='center', antialias=True, autoDraw=False, autoLog=True, bold=False, color=array([1., 1., 1.]), colorSpace='rgb', contrast=1.0, depth=0.0, draggable=False, flipHoriz=False, flipVert=False, font='Arial', fontFiles=[], height=0.05, italic=False, languageStyle='LTR', name='text_8', opacity=1, ori=0.0, pos=array([0., 0.]), rgb=UNKNOWN, text=str(...), units='height', win=Window(...), wrapWidth=1)
22.5878 	EXP 	Created surround_practice_2 = GratingStim(__class__=<class 'psychopy.visual.grating.GratingStim'>, anchor='center', autoDraw=False, autoLog=True, blendmode='avg', color=array([0.2, 0.2, 0.2]), colorSpace='rgb', contrast=0.2, depth=0.0, draggable=False, interpolate=True, mask='circle', maskParams=None, name='surround_practice_2', opacity=1.0, ori=1.0, phase=array([0., 0.]), pos=array([0., 0.]), rgbPedestal=array([0., 0., 0.]), sf=array([1., 1.]), size=array([1., 1.]), tex='sin', texRes=128.0, units='cm', win=Window(...))
22.5893 	EXP 	Created center_practice_2 = GratingStim(__class__=<class 'psychopy.visual.grating.GratingStim'>, anchor='center', autoDraw=False, autoLog=True, blendmode='avg', color=array([0.2, 0.2, 0.2]), colorSpace='rgb', contrast=0.2, depth=-1.0, draggable=False, interpolate=True, mask='circle', maskParams=None, name='center_practice_2', opacity=1, ori=1.0, phase=array([0., 0.]), pos=array([0., 0.]), rgbPedestal=array([0., 0., 0.]), sf=array([1., 1.]), size=array([2., 2.]), tex='sin', texRes=128.0, units='cm', win=Window(...))
22.5917 	EXP 	Created text_12 = TextStim(__class__=<class 'psychopy.visual.text.TextStim'>, alignHoriz=method-wrapper(...), alignText='center', alignVert=method-wrapper(...), anchorHoriz='center', anchorVert='center', antialias=True, autoDraw=False, autoLog=True, bold=False, color=array([1., 1., 1.]), colorSpace='rgb', contrast=1.0, depth=-3.0, draggable=False, flipHoriz=False, flipVert=False, font='Arial', fontFiles=[], height=0.05, italic=False, languageStyle='LTR', name='text_12', opacity=1, ori=0.0, pos=array([0., 0.]), rgb=UNKNOWN, text=str(...), units='height', win=Window(...), wrapWidth=1)
22.5921 	EXP 	Created text_7 = TextStim(__class__=<class 'psychopy.visual.text.TextStim'>, alignHoriz=method-wrapper(...), alignText='center', alignVert=method-wrapper(...), anchorHoriz='center', anchorVert='center', antialias=True, autoDraw=False, autoLog=True, bold=False, color=array([1., 1., 1.]), colorSpace='rgb', contrast=1.0, depth=-1.0, draggable=False, flipHoriz=False, flipVert=False, font='Arial', fontFiles=[], height=0.05, italic=False, languageStyle='LTR', name='text_7', opacity=1, ori=0.0, pos=array([0., 0.]), rgb=UNKNOWN, text='', units='height', win=Window(...), wrapWidth=1)
22.6027 	EXP 	Created text_13 = TextStim(__class__=<class 'psychopy.visual.text.TextStim'>, alignHoriz=method-wrapper(...), alignText='center', alignVert=method-wrapper(...), anchorHoriz='center', anchorVert='center', antialias=True, autoDraw=False, autoLog=True, bold=False, color=array([1., 1., 1.]), colorSpace='rgb', contrast=1.0, depth=0.0, draggable=False, flipHoriz=False, flipVert=False, font='Arial', fontFiles=[], height=0.05, italic=False, languageStyle='LTR', name='text_13', opacity=1, ori=0.0, pos=array([0., 0.]), rgb=UNKNOWN, text=str(...), units='height', win=Window(...), wrapWidth=1)
22.6043 	EXP 	Created surround_grating = GratingStim(__class__=<class 'psychopy.visual.grating.GratingStim'>, anchor='center', autoDraw=False, autoLog=True, blendmode='avg', color=array([0.2, 0.2, 0.2]), colorSpace='rgb', contrast=0.2, depth=-1.0, draggable=False, interpolate=True, mask='circle', maskParams=None, name='surround_grating', opacity=1.0, ori=1.0, phase=array([1., 1.]), pos=array([0., 0.]), rgbPedestal=array([0., 0., 0.]), sf=array([1., 1.]), size=array([1., 1.]), tex='sin', texRes=128.0, units='cm', win=Window(...))
22.6058 	EXP 	Created center_grating = GratingStim(__class__=<class 'psychopy.visual.grating.GratingStim'>, anchor='center', autoDraw=False, autoLog=True, blendmode='avg', color=array([0.2, 0.2, 0.2]), colorSpace='rgb', contrast=0.2, depth=-2.0, draggable=False, interpolate=True, mask='circle', maskParams=None, name='center_grating', opacity=1, ori=1.0, phase=array([1., 1.]), pos=array([0., 0.]), rgbPedestal=array([0., 0., 0.]), sf=array([1., 1.]), size=array([1., 1.]), tex='sin', texRes=128.0, units='cm', win=Window(...))
22.6090 	EXP 	Created text_2 = TextStim(__class__=<class 'psychopy.visual.text.TextStim'>, alignHoriz=method-wrapper(...), alignText='center', alignVert=method-wrapper(...), anchorHoriz='center', anchorVert='center', antialias=True, autoDraw=False, autoLog=True, bold=False, color=array([1., 1., 1.]), colorSpace='rgb', contrast=1.0, depth=0.0, draggable=False, flipHoriz=False, flipVert=False, font='Arial', fontFiles=[], height=0.05, italic=False, languageStyle='LTR', name='text_2', opacity=1, ori=0.0, pos=array([0., 0.]), rgb=UNKNOWN, text=str(...), units='height', win=Window(...), wrapWidth=1)
22.6108 	EXP 	Created text_14 = TextStim(__class__=<class 'psychopy.visual.text.TextStim'>, alignHoriz=method-wrapper(...), alignText='center', alignVert=method-wrapper(...), anchorHoriz='center', anchorVert='center', antialias=True, autoDraw=False, autoLog=True, bold=False, color=array([1., 1., 1.]), colorSpace='rgb', contrast=1.0, depth=0.0, draggable=False, flipHoriz=False, flipVert=False, font='Arial', fontFiles=[], height=0.05, italic=False, languageStyle='LTR', name='text_14', opacity=1, ori=0.0, pos=array([0., 0.]), rgb=UNKNOWN, text='thank you and have a pleasant day ', units='height', win=Window(...), wrapWidth=1)
0.0144 	INFO 	Keyboard events cleared
0.0141 	EXP 	text_5: autoDraw = True
2.6099 	DATA 	Keypress: space
2.6147 	INFO 	Keyboard events cleared
2.6143 	WARNING 	t of last frame was 52.95ms (=1/18)
2.6143 	EXP 	text_5: autoDraw = False
2.6143 	EXP 	surround_practice_example: ori = 30.0
2.6143 	EXP 	surround_practice_example: sf = array([2.5, 2.5])
2.6143 	EXP 	surround_practice_example: phase = array([0., 0.])
2.6143 	EXP 	center_practice_example: ori = 15.0
2.6143 	EXP 	center_practice_example: sf = array([2.5, 2.5])
2.6143 	EXP 	center_practice_example: phase = array([0., 0.])
2.6143 	EXP 	surround_practice_example: autoDraw = True
2.6143 	EXP 	center_practice_example: autoDraw = True
2.6143 	EXP 	text_15: autoDraw = True
2.6143 	EXP 	surround_practice_example: tex = 'sin'
2.6143 	EXP 	center_practice_example: tex = 'sin'
8.7450 	DATA 	Keypress: escape
8.7492 	WARNING 	t of last frame was 26.78ms (=1/37)
8.8247 	EXP 	tilt_mocs: status = STOPPED
8.8281 	EXP 	surround_practice_example: autoDraw = False
8.8281 	EXP 	center_practice_example: autoDraw = False
8.8281 	EXP 	text_15: autoDraw = False
8.8297 	EXP 	tilt_mocs: status = STOPPED
8.8317 	INFO 	saved data to '/Users/cpcr/Documents/tilt/tilt_mocs/data/sub-21041111/ses-0/sub-21041111_ses-0_exp-tiltmocs_2025-11-30_17h57.00.612.csv'
8.8320 	INFO 	saved data to /Users/cpcr/Documents/tilt/tilt_mocs/data/sub-21041111/ses-0/sub-21041111_ses-0_exp-tiltmocs_2025-11-30_17h57.00.612.psydat
9.3423 	DEBUG 	Saving data for tilt_mocs ExperimentHandler
