14.3472 	WARNING 	Font Manager failed to load file /System/Library/PrivateFrameworks/FontServices.framework/Resources/Reserved/PingFangUI.ttc
18.5281 	DEBUG 	Fullscreen settings ignored as running in pilot mode.
18.5292 	INFO 	Loaded monitor calibration from ['2025_09_15 11:13']
18.7634 	EXP 	Created window1 = Window(allowGUI=False, allowStencil=False, autoLog=True, backendConf=UNKNOWN, backgroundFit=<method-wrapper '__getattribute__' of attributeSetter object at 0x166beac50>, backgroundImage=<method-wrapper '__getattribute__' of attributeSetter object at 0x166beacb0>, bitsMode=UNKNOWN, blendMode='avg', bpc=(8, 8, 8), color=array([0, 0, 0]), colorSpace='rgb', depthBits=8, fullscr=False, gamma=None, gammaErrorPolicy='raise', infoMsg=UNKNOWN, lms=UNKNOWN, monitor=<psychopy.monitors.calibTools.Monitor object at 0x16670eb00>, multiSample=False, name='window1', numSamples=2, pos=[320.0, 150.0], screen=0, size=array([1600, 1200]), stencilBits=0, stereo=False, title='PsychoPy', units='height', useFBO=True, useRetina=True, viewOri=0.0, viewPos=None, viewScale=None, waitBlanking=True, winType='pyglet')
18.7635 	EXP 	window1: backgroundImage = ''
18.7635 	EXP 	window1: backgroundFit = 'none'
18.7730 	DEBUG 	TextBox2 loaded 1 chars with 0 blanks and 1 valid
18.7736 	DEBUG 	TextBox2 loaded 1 chars with 0 blanks and 1 valid
18.7742 	DEBUG 	TextBox2 loaded 1 chars with 0 blanks and 1 valid
18.7750 	DEBUG 	TextBox2 loaded 1 chars with 0 blanks and 1 valid
18.7757 	DEBUG 	TextBox2 loaded 1 chars with 0 blanks and 1 valid
18.7760 	DEBUG 	TextBox2 loaded 1 chars with 0 blanks and 1 valid
18.7766 	DEBUG 	TextBox2 loaded 1 chars with 0 blanks and 1 valid
18.7774 	DEBUG 	TextBox2 loaded 1 chars with 0 blanks and 1 valid
18.7775 	DEBUG 	TextBox2 loaded 1 chars with 0 blanks and 1 valid
18.7777 	DEBUG 	TextBox2 loaded 1 chars with 0 blanks and 1 valid
18.7783 	DEBUG 	TextBox2 loaded 1 chars with 0 blanks and 1 valid
18.7789 	DEBUG 	TextBox2 loaded 1 chars with 0 blanks and 1 valid
18.7794 	DEBUG 	TextBox2 loaded 1 chars with 0 blanks and 1 valid
18.7799 	DEBUG 	TextBox2 loaded 1 chars with 0 blanks and 1 valid
18.7804 	DEBUG 	TextBox2 loaded 1 chars with 0 blanks and 1 valid
18.7810 	DEBUG 	TextBox2 loaded 1 chars with 0 blanks and 1 valid
18.7816 	DEBUG 	TextBox2 loaded 1 chars with 0 blanks and 1 valid
18.7819 	DEBUG 	TextBox2 loaded 1 chars with 0 blanks and 1 valid
18.7822 	DEBUG 	TextBox2 loaded 1 chars with 0 blanks and 1 valid
18.7830 	DEBUG 	TextBox2 loaded 1 chars with 0 blanks and 1 valid
18.7833 	DEBUG 	TextBox2 loaded 1 chars with 0 blanks and 1 valid
18.7835 	DEBUG 	Uploading Texture Font fontname to graphics card
18.7875 	DEBUG 	Upload of Texture Font fontname complete
18.7933 	DEBUG 	TextBox2 loaded 1 chars with 0 blanks and 1 valid
18.7943 	DEBUG 	TextBox2 loaded 1 chars with 0 blanks and 1 valid
18.7952 	DEBUG 	TextBox2 loaded 1 chars with 0 blanks and 1 valid
18.7954 	DEBUG 	Uploading Texture Font fontname to graphics card
18.7975 	DEBUG 	Upload of Texture Font fontname complete
18.8001 	EXP 	window1: Attempting to measure frame rate of screen (0) ...
18.8001 	EXP 	window1: recordFrameIntervals = False
18.9270 	EXP 	window1: recordFrameIntervals = True
19.7612 	WARNING 	Couldn't measure a consistent frame rate!
  - Is your graphics card set to sync to vertical blank?
  - Are you running other processes on your computer?

19.7732 	DEBUG 	TextBox2 loaded 1 chars with 0 blanks and 1 valid
19.7740 	DEBUG 	TextBox2 loaded 1 chars with 0 blanks and 1 valid
19.7754 	DEBUG 	TextBox2 loaded 1 chars with 0 blanks and 1 valid
19.7773 	DEBUG 	TextBox2 loaded 1 chars with 0 blanks and 1 valid
19.7790 	DEBUG 	TextBox2 loaded 1 chars with 0 blanks and 1 valid
19.7805 	DEBUG 	TextBox2 loaded 1 chars with 0 blanks and 1 valid
19.7812 	DEBUG 	TextBox2 loaded 1 chars with 0 blanks and 1 valid
19.7826 	DEBUG 	TextBox2 loaded 1 chars with 0 blanks and 1 valid
19.7841 	DEBUG 	TextBox2 loaded 1 chars with 0 blanks and 1 valid
19.7855 	DEBUG 	TextBox2 loaded 1 chars with 0 blanks and 1 valid
19.7859 	DEBUG 	Uploading Texture Font fontname to graphics card
19.7897 	DEBUG 	Upload of Texture Font fontname complete
19.8099 	WARNING 	launchHubServer: If using the iohub mouse or eyetracker devices, fullScr should be True.
22.7221 	INFO 	keyboard.Keyboard is using iohub backend.
22.7222 	INFO 	keyboard.Keyboard is using iohub backend.
22.7222 	INFO 	keyboard.Keyboard is using iohub backend.
22.7222 	INFO 	keyboard.Keyboard is using iohub backend.
22.7222 	INFO 	keyboard.Keyboard is using iohub backend.
22.7222 	INFO 	keyboard.Keyboard is using iohub backend.
22.7223 	INFO 	keyboard.Keyboard is using iohub backend.
22.7223 	INFO 	keyboard.Keyboard is using iohub backend.
22.7223 	INFO 	keyboard.Keyboard is using iohub backend.
22.7223 	INFO 	keyboard.Keyboard is using iohub backend.
22.7223 	INFO 	keyboard.Keyboard is using iohub backend.
22.7224 	EXP 	tilt_mocs: status = STARTED
22.7636 	EXP 	Created text_5 = TextStim(__class__=<class 'psychopy.visual.text.TextStim'>, alignHoriz=method-wrapper(...), alignText='center', alignVert=method-wrapper(...), anchorHoriz='center', anchorVert='center', antialias=True, autoDraw=False, autoLog=True, bold=False, color=array([1., 1., 1.]), colorSpace='rgb', contrast=1.0, depth=-1.0, draggable=False, flipHoriz=False, flipVert=False, font='Arial', fontFiles=[], height=0.05, italic=False, languageStyle='LTR', name='text_5', opacity=1, ori=0.0, pos=array([0., 0.]), rgb=UNKNOWN, text=str(...), units='height', win=Window(...), wrapWidth=1)
22.7659 	EXP 	Created surround_practice_example = GratingStim(__class__=<class 'psychopy.visual.grating.GratingStim'>, anchor='center', autoDraw=False, autoLog=True, blendmode='avg', color=array([0.2, 0.2, 0.2]), colorSpace='rgb', contrast=0.2, depth=-1.0, draggable=False, interpolate=True, mask='circle', maskParams=None, name='surround_practice_example', opacity=1, ori=1.0, phase=array([1., 1.]), pos=array([0., 0.]), rgbPedestal=array([0., 0., 0.]), sf=array([1., 1.]), size=array([1., 1.]), tex='sin', texRes=128.0, units='cm', win=Window(...))
22.7674 	EXP 	Created center_practice_example = GratingStim(__class__=<class 'psychopy.visual.grating.GratingStim'>, anchor='center', autoDraw=False, autoLog=True, blendmode='avg', color=array([1., 1., 1.]), colorSpace='rgb', contrast=1.0, depth=-2.0, draggable=False, interpolate=True, mask='circle', maskParams=None, name='center_practice_example', opacity=1, ori=1.0, phase=array([1., 1.]), pos=array([0., 0.]), rgbPedestal=array([0., 0., 0.]), sf=array([1., 1.]), size=array([1., 1.]), tex='sin', texRes=128.0, units='cm', win=Window(...))
22.7708 	EXP 	Created text_15 = TextStim(__class__=<class 'psychopy.visual.text.TextStim'>, alignHoriz=method-wrapper(...), alignText='center', alignVert=method-wrapper(...), anchorHoriz='center', anchorVert='center', antialias=True, autoDraw=False, autoLog=True, bold=False, color=array([1., 1., 1.]), colorSpace='rgb', contrast=1.0, depth=-3.0, draggable=False, flipHoriz=False, flipVert=False, font='Arial', fontFiles=[], height=0.05, italic=False, languageStyle='LTR', name='text_15', opacity=1, ori=0.0, pos=array([0., 0.]), rgb=UNKNOWN, text=str(...), units='height', win=Window(...), wrapWidth=1)
22.7768 	EXP 	Created text_6 = TextStim(__class__=<class 'psychopy.visual.text.TextStim'>, alignHoriz=method-wrapper(...), alignText='center', alignVert=method-wrapper(...), anchorHoriz='center', anchorVert='center', antialias=True, autoDraw=False, autoLog=True, bold=False, color=array([1., 1., 1.]), colorSpace='rgb', contrast=1.0, depth=0.0, draggable=False, flipHoriz=False, flipVert=False, font='Arial', fontFiles=[], height=0.05, italic=False, languageStyle='LTR', name='text_6', opacity=1, ori=0.0, pos=array([0., 0.]), rgb=UNKNOWN, text=str(...), units='height', win=Window(...), wrapWidth=1)
22.7784 	EXP 	Created surround_practice = GratingStim(__class__=<class 'psychopy.visual.grating.GratingStim'>, anchor='center', autoDraw=False, autoLog=True, blendmode='avg', color=array([0.2, 0.2, 0.2]), colorSpace='rgb', contrast=0.2, depth=-1.0, draggable=False, interpolate=True, mask='circle', maskParams=None, name='surround_practice', opacity=1, ori=1.0, phase=array([1., 1.]), pos=array([0., 0.]), rgbPedestal=array([0., 0., 0.]), sf=array([1., 1.]), size=array([1., 1.]), tex='sin', texRes=128.0, units='cm', win=Window(...))
22.7799 	EXP 	Created center_practice = GratingStim(__class__=<class 'psychopy.visual.grating.GratingStim'>, anchor='center', autoDraw=False, autoLog=True, blendmode='avg', color=array([1., 1., 1.]), colorSpace='rgb', contrast=1.0, depth=-2.0, draggable=False, interpolate=True, mask='circle', maskParams=None, name='center_practice', opacity=1, ori=1.0, phase=array([1., 1.]), pos=array([0., 0.]), rgbPedestal=array([0., 0., 0.]), sf=array([1., 1.]), size=array([1., 1.]), tex='sin', texRes=128.0, units='cm', win=Window(...))
22.7833 	EXP 	Created text_11 = TextStim(__class__=<class 'psychopy.visual.text.TextStim'>, alignHoriz=method-wrapper(...), alignText='center', alignVert=method-wrapper(...), anchorHoriz='center', anchorVert='center', antialias=True, autoDraw=False, autoLog=True, bold=False, color=array([1., 1., 1.]), colorSpace='rgb', contrast=1.0, depth=-4.0, draggable=False, flipHoriz=False, flipVert=False, font='Arial', fontFiles=[], height=0.05, italic=False, languageStyle='LTR', name='text_11', opacity=1, ori=0.0, pos=array([0., 0.]), rgb=UNKNOWN, text=str(...), units='height', win=Window(...), wrapWidth=1)
22.7838 	EXP 	Created text_7 = TextStim(__class__=<class 'psychopy.visual.text.TextStim'>, alignHoriz=method-wrapper(...), alignText='center', alignVert=method-wrapper(...), anchorHoriz='center', anchorVert='center', antialias=True, autoDraw=False, autoLog=True, bold=False, color=array([1., 1., 1.]), colorSpace='rgb', contrast=1.0, depth=-1.0, draggable=False, flipHoriz=False, flipVert=False, font='Arial', fontFiles=[], height=0.05, italic=False, languageStyle='LTR', name='text_7', opacity=1, ori=0.0, pos=array([0., 0.]), rgb=UNKNOWN, text='', units='height', win=Window(...), wrapWidth=1)
22.7903 	EXP 	Created text_8 = TextStim(__class__=<class 'psychopy.visual.text.TextStim'>, alignHoriz=method-wrapper(...), alignText='center', alignVert=method-wrapper(...), anchorHoriz='center', anchorVert='center', antialias=True, autoDraw=False, autoLog=True, bold=False, color=array([1., 1., 1.]), colorSpace='rgb', contrast=1.0, depth=0.0, draggable=False, flipHoriz=False, flipVert=False, font='Arial', fontFiles=[], height=0.05, italic=False, languageStyle='LTR', name='text_8', opacity=1, ori=0.0, pos=array([0., 0.]), rgb=UNKNOWN, text=str(...), units='height', win=Window(...), wrapWidth=1)
22.7921 	EXP 	Created surround_practice_2 = GratingStim(__class__=<class 'psychopy.visual.grating.GratingStim'>, anchor='center', autoDraw=False, autoLog=True, blendmode='avg', color=array([0.2, 0.2, 0.2]), colorSpace='rgb', contrast=0.2, depth=0.0, draggable=False, interpolate=True, mask='circle', maskParams=None, name='surround_practice_2', opacity=1.0, ori=1.0, phase=array([0., 0.]), pos=array([0., 0.]), rgbPedestal=array([0., 0., 0.]), sf=array([1., 1.]), size=array([1., 1.]), tex='sin', texRes=128.0, units='cm', win=Window(...))
22.7936 	EXP 	Created center_practice_2 = GratingStim(__class__=<class 'psychopy.visual.grating.GratingStim'>, anchor='center', autoDraw=False, autoLog=True, blendmode='avg', color=array([0.2, 0.2, 0.2]), colorSpace='rgb', contrast=0.2, depth=-1.0, draggable=False, interpolate=True, mask='circle', maskParams=None, name='center_practice_2', opacity=1, ori=1.0, phase=array([0., 0.]), pos=array([0., 0.]), rgbPedestal=array([0., 0., 0.]), sf=array([1., 1.]), size=array([2., 2.]), tex='sin', texRes=128.0, units='cm', win=Window(...))
22.7960 	EXP 	Created text_12 = TextStim(__class__=<class 'psychopy.visual.text.TextStim'>, alignHoriz=method-wrapper(...), alignText='center', alignVert=method-wrapper(...), anchorHoriz='center', anchorVert='center', antialias=True, autoDraw=False, autoLog=True, bold=False, color=array([1., 1., 1.]), colorSpace='rgb', contrast=1.0, depth=-3.0, draggable=False, flipHoriz=False, flipVert=False, font='Arial', fontFiles=[], height=0.05, italic=False, languageStyle='LTR', name='text_12', opacity=1, ori=0.0, pos=array([0., 0.]), rgb=UNKNOWN, text=str(...), units='height', win=Window(...), wrapWidth=1)
22.7965 	EXP 	Created text_7 = TextStim(__class__=<class 'psychopy.visual.text.TextStim'>, alignHoriz=method-wrapper(...), alignText='center', alignVert=method-wrapper(...), anchorHoriz='center', anchorVert='center', antialias=True, autoDraw=False, autoLog=True, bold=False, color=array([1., 1., 1.]), colorSpace='rgb', contrast=1.0, depth=-1.0, draggable=False, flipHoriz=False, flipVert=False, font='Arial', fontFiles=[], height=0.05, italic=False, languageStyle='LTR', name='text_7', opacity=1, ori=0.0, pos=array([0., 0.]), rgb=UNKNOWN, text='', units='height', win=Window(...), wrapWidth=1)
22.8072 	EXP 	Created text_13 = TextStim(__class__=<class 'psychopy.visual.text.TextStim'>, alignHoriz=method-wrapper(...), alignText='center', alignVert=method-wrapper(...), anchorHoriz='center', anchorVert='center', antialias=True, autoDraw=False, autoLog=True, bold=False, color=array([1., 1., 1.]), colorSpace='rgb', contrast=1.0, depth=0.0, draggable=False, flipHoriz=False, flipVert=False, font='Arial', fontFiles=[], height=0.05, italic=False, languageStyle='LTR', name='text_13', opacity=1, ori=0.0, pos=array([0., 0.]), rgb=UNKNOWN, text=str(...), units='height', win=Window(...), wrapWidth=1)
22.8088 	EXP 	Created surround_grating = GratingStim(__class__=<class 'psychopy.visual.grating.GratingStim'>, anchor='center', autoDraw=False, autoLog=True, blendmode='avg', color=array([0.2, 0.2, 0.2]), colorSpace='rgb', contrast=0.2, depth=-1.0, draggable=False, interpolate=True, mask='circle', maskParams=None, name='surround_grating', opacity=1.0, ori=1.0, phase=array([1., 1.]), pos=array([0., 0.]), rgbPedestal=array([0., 0., 0.]), sf=array([1., 1.]), size=array([1., 1.]), tex='sin', texRes=128.0, units='cm', win=Window(...))
22.8103 	EXP 	Created center_grating = GratingStim(__class__=<class 'psychopy.visual.grating.GratingStim'>, anchor='center', autoDraw=False, autoLog=True, blendmode='avg', color=array([0.2, 0.2, 0.2]), colorSpace='rgb', contrast=0.2, depth=-2.0, draggable=False, interpolate=True, mask='circle', maskParams=None, name='center_grating', opacity=1, ori=1.0, phase=array([1., 1.]), pos=array([0., 0.]), rgbPedestal=array([0., 0., 0.]), sf=array([1., 1.]), size=array([1., 1.]), tex='sin', texRes=128.0, units='cm', win=Window(...))
22.8136 	EXP 	Created text_2 = TextStim(__class__=<class 'psychopy.visual.text.TextStim'>, alignHoriz=method-wrapper(...), alignText='center', alignVert=method-wrapper(...), anchorHoriz='center', anchorVert='center', antialias=True, autoDraw=False, autoLog=True, bold=False, color=array([1., 1., 1.]), colorSpace='rgb', contrast=1.0, depth=0.0, draggable=False, flipHoriz=False, flipVert=False, font='Arial', fontFiles=[], height=0.05, italic=False, languageStyle='LTR', name='text_2', opacity=1, ori=0.0, pos=array([0., 0.]), rgb=UNKNOWN, text=str(...), units='height', win=Window(...), wrapWidth=1)
22.8153 	EXP 	Created text_14 = TextStim(__class__=<class 'psychopy.visual.text.TextStim'>, alignHoriz=method-wrapper(...), alignText='center', alignVert=method-wrapper(...), anchorHoriz='center', anchorVert='center', antialias=True, autoDraw=False, autoLog=True, bold=False, color=array([1., 1., 1.]), colorSpace='rgb', contrast=1.0, depth=0.0, draggable=False, flipHoriz=False, flipVert=False, font='Arial', fontFiles=[], height=0.05, italic=False, languageStyle='LTR', name='text_14', opacity=1, ori=0.0, pos=array([0., 0.]), rgb=UNKNOWN, text='thank you and have a pleasant day ', units='height', win=Window(...), wrapWidth=1)
0.0181 	INFO 	Keyboard events cleared
0.0178 	EXP 	text_5: autoDraw = True
0.7222 	DATA 	Keypress: space
0.7270 	INFO 	Keyboard events cleared
0.7265 	WARNING 	t of last frame was 41.45ms (=1/24)
0.7265 	EXP 	text_5: autoDraw = False
0.7265 	EXP 	surround_practice_example: ori = 30.0
0.7265 	EXP 	surround_practice_example: sf = array([2.5, 2.5])
0.7265 	EXP 	surround_practice_example: phase = array([0., 0.])
0.7265 	EXP 	center_practice_example: ori = 15.0
0.7265 	EXP 	center_practice_example: sf = array([2.5, 2.5])
0.7265 	EXP 	center_practice_example: phase = array([0., 0.])
0.7265 	EXP 	surround_practice_example: autoDraw = True
0.7265 	EXP 	center_practice_example: autoDraw = True
0.7265 	EXP 	text_15: autoDraw = True
0.7265 	EXP 	surround_practice_example: tex = 'sin'
0.7265 	EXP 	center_practice_example: tex = 'sin'
4.4588 	DATA 	Keypress: escape
4.4630 	WARNING 	t of last frame was 27.83ms (=1/35)
4.6376 	EXP 	tilt_mocs: status = STOPPED
4.6457 	EXP 	surround_practice_example: autoDraw = False
4.6457 	EXP 	center_practice_example: autoDraw = False
4.6457 	EXP 	text_15: autoDraw = False
4.6476 	EXP 	tilt_mocs: status = STOPPED
4.6499 	INFO 	saved data to '/Users/cpcr/Documents/tilt/tilt_mocs/data/sub-21041111/ses-0/sub-21041111_ses-0_exp-tiltmocs_2025-11-30_17h57.51.282.csv'
4.6502 	INFO 	saved data to /Users/cpcr/Documents/tilt/tilt_mocs/data/sub-21041111/ses-0/sub-21041111_ses-0_exp-tiltmocs_2025-11-30_17h57.51.282.psydat
4.8335 	DEBUG 	Saving data for tilt_mocs ExperimentHandler
