14.3879 	WARNING 	Font Manager failed to load file /System/Library/PrivateFrameworks/FontServices.framework/Resources/Reserved/PingFangUI.ttc
126.2174 	DEBUG 	Fullscreen settings ignored as running in pilot mode.
126.2193 	INFO 	Loaded monitor calibration from ['2025_09_15 11:13']
126.4695 	EXP 	Created window1 = Window(allowGUI=False, allowStencil=False, autoLog=True, backendConf=UNKNOWN, backgroundFit=<method-wrapper '__getattribute__' of attributeSetter object at 0x1628b6c50>, backgroundImage=<method-wrapper '__getattribute__' of attributeSetter object at 0x1628b6cb0>, bitsMode=UNKNOWN, blendMode='avg', bpc=(8, 8, 8), color=array([0, 0, 0]), colorSpace='rgb', depthBits=8, fullscr=False, gamma=None, gammaErrorPolicy='raise', infoMsg=UNKNOWN, lms=UNKNOWN, monitor=<psychopy.monitors.calibTools.Monitor object at 0x16240ab90>, multiSample=False, name='window1', numSamples=2, pos=[320.0, 150.0], screen=0, size=array([1600, 1200]), stencilBits=0, stereo=False, title='PsychoPy', units='height', useFBO=True, useRetina=True, viewOri=0.0, viewPos=None, viewScale=None, waitBlanking=True, winType='pyglet')
126.4696 	EXP 	window1: backgroundImage = ''
126.4696 	EXP 	window1: backgroundFit = 'none'
126.4782 	DEBUG 	TextBox2 loaded 1 chars with 0 blanks and 1 valid
126.4788 	DEBUG 	TextBox2 loaded 1 chars with 0 blanks and 1 valid
126.4794 	DEBUG 	TextBox2 loaded 1 chars with 0 blanks and 1 valid
126.4802 	DEBUG 	TextBox2 loaded 1 chars with 0 blanks and 1 valid
126.4809 	DEBUG 	TextBox2 loaded 1 chars with 0 blanks and 1 valid
126.4813 	DEBUG 	TextBox2 loaded 1 chars with 0 blanks and 1 valid
126.4818 	DEBUG 	TextBox2 loaded 1 chars with 0 blanks and 1 valid
126.4826 	DEBUG 	TextBox2 loaded 1 chars with 0 blanks and 1 valid
126.4828 	DEBUG 	TextBox2 loaded 1 chars with 0 blanks and 1 valid
126.4830 	DEBUG 	TextBox2 loaded 1 chars with 0 blanks and 1 valid
126.4836 	DEBUG 	TextBox2 loaded 1 chars with 0 blanks and 1 valid
126.4841 	DEBUG 	TextBox2 loaded 1 chars with 0 blanks and 1 valid
126.4847 	DEBUG 	TextBox2 loaded 1 chars with 0 blanks and 1 valid
126.4852 	DEBUG 	TextBox2 loaded 1 chars with 0 blanks and 1 valid
126.4857 	DEBUG 	TextBox2 loaded 1 chars with 0 blanks and 1 valid
126.4863 	DEBUG 	TextBox2 loaded 1 chars with 0 blanks and 1 valid
126.4869 	DEBUG 	TextBox2 loaded 1 chars with 0 blanks and 1 valid
126.4872 	DEBUG 	TextBox2 loaded 1 chars with 0 blanks and 1 valid
126.4875 	DEBUG 	TextBox2 loaded 1 chars with 0 blanks and 1 valid
126.4883 	DEBUG 	TextBox2 loaded 1 chars with 0 blanks and 1 valid
126.4886 	DEBUG 	TextBox2 loaded 1 chars with 0 blanks and 1 valid
126.4888 	DEBUG 	Uploading Texture Font fontname to graphics card
126.4928 	DEBUG 	Upload of Texture Font fontname complete
126.4986 	DEBUG 	TextBox2 loaded 1 chars with 0 blanks and 1 valid
126.4996 	DEBUG 	TextBox2 loaded 1 chars with 0 blanks and 1 valid
126.5005 	DEBUG 	TextBox2 loaded 1 chars with 0 blanks and 1 valid
126.5007 	DEBUG 	Uploading Texture Font fontname to graphics card
126.5028 	DEBUG 	Upload of Texture Font fontname complete
126.5054 	EXP 	window1: Attempting to measure frame rate of screen (0) ...
126.5054 	EXP 	window1: recordFrameIntervals = False
126.6380 	EXP 	window1: recordFrameIntervals = True
127.4731 	WARNING 	Couldn't measure a consistent frame rate!
  - Is your graphics card set to sync to vertical blank?
  - Are you running other processes on your computer?

127.4862 	DEBUG 	TextBox2 loaded 1 chars with 0 blanks and 1 valid
127.4870 	DEBUG 	TextBox2 loaded 1 chars with 0 blanks and 1 valid
127.4884 	DEBUG 	TextBox2 loaded 1 chars with 0 blanks and 1 valid
127.4903 	DEBUG 	TextBox2 loaded 1 chars with 0 blanks and 1 valid
127.4920 	DEBUG 	TextBox2 loaded 1 chars with 0 blanks and 1 valid
127.4938 	DEBUG 	TextBox2 loaded 1 chars with 0 blanks and 1 valid
127.4947 	DEBUG 	TextBox2 loaded 1 chars with 0 blanks and 1 valid
127.4961 	DEBUG 	TextBox2 loaded 1 chars with 0 blanks and 1 valid
127.4976 	DEBUG 	TextBox2 loaded 1 chars with 0 blanks and 1 valid
127.4990 	DEBUG 	TextBox2 loaded 1 chars with 0 blanks and 1 valid
127.4995 	DEBUG 	Uploading Texture Font fontname to graphics card
127.5034 	DEBUG 	Upload of Texture Font fontname complete
127.5242 	WARNING 	launchHubServer: If using the iohub mouse or eyetracker devices, fullScr should be True.
130.4396 	INFO 	keyboard.Keyboard is using iohub backend.
130.4396 	INFO 	keyboard.Keyboard is using iohub backend.
130.4397 	INFO 	keyboard.Keyboard is using iohub backend.
130.4397 	INFO 	keyboard.Keyboard is using iohub backend.
130.4397 	INFO 	keyboard.Keyboard is using iohub backend.
130.4397 	INFO 	keyboard.Keyboard is using iohub backend.
130.4397 	INFO 	keyboard.Keyboard is using iohub backend.
130.4397 	INFO 	keyboard.Keyboard is using iohub backend.
130.4398 	INFO 	keyboard.Keyboard is using iohub backend.
130.4398 	INFO 	keyboard.Keyboard is using iohub backend.
130.4398 	INFO 	keyboard.Keyboard is using iohub backend.
130.4398 	EXP 	tilt_mocs: status = STARTED
130.4803 	EXP 	Created text_5 = TextStim(__class__=<class 'psychopy.visual.text.TextStim'>, alignHoriz=method-wrapper(...), alignText='center', alignVert=method-wrapper(...), anchorHoriz='center', anchorVert='center', antialias=True, autoDraw=False, autoLog=True, bold=False, color=array([1., 1., 1.]), colorSpace='rgb', contrast=1.0, depth=-1.0, draggable=False, flipHoriz=False, flipVert=False, font='Arial', fontFiles=[], height=0.05, italic=False, languageStyle='LTR', name='text_5', opacity=1, ori=0.0, pos=array([0., 0.]), rgb=UNKNOWN, text=str(...), units='height', win=Window(...), wrapWidth=1)
130.4827 	EXP 	Created surround_practice_example = GratingStim(__class__=<class 'psychopy.visual.grating.GratingStim'>, anchor='center', autoDraw=False, autoLog=True, blendmode='avg', color=array([0.2, 0.2, 0.2]), colorSpace='rgb', contrast=0.2, depth=-1.0, draggable=False, interpolate=True, mask='circle', maskParams=None, name='surround_practice_example', opacity=1, ori=1.0, phase=array([1., 1.]), pos=array([0., 0.]), rgbPedestal=array([0., 0., 0.]), sf=array([1., 1.]), size=array([1., 1.]), tex='sin', texRes=128.0, units='cm', win=Window(...))
130.4843 	EXP 	Created center_practice_example = GratingStim(__class__=<class 'psychopy.visual.grating.GratingStim'>, anchor='center', autoDraw=False, autoLog=True, blendmode='avg', color=array([1., 1., 1.]), colorSpace='rgb', contrast=1.0, depth=-2.0, draggable=False, interpolate=True, mask='circle', maskParams=None, name='center_practice_example', opacity=1, ori=1.0, phase=array([1., 1.]), pos=array([0., 0.]), rgbPedestal=array([0., 0., 0.]), sf=array([1., 1.]), size=array([1., 1.]), tex='sin', texRes=128.0, units='cm', win=Window(...))
130.4876 	EXP 	Created text_15 = TextStim(__class__=<class 'psychopy.visual.text.TextStim'>, alignHoriz=method-wrapper(...), alignText='center', alignVert=method-wrapper(...), anchorHoriz='center', anchorVert='center', antialias=True, autoDraw=False, autoLog=True, bold=False, color=array([1., 1., 1.]), colorSpace='rgb', contrast=1.0, depth=-3.0, draggable=False, flipHoriz=False, flipVert=False, font='Arial', fontFiles=[], height=0.05, italic=False, languageStyle='LTR', name='text_15', opacity=1, ori=0.0, pos=array([ 0. , -0.4]), rgb=UNKNOWN, text=str(...), units='height', win=Window(...), wrapWidth=1)
130.4936 	EXP 	Created text_6 = TextStim(__class__=<class 'psychopy.visual.text.TextStim'>, alignHoriz=method-wrapper(...), alignText='center', alignVert=method-wrapper(...), anchorHoriz='center', anchorVert='center', antialias=True, autoDraw=False, autoLog=True, bold=False, color=array([1., 1., 1.]), colorSpace='rgb', contrast=1.0, depth=0.0, draggable=False, flipHoriz=False, flipVert=False, font='Arial', fontFiles=[], height=0.05, italic=False, languageStyle='LTR', name='text_6', opacity=1, ori=0.0, pos=array([0., 0.]), rgb=UNKNOWN, text=str(...), units='height', win=Window(...), wrapWidth=1)
130.4952 	EXP 	Created surround_practice = GratingStim(__class__=<class 'psychopy.visual.grating.GratingStim'>, anchor='center', autoDraw=False, autoLog=True, blendmode='avg', color=array([0.2, 0.2, 0.2]), colorSpace='rgb', contrast=0.2, depth=-1.0, draggable=False, interpolate=True, mask='circle', maskParams=None, name='surround_practice', opacity=1, ori=1.0, phase=array([1., 1.]), pos=array([0., 0.]), rgbPedestal=array([0., 0., 0.]), sf=array([1., 1.]), size=array([1., 1.]), tex='sin', texRes=128.0, units='cm', win=Window(...))
130.4967 	EXP 	Created center_practice = GratingStim(__class__=<class 'psychopy.visual.grating.GratingStim'>, anchor='center', autoDraw=False, autoLog=True, blendmode='avg', color=array([1., 1., 1.]), colorSpace='rgb', contrast=1.0, depth=-2.0, draggable=False, interpolate=True, mask='circle', maskParams=None, name='center_practice', opacity=1, ori=1.0, phase=array([1., 1.]), pos=array([0., 0.]), rgbPedestal=array([0., 0., 0.]), sf=array([1., 1.]), size=array([1., 1.]), tex='sin', texRes=128.0, units='cm', win=Window(...))
130.5002 	EXP 	Created text_11 = TextStim(__class__=<class 'psychopy.visual.text.TextStim'>, alignHoriz=method-wrapper(...), alignText='center', alignVert=method-wrapper(...), anchorHoriz='center', anchorVert='center', antialias=True, autoDraw=False, autoLog=True, bold=False, color=array([1., 1., 1.]), colorSpace='rgb', contrast=1.0, depth=-4.0, draggable=False, flipHoriz=False, flipVert=False, font='Arial', fontFiles=[], height=0.05, italic=False, languageStyle='LTR', name='text_11', opacity=1, ori=0.0, pos=array([0., 0.]), rgb=UNKNOWN, text=str(...), units='height', win=Window(...), wrapWidth=1)
130.5007 	EXP 	Created text_7 = TextStim(__class__=<class 'psychopy.visual.text.TextStim'>, alignHoriz=method-wrapper(...), alignText='center', alignVert=method-wrapper(...), anchorHoriz='center', anchorVert='center', antialias=True, autoDraw=False, autoLog=True, bold=False, color=array([1., 1., 1.]), colorSpace='rgb', contrast=1.0, depth=-1.0, draggable=False, flipHoriz=False, flipVert=False, font='Arial', fontFiles=[], height=0.05, italic=False, languageStyle='LTR', name='text_7', opacity=1, ori=0.0, pos=array([0., 0.]), rgb=UNKNOWN, text='', units='height', win=Window(...), wrapWidth=1)
130.5071 	EXP 	Created text_8 = TextStim(__class__=<class 'psychopy.visual.text.TextStim'>, alignHoriz=method-wrapper(...), alignText='center', alignVert=method-wrapper(...), anchorHoriz='center', anchorVert='center', antialias=True, autoDraw=False, autoLog=True, bold=False, color=array([1., 1., 1.]), colorSpace='rgb', contrast=1.0, depth=0.0, draggable=False, flipHoriz=False, flipVert=False, font='Arial', fontFiles=[], height=0.05, italic=False, languageStyle='LTR', name='text_8', opacity=1, ori=0.0, pos=array([0., 0.]), rgb=UNKNOWN, text=str(...), units='height', win=Window(...), wrapWidth=1)
130.5088 	EXP 	Created surround_practice_2 = GratingStim(__class__=<class 'psychopy.visual.grating.GratingStim'>, anchor='center', autoDraw=False, autoLog=True, blendmode='avg', color=array([0.2, 0.2, 0.2]), colorSpace='rgb', contrast=0.2, depth=0.0, draggable=False, interpolate=True, mask='circle', maskParams=None, name='surround_practice_2', opacity=1.0, ori=1.0, phase=array([0., 0.]), pos=array([0., 0.]), rgbPedestal=array([0., 0., 0.]), sf=array([1., 1.]), size=array([1., 1.]), tex='sin', texRes=128.0, units='cm', win=Window(...))
130.5103 	EXP 	Created center_practice_2 = GratingStim(__class__=<class 'psychopy.visual.grating.GratingStim'>, anchor='center', autoDraw=False, autoLog=True, blendmode='avg', color=array([0.2, 0.2, 0.2]), colorSpace='rgb', contrast=0.2, depth=-1.0, draggable=False, interpolate=True, mask='circle', maskParams=None, name='center_practice_2', opacity=1, ori=1.0, phase=array([0., 0.]), pos=array([0., 0.]), rgbPedestal=array([0., 0., 0.]), sf=array([1., 1.]), size=array([2., 2.]), tex='sin', texRes=128.0, units='cm', win=Window(...))
130.5126 	EXP 	Created text_12 = TextStim(__class__=<class 'psychopy.visual.text.TextStim'>, alignHoriz=method-wrapper(...), alignText='center', alignVert=method-wrapper(...), anchorHoriz='center', anchorVert='center', antialias=True, autoDraw=False, autoLog=True, bold=False, color=array([1., 1., 1.]), colorSpace='rgb', contrast=1.0, depth=-3.0, draggable=False, flipHoriz=False, flipVert=False, font='Arial', fontFiles=[], height=0.05, italic=False, languageStyle='LTR', name='text_12', opacity=1, ori=0.0, pos=array([0., 0.]), rgb=UNKNOWN, text=str(...), units='height', win=Window(...), wrapWidth=1)
130.5131 	EXP 	Created text_7 = TextStim(__class__=<class 'psychopy.visual.text.TextStim'>, alignHoriz=method-wrapper(...), alignText='center', alignVert=method-wrapper(...), anchorHoriz='center', anchorVert='center', antialias=True, autoDraw=False, autoLog=True, bold=False, color=array([1., 1., 1.]), colorSpace='rgb', contrast=1.0, depth=-1.0, draggable=False, flipHoriz=False, flipVert=False, font='Arial', fontFiles=[], height=0.05, italic=False, languageStyle='LTR', name='text_7', opacity=1, ori=0.0, pos=array([0., 0.]), rgb=UNKNOWN, text='', units='height', win=Window(...), wrapWidth=1)
130.5236 	EXP 	Created text_13 = TextStim(__class__=<class 'psychopy.visual.text.TextStim'>, alignHoriz=method-wrapper(...), alignText='center', alignVert=method-wrapper(...), anchorHoriz='center', anchorVert='center', antialias=True, autoDraw=False, autoLog=True, bold=False, color=array([1., 1., 1.]), colorSpace='rgb', contrast=1.0, depth=0.0, draggable=False, flipHoriz=False, flipVert=False, font='Arial', fontFiles=[], height=0.05, italic=False, languageStyle='LTR', name='text_13', opacity=1, ori=0.0, pos=array([0., 0.]), rgb=UNKNOWN, text=str(...), units='height', win=Window(...), wrapWidth=1)
130.5252 	EXP 	Created surround_grating = GratingStim(__class__=<class 'psychopy.visual.grating.GratingStim'>, anchor='center', autoDraw=False, autoLog=True, blendmode='avg', color=array([0.2, 0.2, 0.2]), colorSpace='rgb', contrast=0.2, depth=-1.0, draggable=False, interpolate=True, mask='circle', maskParams=None, name='surround_grating', opacity=1.0, ori=1.0, phase=array([1., 1.]), pos=array([0., 0.]), rgbPedestal=array([0., 0., 0.]), sf=array([1., 1.]), size=array([1., 1.]), tex='sin', texRes=128.0, units='cm', win=Window(...))
130.5267 	EXP 	Created center_grating = GratingStim(__class__=<class 'psychopy.visual.grating.GratingStim'>, anchor='center', autoDraw=False, autoLog=True, blendmode='avg', color=array([0.2, 0.2, 0.2]), colorSpace='rgb', contrast=0.2, depth=-2.0, draggable=False, interpolate=True, mask='circle', maskParams=None, name='center_grating', opacity=1, ori=1.0, phase=array([1., 1.]), pos=array([0., 0.]), rgbPedestal=array([0., 0., 0.]), sf=array([1., 1.]), size=array([1., 1.]), tex='sin', texRes=128.0, units='cm', win=Window(...))
130.5298 	EXP 	Created text_2 = TextStim(__class__=<class 'psychopy.visual.text.TextStim'>, alignHoriz=method-wrapper(...), alignText='center', alignVert=method-wrapper(...), anchorHoriz='center', anchorVert='center', antialias=True, autoDraw=False, autoLog=True, bold=False, color=array([1., 1., 1.]), colorSpace='rgb', contrast=1.0, depth=0.0, draggable=False, flipHoriz=False, flipVert=False, font='Arial', fontFiles=[], height=0.05, italic=False, languageStyle='LTR', name='text_2', opacity=1, ori=0.0, pos=array([0., 0.]), rgb=UNKNOWN, text=str(...), units='height', win=Window(...), wrapWidth=1)
130.5316 	EXP 	Created text_14 = TextStim(__class__=<class 'psychopy.visual.text.TextStim'>, alignHoriz=method-wrapper(...), alignText='center', alignVert=method-wrapper(...), anchorHoriz='center', anchorVert='center', antialias=True, autoDraw=False, autoLog=True, bold=False, color=array([1., 1., 1.]), colorSpace='rgb', contrast=1.0, depth=0.0, draggable=False, flipHoriz=False, flipVert=False, font='Arial', fontFiles=[], height=0.05, italic=False, languageStyle='LTR', name='text_14', opacity=1, ori=0.0, pos=array([0., 0.]), rgb=UNKNOWN, text='thank you and have a pleasant day ', units='height', win=Window(...), wrapWidth=1)
0.0165 	INFO 	Keyboard events cleared
0.0162 	EXP 	text_5: autoDraw = True
1.2976 	DATA 	Keypress: space
1.3024 	INFO 	Keyboard events cleared
1.3021 	WARNING 	t of last frame was 43.39ms (=1/23)
1.3021 	EXP 	text_5: autoDraw = False
1.3021 	EXP 	surround_practice_example: ori = -30.0
1.3021 	EXP 	surround_practice_example: sf = array([2.5, 2.5])
1.3021 	EXP 	surround_practice_example: phase = array([0., 0.])
1.3021 	EXP 	center_practice_example: ori = 15.0
1.3021 	EXP 	center_practice_example: sf = array([2.5, 2.5])
1.3021 	EXP 	center_practice_example: phase = array([0., 0.])
1.3021 	EXP 	surround_practice_example: autoDraw = True
1.3021 	EXP 	center_practice_example: autoDraw = True
1.3021 	EXP 	text_15: autoDraw = True
1.3021 	EXP 	surround_practice_example: tex = 'sin'
1.3021 	EXP 	center_practice_example: tex = 'sin'
22.9490 	DATA 	Keypress: space
22.9534 	INFO 	Keyboard events cleared
22.9532 	EXP 	surround_practice_example: autoDraw = False
22.9532 	EXP 	center_practice_example: autoDraw = False
22.9532 	EXP 	text_15: autoDraw = False
22.9532 	EXP 	text_6: autoDraw = True
24.0835 	DATA 	Keypress: escape
24.0870 	WARNING 	t of last frame was 27.05ms (=1/36)
24.2287 	EXP 	tilt_mocs: status = STOPPED
24.2369 	EXP 	text_6: autoDraw = False
24.2386 	EXP 	tilt_mocs: status = STOPPED
24.2409 	INFO 	saved data to '/Users/cpcr/Documents/tilt/tilt_mocs/data/sub-21041111/ses-0/sub-21041111_ses-0_exp-tiltmocs_2025-11-30_18h02.41.127.csv'
24.2411 	INFO 	saved data to /Users/cpcr/Documents/tilt/tilt_mocs/data/sub-21041111/ses-0/sub-21041111_ses-0_exp-tiltmocs_2025-11-30_18h02.41.127.psydat
24.8546 	DEBUG 	Saving data for tilt_mocs ExperimentHandler
