14.3273 	WARNING 	Font Manager failed to load file /System/Library/PrivateFrameworks/FontServices.framework/Resources/Reserved/PingFangUI.ttc
17.7572 	DEBUG 	Fullscreen settings ignored as running in pilot mode.
17.7584 	INFO 	Loaded monitor calibration from ['2025_09_15 11:13']
17.9922 	EXP 	Created window1 = Window(allowGUI=False, allowStencil=False, autoLog=True, backendConf=UNKNOWN, backgroundFit=<method-wrapper '__getattribute__' of attributeSetter object at 0x16738ac50>, backgroundImage=<method-wrapper '__getattribute__' of attributeSetter object at 0x16738acb0>, bitsMode=UNKNOWN, blendMode='avg', bpc=(8, 8, 8), color=array([0, 0, 0]), colorSpace='rgb', depthBits=8, fullscr=False, gamma=None, gammaErrorPolicy='raise', infoMsg=UNKNOWN, lms=UNKNOWN, monitor=<psychopy.monitors.calibTools.Monitor object at 0x166e55510>, multiSample=False, name='window1', numSamples=2, pos=[320.0, 150.0], screen=0, size=array([1600, 1200]), stencilBits=0, stereo=False, title='PsychoPy', units='height', useFBO=True, useRetina=True, viewOri=0.0, viewPos=None, viewScale=None, waitBlanking=True, winType='pyglet')
17.9922 	EXP 	window1: backgroundImage = ''
17.9923 	EXP 	window1: backgroundFit = 'none'
18.0001 	DEBUG 	TextBox2 loaded 1 chars with 0 blanks and 1 valid
18.0007 	DEBUG 	TextBox2 loaded 1 chars with 0 blanks and 1 valid
18.0013 	DEBUG 	TextBox2 loaded 1 chars with 0 blanks and 1 valid
18.0021 	DEBUG 	TextBox2 loaded 1 chars with 0 blanks and 1 valid
18.0028 	DEBUG 	TextBox2 loaded 1 chars with 0 blanks and 1 valid
18.0031 	DEBUG 	TextBox2 loaded 1 chars with 0 blanks and 1 valid
18.0037 	DEBUG 	TextBox2 loaded 1 chars with 0 blanks and 1 valid
18.0045 	DEBUG 	TextBox2 loaded 1 chars with 0 blanks and 1 valid
18.0047 	DEBUG 	TextBox2 loaded 1 chars with 0 blanks and 1 valid
18.0049 	DEBUG 	TextBox2 loaded 1 chars with 0 blanks and 1 valid
18.0054 	DEBUG 	TextBox2 loaded 1 chars with 0 blanks and 1 valid
18.0060 	DEBUG 	TextBox2 loaded 1 chars with 0 blanks and 1 valid
18.0065 	DEBUG 	TextBox2 loaded 1 chars with 0 blanks and 1 valid
18.0071 	DEBUG 	TextBox2 loaded 1 chars with 0 blanks and 1 valid
18.0076 	DEBUG 	TextBox2 loaded 1 chars with 0 blanks and 1 valid
18.0082 	DEBUG 	TextBox2 loaded 1 chars with 0 blanks and 1 valid
18.0087 	DEBUG 	TextBox2 loaded 1 chars with 0 blanks and 1 valid
18.0090 	DEBUG 	TextBox2 loaded 1 chars with 0 blanks and 1 valid
18.0093 	DEBUG 	TextBox2 loaded 1 chars with 0 blanks and 1 valid
18.0102 	DEBUG 	TextBox2 loaded 1 chars with 0 blanks and 1 valid
18.0104 	DEBUG 	TextBox2 loaded 1 chars with 0 blanks and 1 valid
18.0106 	DEBUG 	Uploading Texture Font fontname to graphics card
18.0146 	DEBUG 	Upload of Texture Font fontname complete
18.0205 	DEBUG 	TextBox2 loaded 1 chars with 0 blanks and 1 valid
18.0215 	DEBUG 	TextBox2 loaded 1 chars with 0 blanks and 1 valid
18.0224 	DEBUG 	TextBox2 loaded 1 chars with 0 blanks and 1 valid
18.0226 	DEBUG 	Uploading Texture Font fontname to graphics card
18.0246 	DEBUG 	Upload of Texture Font fontname complete
18.0271 	EXP 	window1: Attempting to measure frame rate of screen (0) ...
18.0272 	EXP 	window1: recordFrameIntervals = False
18.1531 	EXP 	window1: recordFrameIntervals = True
18.9872 	WARNING 	Couldn't measure a consistent frame rate!
  - Is your graphics card set to sync to vertical blank?
  - Are you running other processes on your computer?

19.0012 	DEBUG 	TextBox2 loaded 1 chars with 0 blanks and 1 valid
19.0021 	DEBUG 	TextBox2 loaded 1 chars with 0 blanks and 1 valid
19.0035 	DEBUG 	TextBox2 loaded 1 chars with 0 blanks and 1 valid
19.0054 	DEBUG 	TextBox2 loaded 1 chars with 0 blanks and 1 valid
19.0071 	DEBUG 	TextBox2 loaded 1 chars with 0 blanks and 1 valid
19.0089 	DEBUG 	TextBox2 loaded 1 chars with 0 blanks and 1 valid
19.0097 	DEBUG 	TextBox2 loaded 1 chars with 0 blanks and 1 valid
19.0113 	DEBUG 	TextBox2 loaded 1 chars with 0 blanks and 1 valid
19.0130 	DEBUG 	TextBox2 loaded 1 chars with 0 blanks and 1 valid
19.0145 	DEBUG 	TextBox2 loaded 1 chars with 0 blanks and 1 valid
19.0150 	DEBUG 	Uploading Texture Font fontname to graphics card
19.0189 	DEBUG 	Upload of Texture Font fontname complete
19.0409 	WARNING 	launchHubServer: If using the iohub mouse or eyetracker devices, fullScr should be True.
21.9538 	INFO 	keyboard.Keyboard is using iohub backend.
21.9539 	INFO 	keyboard.Keyboard is using iohub backend.
21.9539 	INFO 	keyboard.Keyboard is using iohub backend.
21.9539 	INFO 	keyboard.Keyboard is using iohub backend.
21.9539 	INFO 	keyboard.Keyboard is using iohub backend.
21.9539 	INFO 	keyboard.Keyboard is using iohub backend.
21.9540 	INFO 	keyboard.Keyboard is using iohub backend.
21.9540 	INFO 	keyboard.Keyboard is using iohub backend.
21.9540 	INFO 	keyboard.Keyboard is using iohub backend.
21.9540 	INFO 	keyboard.Keyboard is using iohub backend.
21.9540 	INFO 	keyboard.Keyboard is using iohub backend.
21.9541 	EXP 	tilt_mocs: status = STARTED
21.9945 	EXP 	Created text_5 = TextStim(__class__=<class 'psychopy.visual.text.TextStim'>, alignHoriz=method-wrapper(...), alignText='center', alignVert=method-wrapper(...), anchorHoriz='center', anchorVert='center', antialias=True, autoDraw=False, autoLog=True, bold=False, color=array([1., 1., 1.]), colorSpace='rgb', contrast=1.0, depth=-1.0, draggable=False, flipHoriz=False, flipVert=False, font='Arial', fontFiles=[], height=0.05, italic=False, languageStyle='LTR', name='text_5', opacity=1, ori=0.0, pos=array([0., 0.]), rgb=UNKNOWN, text=str(...), units='height', win=Window(...), wrapWidth=1)
21.9969 	EXP 	Created surround_practice_example = GratingStim(__class__=<class 'psychopy.visual.grating.GratingStim'>, anchor='center', autoDraw=False, autoLog=True, blendmode='avg', color=array([0.2, 0.2, 0.2]), colorSpace='rgb', contrast=0.2, depth=0.0, draggable=False, interpolate=True, mask='circle', maskParams=None, name='surround_practice_example', opacity=1, ori=1.0, phase=array([1., 1.]), pos=array([0., 0.]), rgbPedestal=array([0., 0., 0.]), sf=array([1., 1.]), size=array([1., 1.]), tex='sin', texRes=128.0, units='cm', win=Window(...))
21.9984 	EXP 	Created center_practice_example = GratingStim(__class__=<class 'psychopy.visual.grating.GratingStim'>, anchor='center', autoDraw=False, autoLog=True, blendmode='avg', color=array([1., 1., 1.]), colorSpace='rgb', contrast=1.0, depth=-1.0, draggable=False, interpolate=True, mask='circle', maskParams=None, name='center_practice_example', opacity=1, ori=1.0, phase=array([1., 1.]), pos=array([0., 0.]), rgbPedestal=array([0., 0., 0.]), sf=array([1., 1.]), size=array([1., 1.]), tex='sin', texRes=128.0, units='cm', win=Window(...))
22.0018 	EXP 	Created text_15 = TextStim(__class__=<class 'psychopy.visual.text.TextStim'>, alignHoriz=method-wrapper(...), alignText='center', alignVert=method-wrapper(...), anchorHoriz='center', anchorVert='center', antialias=True, autoDraw=False, autoLog=True, bold=False, color=array([1., 1., 1.]), colorSpace='rgb', contrast=1.0, depth=-3.0, draggable=False, flipHoriz=False, flipVert=False, font='Arial', fontFiles=[], height=0.05, italic=False, languageStyle='LTR', name='text_15', opacity=1, ori=0.0, pos=array([ 0., -2.]), rgb=UNKNOWN, text=str(...), units='height', win=Window(...), wrapWidth=1)
22.0078 	EXP 	Created text_6 = TextStim(__class__=<class 'psychopy.visual.text.TextStim'>, alignHoriz=method-wrapper(...), alignText='center', alignVert=method-wrapper(...), anchorHoriz='center', anchorVert='center', antialias=True, autoDraw=False, autoLog=True, bold=False, color=array([1., 1., 1.]), colorSpace='rgb', contrast=1.0, depth=0.0, draggable=False, flipHoriz=False, flipVert=False, font='Arial', fontFiles=[], height=0.05, italic=False, languageStyle='LTR', name='text_6', opacity=1, ori=0.0, pos=array([0., 0.]), rgb=UNKNOWN, text=str(...), units='height', win=Window(...), wrapWidth=1)
22.0094 	EXP 	Created surround_practice = GratingStim(__class__=<class 'psychopy.visual.grating.GratingStim'>, anchor='center', autoDraw=False, autoLog=True, blendmode='avg', color=array([0.2, 0.2, 0.2]), colorSpace='rgb', contrast=0.2, depth=-1.0, draggable=False, interpolate=True, mask='circle', maskParams=None, name='surround_practice', opacity=1, ori=1.0, phase=array([1., 1.]), pos=array([0., 0.]), rgbPedestal=array([0., 0., 0.]), sf=array([1., 1.]), size=array([1., 1.]), tex='sin', texRes=128.0, units='cm', win=Window(...))
22.0109 	EXP 	Created center_practice = GratingStim(__class__=<class 'psychopy.visual.grating.GratingStim'>, anchor='center', autoDraw=False, autoLog=True, blendmode='avg', color=array([1., 1., 1.]), colorSpace='rgb', contrast=1.0, depth=-2.0, draggable=False, interpolate=True, mask='circle', maskParams=None, name='center_practice', opacity=1, ori=1.0, phase=array([1., 1.]), pos=array([0., 0.]), rgbPedestal=array([0., 0., 0.]), sf=array([1., 1.]), size=array([1., 1.]), tex='sin', texRes=128.0, units='cm', win=Window(...))
22.0143 	EXP 	Created text_11 = TextStim(__class__=<class 'psychopy.visual.text.TextStim'>, alignHoriz=method-wrapper(...), alignText='center', alignVert=method-wrapper(...), anchorHoriz='center', anchorVert='center', antialias=True, autoDraw=False, autoLog=True, bold=False, color=array([1., 1., 1.]), colorSpace='rgb', contrast=1.0, depth=-4.0, draggable=False, flipHoriz=False, flipVert=False, font='Arial', fontFiles=[], height=0.05, italic=False, languageStyle='LTR', name='text_11', opacity=1, ori=0.0, pos=array([0., 0.]), rgb=UNKNOWN, text=str(...), units='height', win=Window(...), wrapWidth=1)
22.0148 	EXP 	Created text_7 = TextStim(__class__=<class 'psychopy.visual.text.TextStim'>, alignHoriz=method-wrapper(...), alignText='center', alignVert=method-wrapper(...), anchorHoriz='center', anchorVert='center', antialias=True, autoDraw=False, autoLog=True, bold=False, color=array([1., 1., 1.]), colorSpace='rgb', contrast=1.0, depth=-1.0, draggable=False, flipHoriz=False, flipVert=False, font='Arial', fontFiles=[], height=0.05, italic=False, languageStyle='LTR', name='text_7', opacity=1, ori=0.0, pos=array([0., 0.]), rgb=UNKNOWN, text='', units='height', win=Window(...), wrapWidth=1)
22.0212 	EXP 	Created text_8 = TextStim(__class__=<class 'psychopy.visual.text.TextStim'>, alignHoriz=method-wrapper(...), alignText='center', alignVert=method-wrapper(...), anchorHoriz='center', anchorVert='center', antialias=True, autoDraw=False, autoLog=True, bold=False, color=array([1., 1., 1.]), colorSpace='rgb', contrast=1.0, depth=0.0, draggable=False, flipHoriz=False, flipVert=False, font='Arial', fontFiles=[], height=0.05, italic=False, languageStyle='LTR', name='text_8', opacity=1, ori=0.0, pos=array([0., 0.]), rgb=UNKNOWN, text=str(...), units='height', win=Window(...), wrapWidth=1)
22.0228 	EXP 	Created surround_practice_2 = GratingStim(__class__=<class 'psychopy.visual.grating.GratingStim'>, anchor='center', autoDraw=False, autoLog=True, blendmode='avg', color=array([0.2, 0.2, 0.2]), colorSpace='rgb', contrast=0.2, depth=0.0, draggable=False, interpolate=True, mask='circle', maskParams=None, name='surround_practice_2', opacity=1.0, ori=1.0, phase=array([0., 0.]), pos=array([0., 0.]), rgbPedestal=array([0., 0., 0.]), sf=array([1., 1.]), size=array([1., 1.]), tex='sin', texRes=128.0, units='cm', win=Window(...))
22.0242 	EXP 	Created center_practice_2 = GratingStim(__class__=<class 'psychopy.visual.grating.GratingStim'>, anchor='center', autoDraw=False, autoLog=True, blendmode='avg', color=array([0.2, 0.2, 0.2]), colorSpace='rgb', contrast=0.2, depth=-1.0, draggable=False, interpolate=True, mask='circle', maskParams=None, name='center_practice_2', opacity=1, ori=1.0, phase=array([0., 0.]), pos=array([0., 0.]), rgbPedestal=array([0., 0., 0.]), sf=array([1., 1.]), size=array([2., 2.]), tex='sin', texRes=128.0, units='cm', win=Window(...))
22.0266 	EXP 	Created text_12 = TextStim(__class__=<class 'psychopy.visual.text.TextStim'>, alignHoriz=method-wrapper(...), alignText='center', alignVert=method-wrapper(...), anchorHoriz='center', anchorVert='center', antialias=True, autoDraw=False, autoLog=True, bold=False, color=array([1., 1., 1.]), colorSpace='rgb', contrast=1.0, depth=-3.0, draggable=False, flipHoriz=False, flipVert=False, font='Arial', fontFiles=[], height=0.05, italic=False, languageStyle='LTR', name='text_12', opacity=1, ori=0.0, pos=array([0., 0.]), rgb=UNKNOWN, text=str(...), units='height', win=Window(...), wrapWidth=1)
22.0271 	EXP 	Created text_7 = TextStim(__class__=<class 'psychopy.visual.text.TextStim'>, alignHoriz=method-wrapper(...), alignText='center', alignVert=method-wrapper(...), anchorHoriz='center', anchorVert='center', antialias=True, autoDraw=False, autoLog=True, bold=False, color=array([1., 1., 1.]), colorSpace='rgb', contrast=1.0, depth=-1.0, draggable=False, flipHoriz=False, flipVert=False, font='Arial', fontFiles=[], height=0.05, italic=False, languageStyle='LTR', name='text_7', opacity=1, ori=0.0, pos=array([0., 0.]), rgb=UNKNOWN, text='', units='height', win=Window(...), wrapWidth=1)
22.0377 	EXP 	Created text_13 = TextStim(__class__=<class 'psychopy.visual.text.TextStim'>, alignHoriz=method-wrapper(...), alignText='center', alignVert=method-wrapper(...), anchorHoriz='center', anchorVert='center', antialias=True, autoDraw=False, autoLog=True, bold=False, color=array([1., 1., 1.]), colorSpace='rgb', contrast=1.0, depth=0.0, draggable=False, flipHoriz=False, flipVert=False, font='Arial', fontFiles=[], height=0.05, italic=False, languageStyle='LTR', name='text_13', opacity=1, ori=0.0, pos=array([0., 0.]), rgb=UNKNOWN, text=str(...), units='height', win=Window(...), wrapWidth=1)
22.0393 	EXP 	Created surround_grating = GratingStim(__class__=<class 'psychopy.visual.grating.GratingStim'>, anchor='center', autoDraw=False, autoLog=True, blendmode='avg', color=array([0.2, 0.2, 0.2]), colorSpace='rgb', contrast=0.2, depth=-1.0, draggable=False, interpolate=True, mask='circle', maskParams=None, name='surround_grating', opacity=1.0, ori=1.0, phase=array([1., 1.]), pos=array([0., 0.]), rgbPedestal=array([0., 0., 0.]), sf=array([1., 1.]), size=array([1., 1.]), tex='sin', texRes=128.0, units='cm', win=Window(...))
22.0408 	EXP 	Created center_grating = GratingStim(__class__=<class 'psychopy.visual.grating.GratingStim'>, anchor='center', autoDraw=False, autoLog=True, blendmode='avg', color=array([0.2, 0.2, 0.2]), colorSpace='rgb', contrast=0.2, depth=-2.0, draggable=False, interpolate=True, mask='circle', maskParams=None, name='center_grating', opacity=1, ori=1.0, phase=array([1., 1.]), pos=array([0., 0.]), rgbPedestal=array([0., 0., 0.]), sf=array([1., 1.]), size=array([1., 1.]), tex='sin', texRes=128.0, units='cm', win=Window(...))
22.0440 	EXP 	Created text_2 = TextStim(__class__=<class 'psychopy.visual.text.TextStim'>, alignHoriz=method-wrapper(...), alignText='center', alignVert=method-wrapper(...), anchorHoriz='center', anchorVert='center', antialias=True, autoDraw=False, autoLog=True, bold=False, color=array([1., 1., 1.]), colorSpace='rgb', contrast=1.0, depth=0.0, draggable=False, flipHoriz=False, flipVert=False, font='Arial', fontFiles=[], height=0.05, italic=False, languageStyle='LTR', name='text_2', opacity=1, ori=0.0, pos=array([0., 0.]), rgb=UNKNOWN, text=str(...), units='height', win=Window(...), wrapWidth=1)
22.0458 	EXP 	Created text_14 = TextStim(__class__=<class 'psychopy.visual.text.TextStim'>, alignHoriz=method-wrapper(...), alignText='center', alignVert=method-wrapper(...), anchorHoriz='center', anchorVert='center', antialias=True, autoDraw=False, autoLog=True, bold=False, color=array([1., 1., 1.]), colorSpace='rgb', contrast=1.0, depth=0.0, draggable=False, flipHoriz=False, flipVert=False, font='Arial', fontFiles=[], height=0.05, italic=False, languageStyle='LTR', name='text_14', opacity=1, ori=0.0, pos=array([0., 0.]), rgb=UNKNOWN, text='thank you and have a pleasant day ', units='height', win=Window(...), wrapWidth=1)
0.0156 	INFO 	Keyboard events cleared
0.0153 	EXP 	text_5: autoDraw = True
1.0307 	DATA 	Keypress: space
1.0352 	INFO 	Keyboard events cleared
1.0348 	WARNING 	t of last frame was 37.91ms (=1/26)
1.0348 	EXP 	text_5: autoDraw = False
1.0348 	EXP 	surround_practice_example: ori = 30.0
1.0348 	EXP 	surround_practice_example: sf = array([2.5, 2.5])
1.0348 	EXP 	surround_practice_example: phase = array([0., 0.])
1.0348 	EXP 	center_practice_example: ori = 15.0
1.0348 	EXP 	center_practice_example: sf = array([2.5, 2.5])
1.0348 	EXP 	center_practice_example: phase = array([0., 0.])
1.0348 	EXP 	surround_practice_example: autoDraw = True
1.0348 	EXP 	center_practice_example: autoDraw = True
1.0348 	EXP 	text_15: autoDraw = True
1.0348 	EXP 	surround_practice_example: tex = 'sin'
1.0348 	EXP 	center_practice_example: tex = 'sin'
3.7480 	DATA 	Keypress: space
3.7521 	INFO 	Keyboard events cleared
3.7517 	EXP 	surround_practice_example: autoDraw = False
3.7517 	EXP 	center_practice_example: autoDraw = False
3.7517 	EXP 	text_15: autoDraw = False
3.7517 	EXP 	text_6: autoDraw = True
4.7141 	DATA 	Keypress: escape
4.7176 	WARNING 	t of last frame was 26.14ms (=1/38)
4.8102 	EXP 	tilt_mocs: status = STOPPED
4.8140 	EXP 	text_6: autoDraw = False
4.8157 	EXP 	tilt_mocs: status = STOPPED
4.8178 	INFO 	saved data to '/Users/cpcr/Documents/tilt/tilt_mocs/data/sub-21041111/ses-0/sub-21041111_ses-0_exp-tiltmocs_2025-11-30_17h55.38.126.csv'
4.8181 	INFO 	saved data to /Users/cpcr/Documents/tilt/tilt_mocs/data/sub-21041111/ses-0/sub-21041111_ses-0_exp-tiltmocs_2025-11-30_17h55.38.126.psydat
5.3677 	DEBUG 	Saving data for tilt_mocs ExperimentHandler
