10.7551 	INFO 	Loaded monitor calibration from ['2025_08_13 14:32']
10.9606 	EXP 	Created window1 = Window(allowGUI=False, allowStencil=False, autoLog=True, backendConf=UNKNOWN, backgroundFit=<method-wrapper '__getattribute__' of attributeSetter object at 0x7f914ab52f10>, backgroundImage=<method-wrapper '__getattribute__' of attributeSetter object at 0x7f914ab52e20>, bitsMode=UNKNOWN, blendMode='avg', bpc=(8, 8, 8), color=array([0, 0, 0]), colorSpace='rgb', depthBits=8, fullscr=True, gamma=None, gammaErrorPolicy='raise', infoMsg=UNKNOWN, lms=UNKNOWN, monitor=<psychopy.monitors.calibTools.Monitor object at 0x7f914ac3b940>, multiSample=False, name='window1', numSamples=2, pos=[0.0, 0.0], screen=0, size=array([2880, 1800]), stencilBits=0, stereo=False, title='PsychoPy', units='height', useFBO=True, useRetina=True, viewOri=0.0, viewPos=None, viewScale=None, waitBlanking=True, winType='pyglet')
10.9607 	EXP 	window1: backgroundImage = ''
10.9607 	EXP 	window1: backgroundFit = 'none'
11.0091 	EXP 	window1: Attempting to measure frame rate of screen (0) ...
11.0091 	EXP 	window1: recordFrameIntervals = False
11.2347 	EXP 	window1: recordFrameIntervals = True
12.0740 	WARNING 	Couldn't measure a consistent frame rate!
  - Is your graphics card set to sync to vertical blank?
  - Are you running other processes on your computer?

15.4853 	INFO 	keyboard.Keyboard is using iohub backend.
15.4854 	INFO 	keyboard.Keyboard is using iohub backend.
15.4854 	INFO 	keyboard.Keyboard is using iohub backend.
15.4854 	INFO 	keyboard.Keyboard is using iohub backend.
15.4854 	INFO 	keyboard.Keyboard is using iohub backend.
15.4854 	INFO 	keyboard.Keyboard is using iohub backend.
15.4855 	INFO 	keyboard.Keyboard is using iohub backend.
15.4855 	INFO 	keyboard.Keyboard is using iohub backend.
15.4855 	INFO 	keyboard.Keyboard is using iohub backend.
15.4855 	INFO 	keyboard.Keyboard is using iohub backend.
15.4855 	EXP 	tilt_mocs: status = STARTED
15.8825 	EXP 	Created text_5 = TextStim(__class__=<class 'psychopy.visual.text.TextStim'>, alignHoriz=method-wrapper(...), alignText='center', alignVert=method-wrapper(...), anchorHoriz='center', anchorVert='center', antialias=True, autoDraw=False, autoLog=True, bold=False, color=array([1., 1., 1.]), colorSpace='rgb', contrast=1.0, depth=-1.0, draggable=False, flipHoriz=False, flipVert=False, font='Arial', fontFiles=[], height=0.05, italic=False, languageStyle='LTR', name='text_5', opacity=1, ori=0.0, pos=array([0., 0.]), rgb=UNKNOWN, text=str(...), units='height', win=Window(...), wrapWidth=1)
15.8898 	EXP 	Created text_6 = TextStim(__class__=<class 'psychopy.visual.text.TextStim'>, alignHoriz=method-wrapper(...), alignText='center', alignVert=method-wrapper(...), anchorHoriz='center', anchorVert='center', antialias=True, autoDraw=False, autoLog=True, bold=False, color=array([1., 1., 1.]), colorSpace='rgb', contrast=1.0, depth=0.0, draggable=False, flipHoriz=False, flipVert=False, font='Arial', fontFiles=[], height=0.05, italic=False, languageStyle='LTR', name='text_6', opacity=1, ori=0.0, pos=array([0., 0.]), rgb=UNKNOWN, text=str(...), units='height', win=Window(...), wrapWidth=1)
15.8922 	EXP 	Created surround_practice = GratingStim(__class__=<class 'psychopy.visual.grating.GratingStim'>, anchor='center', autoDraw=False, autoLog=True, blendmode='avg', color=array([0.2, 0.2, 0.2]), colorSpace='rgb', contrast=0.2, depth=-1.0, draggable=False, interpolate=True, mask='circle', maskParams=None, name='surround_practice', opacity=1, ori=1.0, phase=array([1., 1.]), pos=array([0., 0.]), rgbPedestal=array([0., 0., 0.]), sf=array([1., 1.]), size=array([1., 1.]), tex='sin', texRes=128.0, units='cm', win=Window(...))
15.8938 	EXP 	Created center_practice = GratingStim(__class__=<class 'psychopy.visual.grating.GratingStim'>, anchor='center', autoDraw=False, autoLog=True, blendmode='avg', color=array([1., 1., 1.]), colorSpace='rgb', contrast=1.0, depth=-2.0, draggable=False, interpolate=True, mask='circle', maskParams=None, name='center_practice', opacity=1, ori=1.0, phase=array([1., 1.]), pos=array([0., 0.]), rgbPedestal=array([0., 0., 0.]), sf=array([1., 1.]), size=array([1., 1.]), tex='sin', texRes=128.0, units='cm', win=Window(...))
15.8979 	EXP 	Created text_11 = TextStim(__class__=<class 'psychopy.visual.text.TextStim'>, alignHoriz=method-wrapper(...), alignText='center', alignVert=method-wrapper(...), anchorHoriz='center', anchorVert='center', antialias=True, autoDraw=False, autoLog=True, bold=False, color=array([1., 1., 1.]), colorSpace='rgb', contrast=1.0, depth=-4.0, draggable=False, flipHoriz=False, flipVert=False, font='Arial', fontFiles=[], height=0.05, italic=False, languageStyle='LTR', name='text_11', opacity=1, ori=0.0, pos=array([0., 0.]), rgb=UNKNOWN, text=str(...), units='height', win=Window(...), wrapWidth=1)
15.8984 	EXP 	Created text_7 = TextStim(__class__=<class 'psychopy.visual.text.TextStim'>, alignHoriz=method-wrapper(...), alignText='center', alignVert=method-wrapper(...), anchorHoriz='center', anchorVert='center', antialias=True, autoDraw=False, autoLog=True, bold=False, color=array([1., 1., 1.]), colorSpace='rgb', contrast=1.0, depth=-1.0, draggable=False, flipHoriz=False, flipVert=False, font='Arial', fontFiles=[], height=0.05, italic=False, languageStyle='LTR', name='text_7', opacity=1, ori=0.0, pos=array([0., 0.]), rgb=UNKNOWN, text='', units='height', win=Window(...), wrapWidth=1)
15.9059 	EXP 	Created text_8 = TextStim(__class__=<class 'psychopy.visual.text.TextStim'>, alignHoriz=method-wrapper(...), alignText='center', alignVert=method-wrapper(...), anchorHoriz='center', anchorVert='center', antialias=True, autoDraw=False, autoLog=True, bold=False, color=array([1., 1., 1.]), colorSpace='rgb', contrast=1.0, depth=0.0, draggable=False, flipHoriz=False, flipVert=False, font='Arial', fontFiles=[], height=0.05, italic=False, languageStyle='LTR', name='text_8', opacity=1, ori=0.0, pos=array([0., 0.]), rgb=UNKNOWN, text=str(...), units='height', win=Window(...), wrapWidth=1)
15.9075 	EXP 	Created surround_practice_2 = GratingStim(__class__=<class 'psychopy.visual.grating.GratingStim'>, anchor='center', autoDraw=False, autoLog=True, blendmode='avg', color=array([0.2, 0.2, 0.2]), colorSpace='rgb', contrast=0.2, depth=0.0, draggable=False, interpolate=True, mask='circle', maskParams=None, name='surround_practice_2', opacity=1.0, ori=1.0, phase=array([0., 0.]), pos=array([0., 0.]), rgbPedestal=array([0., 0., 0.]), sf=array([1., 1.]), size=array([1., 1.]), tex='sin', texRes=128.0, units='cm', win=Window(...))
15.9090 	EXP 	Created center_practice_2 = GratingStim(__class__=<class 'psychopy.visual.grating.GratingStim'>, anchor='center', autoDraw=False, autoLog=True, blendmode='avg', color=array([0.2, 0.2, 0.2]), colorSpace='rgb', contrast=0.2, depth=-1.0, draggable=False, interpolate=True, mask='circle', maskParams=None, name='center_practice_2', opacity=1, ori=1.0, phase=array([0., 0.]), pos=array([0., 0.]), rgbPedestal=array([0., 0., 0.]), sf=array([1., 1.]), size=array([2., 2.]), tex='sin', texRes=128.0, units='cm', win=Window(...))
15.9115 	EXP 	Created text_12 = TextStim(__class__=<class 'psychopy.visual.text.TextStim'>, alignHoriz=method-wrapper(...), alignText='center', alignVert=method-wrapper(...), anchorHoriz='center', anchorVert='center', antialias=True, autoDraw=False, autoLog=True, bold=False, color=array([1., 1., 1.]), colorSpace='rgb', contrast=1.0, depth=-3.0, draggable=False, flipHoriz=False, flipVert=False, font='Arial', fontFiles=[], height=0.05, italic=False, languageStyle='LTR', name='text_12', opacity=1, ori=0.0, pos=array([0., 0.]), rgb=UNKNOWN, text=str(...), units='height', win=Window(...), wrapWidth=1)
15.9120 	EXP 	Created text_7 = TextStim(__class__=<class 'psychopy.visual.text.TextStim'>, alignHoriz=method-wrapper(...), alignText='center', alignVert=method-wrapper(...), anchorHoriz='center', anchorVert='center', antialias=True, autoDraw=False, autoLog=True, bold=False, color=array([1., 1., 1.]), colorSpace='rgb', contrast=1.0, depth=-1.0, draggable=False, flipHoriz=False, flipVert=False, font='Arial', fontFiles=[], height=0.05, italic=False, languageStyle='LTR', name='text_7', opacity=1, ori=0.0, pos=array([0., 0.]), rgb=UNKNOWN, text='', units='height', win=Window(...), wrapWidth=1)
15.9254 	EXP 	Created text_13 = TextStim(__class__=<class 'psychopy.visual.text.TextStim'>, alignHoriz=method-wrapper(...), alignText='center', alignVert=method-wrapper(...), anchorHoriz='center', anchorVert='center', antialias=True, autoDraw=False, autoLog=True, bold=False, color=array([1., 1., 1.]), colorSpace='rgb', contrast=1.0, depth=0.0, draggable=False, flipHoriz=False, flipVert=False, font='Arial', fontFiles=[], height=0.05, italic=False, languageStyle='LTR', name='text_13', opacity=1, ori=0.0, pos=array([0., 0.]), rgb=UNKNOWN, text=str(...), units='height', win=Window(...), wrapWidth=1)
15.9272 	EXP 	Created surround_grating = GratingStim(__class__=<class 'psychopy.visual.grating.GratingStim'>, anchor='center', autoDraw=False, autoLog=True, blendmode='avg', color=array([0.2, 0.2, 0.2]), colorSpace='rgb', contrast=0.2, depth=-1.0, draggable=False, interpolate=True, mask='circle', maskParams=None, name='surround_grating', opacity=1.0, ori=1.0, phase=array([1., 1.]), pos=array([0., 0.]), rgbPedestal=array([0., 0., 0.]), sf=array([1., 1.]), size=array([1., 1.]), tex='sin', texRes=128.0, units='cm', win=Window(...))
15.9288 	EXP 	Created center_grating = GratingStim(__class__=<class 'psychopy.visual.grating.GratingStim'>, anchor='center', autoDraw=False, autoLog=True, blendmode='avg', color=array([0.2, 0.2, 0.2]), colorSpace='rgb', contrast=0.2, depth=-2.0, draggable=False, interpolate=True, mask='circle', maskParams=None, name='center_grating', opacity=1, ori=1.0, phase=array([1., 1.]), pos=array([0., 0.]), rgbPedestal=array([0., 0., 0.]), sf=array([1., 1.]), size=array([1., 1.]), tex='sin', texRes=128.0, units='cm', win=Window(...))
15.9325 	EXP 	Created text_2 = TextStim(__class__=<class 'psychopy.visual.text.TextStim'>, alignHoriz=method-wrapper(...), alignText='center', alignVert=method-wrapper(...), anchorHoriz='center', anchorVert='center', antialias=True, autoDraw=False, autoLog=True, bold=False, color=array([1., 1., 1.]), colorSpace='rgb', contrast=1.0, depth=0.0, draggable=False, flipHoriz=False, flipVert=False, font='Arial', fontFiles=[], height=0.05, italic=False, languageStyle='LTR', name='text_2', opacity=1, ori=0.0, pos=array([0., 0.]), rgb=UNKNOWN, text=str(...), units='height', win=Window(...), wrapWidth=1)
15.9345 	EXP 	Created text_14 = TextStim(__class__=<class 'psychopy.visual.text.TextStim'>, alignHoriz=method-wrapper(...), alignText='center', alignVert=method-wrapper(...), anchorHoriz='center', anchorVert='center', antialias=True, autoDraw=False, autoLog=True, bold=False, color=array([1., 1., 1.]), colorSpace='rgb', contrast=1.0, depth=0.0, draggable=False, flipHoriz=False, flipVert=False, font='Arial', fontFiles=[], height=0.05, italic=False, languageStyle='LTR', name='text_14', opacity=1, ori=0.0, pos=array([0., 0.]), rgb=UNKNOWN, text='thank you and have a pleasant day ', units='height', win=Window(...), wrapWidth=1)
0.0245 	INFO 	Keyboard events cleared
0.0240 	EXP 	text_5: autoDraw = True
1.6499 	DATA 	Keypress: space
1.6551 	INFO 	Keyboard events cleared
1.6546 	WARNING 	t of last frame was 65.98ms (=1/15)
1.6546 	EXP 	text_5: autoDraw = False
1.6546 	EXP 	text_6: autoDraw = True
1.8270 	EXP 	Imported tilt_practice_1.csv as conditions, 4 conditions, 3 params
1.8274 	EXP 	New trial (rep=0, index=0): <Trial 0 (0 in rep 0) data={'center': 30, 'surround': 0, 'correct': 'right', 'thisN': 0, 'thisTrialN': 0, 'thisRepN': 0}>
1.8314 	DATA 	Keypress: space
1.8367 	INFO 	Keyboard events cleared
1.8364 	EXP 	text_6: autoDraw = False
1.8364 	EXP 	surround_practice: ori = 0.0
1.8364 	EXP 	surround_practice: sf = array([2.5, 2.5])
1.8364 	EXP 	surround_practice: phase = array([0.58252645, 0.58252645])
1.8364 	EXP 	center_practice: ori = 30.0
1.8364 	EXP 	center_practice: sf = array([2.5, 2.5])
1.8364 	EXP 	center_practice: phase = array([0.07508514, 0.07508514])
1.9915 	DATA 	Keypress: space
2.3338 	WARNING 	t of last frame was 29.78ms (=1/33)
2.3338 	EXP 	surround_practice: autoDraw = True
2.3338 	EXP 	center_practice: autoDraw = True
2.3338 	EXP 	surround_practice: tex = 'sin'
2.3338 	EXP 	center_practice: tex = 'sin'
2.9251 	DATA 	Keypress: right
2.9291 	WARNING 	t of last frame was 57.70ms (=1/17)
2.9291 	EXP 	surround_practice: autoDraw = False
2.9291 	EXP 	center_practice: autoDraw = False
2.9291 	EXP 	text_11: autoDraw = False
2.9291 	EXP 	text_7: height = 0.05
2.9291 	EXP 	text_7: height = 0.05
2.9291 	EXP 	text_7: height = 0.05
2.9291 	EXP 	text_7: text = 'Correct'
2.9291 	EXP 	text_7: autoDraw = True
4.3846 	EXP 	New trial (rep=0, index=1): <Trial 1 (1 in rep 0) data={'center': -30, 'surround': 0, 'correct': 'left', 'thisN': 1, 'thisTrialN': 1, 'thisRepN': 0}>
4.3915 	INFO 	Keyboard events cleared
4.3910 	EXP 	text_7: autoDraw = False
4.3910 	EXP 	surround_practice: ori = 0.0
4.3910 	EXP 	surround_practice: sf = array([2.5, 2.5])
4.3910 	EXP 	surround_practice: phase = array([0.3539247, 0.3539247])
4.3910 	EXP 	center_practice: ori = -30.0
4.3910 	EXP 	center_practice: sf = array([2.5, 2.5])
4.3910 	EXP 	center_practice: phase = array([0.21483444, 0.21483444])
4.8740 	EXP 	surround_practice: autoDraw = True
4.8740 	EXP 	center_practice: autoDraw = True
5.2105 	DATA 	Keypress: left
5.2165 	EXP 	surround_practice: autoDraw = False
5.2165 	EXP 	center_practice: autoDraw = False
5.2165 	EXP 	text_11: autoDraw = False
5.2165 	EXP 	text_7: text = 'Correct'
5.2165 	EXP 	text_7: autoDraw = True
6.7021 	EXP 	New trial (rep=0, index=2): <Trial 2 (2 in rep 0) data={'center': 30, 'surround': 60, 'correct': 'right', 'thisN': 2, 'thisTrialN': 2, 'thisRepN': 0}>
6.7093 	INFO 	Keyboard events cleared
6.7087 	EXP 	text_7: autoDraw = False
6.7087 	EXP 	text_7: autoDraw = False
6.7087 	EXP 	surround_practice: ori = 60.0
6.7087 	EXP 	surround_practice: sf = array([2.5, 2.5])
6.7087 	EXP 	surround_practice: phase = array([0.85855064, 0.85855064])
6.7087 	EXP 	center_practice: ori = 30.0
6.7087 	EXP 	center_practice: sf = array([2.5, 2.5])
6.7087 	EXP 	center_practice: phase = array([0.43373092, 0.43373092])
7.2090 	EXP 	surround_practice: autoDraw = True
7.2090 	EXP 	center_practice: autoDraw = True
7.4625 	DATA 	Keypress: escape
7.6362 	EXP 	tilt_mocs: status = STOPPED
7.6407 	EXP 	surround_practice: autoDraw = False
7.6407 	EXP 	center_practice: autoDraw = False
7.6408 	EXP 	tilt_mocs: status = STOPPED
7.6466 	INFO 	saved data to '/Users/bwinsto2/Documents/Documents - BV-PCR-VPJVMF3/Github/tilt/tilt_mocs/data/sub-21049999/ses-0/sub-21049999_ses-0_exp-tiltmocs_2025-10-18_11h45.54.183.csv'
7.6480 	INFO 	saved data to /Users/bwinsto2/Documents/Documents - BV-PCR-VPJVMF3/Github/tilt/tilt_mocs/data/sub-21049999/ses-0/sub-21049999_ses-0_exp-tiltmocs_2025-10-18_11h45.54.183.psydat
